Archive member included to satisfy reference by file (symbol)

c:/st/stm32cubeide_1.7.0/stm32cubeide/plugins/com.st.stm32cube.ide.mcu.externaltools.gnu-tools-for-stm32.10.3-2021.10.win32_1.0.0.202111181127/tools/bin/../lib/gcc/arm-none-eabi/10.3.1/../../../../arm-none-eabi/lib/thumb/v7e-m+fp/hard\libc_nano.a(lib_a-errno.o)
                              ./Core/Src/syscalls.o (__errno)
c:/st/stm32cubeide_1.7.0/stm32cubeide/plugins/com.st.stm32cube.ide.mcu.externaltools.gnu-tools-for-stm32.10.3-2021.10.win32_1.0.0.202111181127/tools/bin/../lib/gcc/arm-none-eabi/10.3.1/../../../../arm-none-eabi/lib/thumb/v7e-m+fp/hard\libc_nano.a(lib_a-exit.o)
                              c:/st/stm32cubeide_1.7.0/stm32cubeide/plugins/com.st.stm32cube.ide.mcu.externaltools.gnu-tools-for-stm32.10.3-2021.10.win32_1.0.0.202111181127/tools/bin/../lib/gcc/arm-none-eabi/10.3.1/../../../../arm-none-eabi/lib/thumb/v7e-m+fp/hard/crt0.o (exit)
c:/st/stm32cubeide_1.7.0/stm32cubeide/plugins/com.st.stm32cube.ide.mcu.externaltools.gnu-tools-for-stm32.10.3-2021.10.win32_1.0.0.202111181127/tools/bin/../lib/gcc/arm-none-eabi/10.3.1/../../../../arm-none-eabi/lib/thumb/v7e-m+fp/hard\libc_nano.a(lib_a-impure.o)
                              c:/st/stm32cubeide_1.7.0/stm32cubeide/plugins/com.st.stm32cube.ide.mcu.externaltools.gnu-tools-for-stm32.10.3-2021.10.win32_1.0.0.202111181127/tools/bin/../lib/gcc/arm-none-eabi/10.3.1/../../../../arm-none-eabi/lib/thumb/v7e-m+fp/hard\libc_nano.a(lib_a-exit.o) (_global_impure_ptr)
c:/st/stm32cubeide_1.7.0/stm32cubeide/plugins/com.st.stm32cube.ide.mcu.externaltools.gnu-tools-for-stm32.10.3-2021.10.win32_1.0.0.202111181127/tools/bin/../lib/gcc/arm-none-eabi/10.3.1/../../../../arm-none-eabi/lib/thumb/v7e-m+fp/hard\libc_nano.a(lib_a-init.o)
                              c:/st/stm32cubeide_1.7.0/stm32cubeide/plugins/com.st.stm32cube.ide.mcu.externaltools.gnu-tools-for-stm32.10.3-2021.10.win32_1.0.0.202111181127/tools/bin/../lib/gcc/arm-none-eabi/10.3.1/../../../../arm-none-eabi/lib/thumb/v7e-m+fp/hard/crt0.o (__libc_init_array)
c:/st/stm32cubeide_1.7.0/stm32cubeide/plugins/com.st.stm32cube.ide.mcu.externaltools.gnu-tools-for-stm32.10.3-2021.10.win32_1.0.0.202111181127/tools/bin/../lib/gcc/arm-none-eabi/10.3.1/../../../../arm-none-eabi/lib/thumb/v7e-m+fp/hard\libc_nano.a(lib_a-memcmp.o)
                              ./Core/Src/status.o (memcmp)
c:/st/stm32cubeide_1.7.0/stm32cubeide/plugins/com.st.stm32cube.ide.mcu.externaltools.gnu-tools-for-stm32.10.3-2021.10.win32_1.0.0.202111181127/tools/bin/../lib/gcc/arm-none-eabi/10.3.1/../../../../arm-none-eabi/lib/thumb/v7e-m+fp/hard\libc_nano.a(lib_a-memset.o)
                              c:/st/stm32cubeide_1.7.0/stm32cubeide/plugins/com.st.stm32cube.ide.mcu.externaltools.gnu-tools-for-stm32.10.3-2021.10.win32_1.0.0.202111181127/tools/bin/../lib/gcc/arm-none-eabi/10.3.1/../../../../arm-none-eabi/lib/thumb/v7e-m+fp/hard/crt0.o (memset)
c:/st/stm32cubeide_1.7.0/stm32cubeide/plugins/com.st.stm32cube.ide.mcu.externaltools.gnu-tools-for-stm32.10.3-2021.10.win32_1.0.0.202111181127/tools/bin/../lib/gcc/arm-none-eabi/10.3.1/thumb/v7e-m+fp/hard\libgcc.a(_aeabi_uldivmod.o)
                              ./Drivers/STM32F4xx_HAL_Driver/Src/stm32f4xx_hal_rcc.o (__aeabi_uldivmod)
c:/st/stm32cubeide_1.7.0/stm32cubeide/plugins/com.st.stm32cube.ide.mcu.externaltools.gnu-tools-for-stm32.10.3-2021.10.win32_1.0.0.202111181127/tools/bin/../lib/gcc/arm-none-eabi/10.3.1/thumb/v7e-m+fp/hard\libgcc.a(_udivmoddi4.o)
                              c:/st/stm32cubeide_1.7.0/stm32cubeide/plugins/com.st.stm32cube.ide.mcu.externaltools.gnu-tools-for-stm32.10.3-2021.10.win32_1.0.0.202111181127/tools/bin/../lib/gcc/arm-none-eabi/10.3.1/thumb/v7e-m+fp/hard\libgcc.a(_aeabi_uldivmod.o) (__udivmoddi4)
c:/st/stm32cubeide_1.7.0/stm32cubeide/plugins/com.st.stm32cube.ide.mcu.externaltools.gnu-tools-for-stm32.10.3-2021.10.win32_1.0.0.202111181127/tools/bin/../lib/gcc/arm-none-eabi/10.3.1/thumb/v7e-m+fp/hard\libgcc.a(_dvmd_tls.o)
                              c:/st/stm32cubeide_1.7.0/stm32cubeide/plugins/com.st.stm32cube.ide.mcu.externaltools.gnu-tools-for-stm32.10.3-2021.10.win32_1.0.0.202111181127/tools/bin/../lib/gcc/arm-none-eabi/10.3.1/thumb/v7e-m+fp/hard\libgcc.a(_aeabi_uldivmod.o) (__aeabi_ldiv0)

Discarded input sections

 .text          0x0000000000000000        0x0 c:/st/stm32cubeide_1.7.0/stm32cubeide/plugins/com.st.stm32cube.ide.mcu.externaltools.gnu-tools-for-stm32.10.3-2021.10.win32_1.0.0.202111181127/tools/bin/../lib/gcc/arm-none-eabi/10.3.1/thumb/v7e-m+fp/hard/crti.o
 .data          0x0000000000000000        0x0 c:/st/stm32cubeide_1.7.0/stm32cubeide/plugins/com.st.stm32cube.ide.mcu.externaltools.gnu-tools-for-stm32.10.3-2021.10.win32_1.0.0.202111181127/tools/bin/../lib/gcc/arm-none-eabi/10.3.1/thumb/v7e-m+fp/hard/crti.o
[...]
Memory Configuration

Name             Origin             Length             Attributes
RAM              0x0000000020000000 0x0000000000020000 xrw
FLASH            0x0000000008000000 0x0000000000080000 xr
*default*        0x0000000000000000 0xffffffffffffffff

Linker script and memory map

LOAD c:/st/stm32cubeide_1.7.0/stm32cubeide/plugins/com.st.stm32cube.ide.mcu.externaltools.gnu-tools-for-stm32.10.3-2021.10.win32_1.0.0.202111181127/tools/bin/../lib/gcc/arm-none-eabi/10.3.1/thumb/v7e-m+fp/hard/crti.o
LOAD c:/st/stm32cubeide_1.7.0/stm32cubeide/plugins/com.st.stm32cube.ide.mcu.externaltools.gnu-tools-for-stm32.10.3-2021.10.win32_1.0.0.202111181127/tools/bin/../lib/gcc/arm-none-eabi/10.3.1/thumb/v7e-m+fp/hard/crtbegin.o
LOAD c:/st/stm32cubeide_1.7.0/stm32cubeide/plugins/com.st.stm32cube.ide.mcu.externaltools.gnu-tools-for-stm32.10.3-2021.10.win32_1.0.0.202111181127/tools/bin/../lib/gcc/arm-none-eabi/10.3.1/../../../../arm-none-eabi/lib/thumb/v7e-m+fp/hard/crt0.o
LOAD ./Core/Src/adc.o
LOAD ./Core/Src/delay.o
LOAD ./Core/Src/gpio.o
LOAD ./Core/Src/main.o
LOAD ./Core/Src/protocol.o
LOAD ./Core/Src/result.o
LOAD ./Core/Src/status.o
LOAD ./Core/Src/stm32f4xx_hal_msp.o
LOAD ./Core/Src/stm32f4xx_it.o
LOAD ./Core/Src/switch.o
LOAD ./Core/Src/syscalls.o
LOAD ./Core/Src/sysmem.o
LOAD ./Core/Src/system_stm32f4xx.o
LOAD ./Core/Src/tim.o
LOAD ./Core/Src/usart.o
LOAD ./Core/Startup/startup_stm32f446retx.o
LOAD ./Drivers/STM32F4xx_HAL_Driver/Src/stm32f4xx_hal.o
LOAD ./Drivers/STM32F4xx_HAL_Driver/Src/stm32f4xx_hal_adc.o
LOAD ./Drivers/STM32F4xx_HAL_Driver/Src/stm32f4xx_hal_adc_ex.o
LOAD ./Drivers/STM32F4xx_HAL_Driver/Src/stm32f4xx_hal_cortex.o
LOAD ./Drivers/STM32F4xx_HAL_Driver/Src/stm32f4xx_hal_dma.o
LOAD ./Drivers/STM32F4xx_HAL_Driver/Src/stm32f4xx_hal_dma_ex.o
LOAD ./Drivers/STM32F4xx_HAL_Driver/Src/stm32f4xx_hal_exti.o
LOAD ./Drivers/STM32F4xx_HAL_Driver/Src/stm32f4xx_hal_flash.o
LOAD ./Drivers/STM32F4xx_HAL_Driver/Src/stm32f4xx_hal_flash_ex.o
LOAD ./Drivers/STM32F4xx_HAL_Driver/Src/stm32f4xx_hal_flash_ramfunc.o
LOAD ./Drivers/STM32F4xx_HAL_Driver/Src/stm32f4xx_hal_gpio.o
LOAD ./Drivers/STM32F4xx_HAL_Driver/Src/stm32f4xx_hal_pwr.o
LOAD ./Drivers/STM32F4xx_HAL_Driver/Src/stm32f4xx_hal_pwr_ex.o
LOAD ./Drivers/STM32F4xx_HAL_Driver/Src/stm32f4xx_hal_rcc.o
LOAD ./Drivers/STM32F4xx_HAL_Driver/Src/stm32f4xx_hal_rcc_ex.o
LOAD ./Drivers/STM32F4xx_HAL_Driver/Src/stm32f4xx_hal_tim.o
LOAD ./Drivers/STM32F4xx_HAL_Driver/Src/stm32f4xx_hal_tim_ex.o
LOAD ./Drivers/STM32F4xx_HAL_Driver/Src/stm32f4xx_hal_uart.o
LOAD ./Drivers/STM32F4xx_HAL_Driver/Src/stm32f4xx_ll_adc.o
LOAD ./Drivers/STM32F4xx_HAL_Driver/Src/stm32f4xx_ll_dma.o
LOAD ./Drivers/STM32F4xx_HAL_Driver/Src/stm32f4xx_ll_exti.o
LOAD ./Drivers/STM32F4xx_HAL_Driver/Src/stm32f4xx_ll_gpio.o
LOAD ./Drivers/STM32F4xx_HAL_Driver/Src/stm32f4xx_ll_rcc.o
LOAD ./Drivers/STM32F4xx_HAL_Driver/Src/stm32f4xx_ll_usart.o
LOAD ./Drivers/STM32F4xx_HAL_Driver/Src/stm32f4xx_ll_utils.o
START GROUP
LOAD c:/st/stm32cubeide_1.7.0/stm32cubeide/plugins/com.st.stm32cube.ide.mcu.externaltools.gnu-tools-for-stm32.10.3-2021.10.win32_1.0.0.202111181127/tools/bin/../lib/gcc/arm-none-eabi/10.3.1/../../../../arm-none-eabi/lib/thumb/v7e-m+fp/hard\libc_nano.a
LOAD c:/st/stm32cubeide_1.7.0/stm32cubeide/plugins/com.st.stm32cube.ide.mcu.externaltools.gnu-tools-for-stm32.10.3-2021.10.win32_1.0.0.202111181127/tools/bin/../lib/gcc/arm-none-eabi/10.3.1/../../../../arm-none-eabi/lib/thumb/v7e-m+fp/hard\libm.a
END GROUP
START GROUP
LOAD c:/st/stm32cubeide_1.7.0/stm32cubeide/plugins/com.st.stm32cube.ide.mcu.externaltools.gnu-tools-for-stm32.10.3-2021.10.win32_1.0.0.202111181127/tools/bin/../lib/gcc/arm-none-eabi/10.3.1/thumb/v7e-m+fp/hard\libgcc.a
LOAD c:/st/stm32cubeide_1.7.0/stm32cubeide/plugins/com.st.stm32cube.ide.mcu.externaltools.gnu-tools-for-stm32.10.3-2021.10.win32_1.0.0.202111181127/tools/bin/../lib/gcc/arm-none-eabi/10.3.1/../../../../arm-none-eabi/lib/thumb/v7e-m+fp/hard\libc_nano.a
END GROUP
START GROUP
LOAD c:/st/stm32cubeide_1.7.0/stm32cubeide/plugins/com.st.stm32cube.ide.mcu.externaltools.gnu-tools-for-stm32.10.3-2021.10.win32_1.0.0.202111181127/tools/bin/../lib/gcc/arm-none-eabi/10.3.1/thumb/v7e-m+fp/hard\libgcc.a
LOAD c:/st/stm32cubeide_1.7.0/stm32cubeide/plugins/com.st.stm32cube.ide.mcu.externaltools.gnu-tools-for-stm32.10.3-2021.10.win32_1.0.0.202111181127/tools/bin/../lib/gcc/arm-none-eabi/10.3.1/../../../../arm-none-eabi/lib/thumb/v7e-m+fp/hard\libc_nano.a
LOAD c:/st/stm32cubeide_1.7.0/stm32cubeide/plugins/com.st.stm32cube.ide.mcu.externaltools.gnu-tools-for-stm32.10.3-2021.10.win32_1.0.0.202111181127/tools/bin/../lib/gcc/arm-none-eabi/10.3.1/../../../../arm-none-eabi/lib/thumb/v7e-m+fp/hard\libnosys.a
END GROUP
START GROUP
LOAD c:/st/stm32cubeide_1.7.0/stm32cubeide/plugins/com.st.stm32cube.ide.mcu.externaltools.gnu-tools-for-stm32.10.3-2021.10.win32_1.0.0.202111181127/tools/bin/../lib/gcc/arm-none-eabi/10.3.1/thumb/v7e-m+fp/hard\libgcc.a
LOAD c:/st/stm32cubeide_1.7.0/stm32cubeide/plugins/com.st.stm32cube.ide.mcu.externaltools.gnu-tools-for-stm32.10.3-2021.10.win32_1.0.0.202111181127/tools/bin/../lib/gcc/arm-none-eabi/10.3.1/../../../../arm-none-eabi/lib/thumb/v7e-m+fp/hard\libc_nano.a
LOAD c:/st/stm32cubeide_1.7.0/stm32cubeide/plugins/com.st.stm32cube.ide.mcu.externaltools.gnu-tools-for-stm32.10.3-2021.10.win32_1.0.0.202111181127/tools/bin/../lib/gcc/arm-none-eabi/10.3.1/../../../../arm-none-eabi/lib/thumb/v7e-m+fp/hard\libnosys.a
END GROUP
LOAD c:/st/stm32cubeide_1.7.0/stm32cubeide/plugins/com.st.stm32cube.ide.mcu.externaltools.gnu-tools-for-stm32.10.3-2021.10.win32_1.0.0.202111181127/tools/bin/../lib/gcc/arm-none-eabi/10.3.1/thumb/v7e-m+fp/hard/crtend.o
LOAD c:/st/stm32cubeide_1.7.0/stm32cubeide/plugins/com.st.stm32cube.ide.mcu.externaltools.gnu-tools-for-stm32.10.3-2021.10.win32_1.0.0.202111181127/tools/bin/../lib/gcc/arm-none-eabi/10.3.1/thumb/v7e-m+fp/hard/crtn.o
                0x0000000020020000                _estack = (ORIGIN (RAM) + LENGTH (RAM))
                0x0000000000000200                _Min_Heap_Size = 0x200
                0x0000000000000400                _Min_Stack_Size = 0x400

.isr_vector     0x0000000008000000      0x1c4
                0x0000000008000000                . = ALIGN (0x4)
 *(.isr_vector)
 .isr_vector    0x0000000008000000      0x1c4 ./Core/Startup/startup_stm32f446retx.o
                0x0000000008000000                g_pfnVectors
                0x00000000080001c4                . = ALIGN (0x4)

.text           0x00000000080001c4     0x4db0
                0x00000000080001c4                . = ALIGN (0x4)
 *(.text)
 .text          0x00000000080001c4       0x40 c:/st/stm32cubeide_1.7.0/stm32cubeide/plugins/com.st.stm32cube.ide.mcu.externaltools.gnu-tools-for-stm32.10.3-2021.10.win32_1.0.0.202111181127/tools/bin/../lib/gcc/arm-none-eabi/10.3.1/thumb/v7e-m+fp/hard/crtbegin.o
 .text          0x0000000008000204       0x30 c:/st/stm32cubeide_1.7.0/stm32cubeide/plugins/com.st.stm32cube.ide.mcu.externaltools.gnu-tools-for-stm32.10.3-2021.10.win32_1.0.0.202111181127/tools/bin/../lib/gcc/arm-none-eabi/10.3.1/thumb/v7e-m+fp/hard\libgcc.a(_aeabi_uldivmod.o)
                0x0000000008000204                __aeabi_uldivmod
 .text          0x0000000008000234      0x2d0 c:/st/stm32cubeide_1.7.0/stm32cubeide/plugins/com.st.stm32cube.ide.mcu.externaltools.gnu-tools-for-stm32.10.3-2021.10.win32_1.0.0.202111181127/tools/bin/../lib/gcc/arm-none-eabi/10.3.1/thumb/v7e-m+fp/hard\libgcc.a(_udivmoddi4.o)
                0x0000000008000234                __udivmoddi4
 .text          0x0000000008000504        0x4 c:/st/stm32cubeide_1.7.0/stm32cubeide/plugins/com.st.stm32cube.ide.mcu.externaltools.gnu-tools-for-stm32.10.3-2021.10.win32_1.0.0.202111181127/tools/bin/../lib/gcc/arm-none-eabi/10.3.1/thumb/v7e-m+fp/hard\libgcc.a(_dvmd_tls.o)
                0x0000000008000504                __aeabi_idiv0
                0x0000000008000504                __aeabi_ldiv0
 *(.text*)
 .text.MX_ADC1_Init
                0x0000000008000508       0xa8 ./Core/Src/adc.o
                0x0000000008000508                MX_ADC1_Init
 .text.HAL_ADC_MspInit
                0x00000000080005b0       0x88 ./Core/Src/adc.o
                0x00000000080005b0                HAL_ADC_MspInit
 .text.__NVIC_GetPriorityGrouping
                0x0000000008000638       0x1c ./Core/Src/gpio.o
 .text.__NVIC_EnableIRQ
                0x0000000008000654       0x3c ./Core/Src/gpio.o
 .text.__NVIC_SetPriority
                0x0000000008000690       0x54 ./Core/Src/gpio.o
 .text.NVIC_EncodePriority
                0x00000000080006e4       0x66 ./Core/Src/gpio.o
 *fill*         0x000000000800074a        0x2 
 .text.LL_SYSCFG_SetEXTISource
                0x000000000800074c       0x5c ./Core/Src/gpio.o
 .text.LL_GPIO_SetPinMode
                0x00000000080007a8       0x5e ./Core/Src/gpio.o
 .text.LL_GPIO_SetPinPull
                0x0000000008000806       0x5e ./Core/Src/gpio.o
 .text.LL_GPIO_ResetOutputPin
                0x0000000008000864       0x1e ./Core/Src/gpio.o
 *fill*         0x0000000008000882        0x2 
 .text.LL_AHB1_GRP1_EnableClock
                0x0000000008000884       0x30 ./Core/Src/gpio.o
 .text.MX_GPIO_Init
                0x00000000080008b4      0x258 ./Core/Src/gpio.o
                0x00000000080008b4                MX_GPIO_Init
 .text.LL_USART_EnableIT_RXNE
                0x0000000008000b0c       0x46 ./Core/Src/main.o
 *fill*         0x0000000008000b52        0x2 
 .text.main     0x0000000008000b54       0x4c ./Core/Src/main.o
                0x0000000008000b54                main
 .text.SystemClock_Config
                0x0000000008000ba0       0xe4 ./Core/Src/main.o
                0x0000000008000ba0                SystemClock_Config
 .text.Error_Handler
                0x0000000008000c84        0xa ./Core/Src/main.o
                0x0000000008000c84                Error_Handler
 .text.LL_USART_IsActiveFlag_TXE
                0x0000000008000c8e       0x26 ./Core/Src/protocol.o
 .text.LL_USART_TransmitData8
                0x0000000008000cb4       0x1e ./Core/Src/protocol.o
 *fill*         0x0000000008000cd2        0x2 
 .text.LiDAR_Protocol_Tx
                0x0000000008000cd4      0x100 ./Core/Src/protocol.o
                0x0000000008000cd4                LiDAR_Protocol_Tx
 .text.GUI_Protocol_Tx
                0x0000000008000dd4      0x1d0 ./Core/Src/protocol.o
                0x0000000008000dd4                GUI_Protocol_Tx
 .text.UART_Transmit
                0x0000000008000fa4       0x4a ./Core/Src/protocol.o
                0x0000000008000fa4                UART_Transmit
 .text.LL_USART_ReceiveData8
                0x0000000008000fee       0x1a ./Core/Src/status.o
 .text.Idle_status
                0x0000000008001008      0x15c ./Core/Src/status.o
                0x0000000008001008                Idle_status
 .text.HAL_MspInit
                0x0000000008001164       0x50 ./Core/Src/stm32f4xx_hal_msp.o
                0x0000000008001164                HAL_MspInit
 .text.LL_EXTI_IsActiveFlag_0_31
                0x00000000080011b4       0x2c ./Core/Src/stm32f4xx_it.o
 .text.LL_EXTI_ClearFlag_0_31
                0x00000000080011e0       0x20 ./Core/Src/stm32f4xx_it.o
 .text.NMI_Handler
                0x0000000008001200        0x6 ./Core/Src/stm32f4xx_it.o
                0x0000000008001200                NMI_Handler
 .text.HardFault_Handler
                0x0000000008001206        0x6 ./Core/Src/stm32f4xx_it.o
                0x0000000008001206                HardFault_Handler
 .text.MemManage_Handler
                0x000000000800120c        0x6 ./Core/Src/stm32f4xx_it.o
                0x000000000800120c                MemManage_Handler
 .text.BusFault_Handler
                0x0000000008001212        0x6 ./Core/Src/stm32f4xx_it.o
                0x0000000008001212                BusFault_Handler
 .text.UsageFault_Handler
                0x0000000008001218        0x6 ./Core/Src/stm32f4xx_it.o
                0x0000000008001218                UsageFault_Handler
 .text.SVC_Handler
                0x000000000800121e        0xe ./Core/Src/stm32f4xx_it.o
                0x000000000800121e                SVC_Handler
 .text.DebugMon_Handler
                0x000000000800122c        0xe ./Core/Src/stm32f4xx_it.o
                0x000000000800122c                DebugMon_Handler
 .text.PendSV_Handler
                0x000000000800123a        0xe ./Core/Src/stm32f4xx_it.o
                0x000000000800123a                PendSV_Handler
 .text.SysTick_Handler
                0x0000000008001248        0xc ./Core/Src/stm32f4xx_it.o
                0x0000000008001248                SysTick_Handler
 .text.EXTI0_IRQHandler
                0x0000000008001254       0x1e ./Core/Src/stm32f4xx_it.o
                0x0000000008001254                EXTI0_IRQHandler
 *fill*         0x0000000008001272        0x2 
 .text.EXTI15_10_IRQHandler
                0x0000000008001274       0x60 ./Core/Src/stm32f4xx_it.o
                0x0000000008001274                EXTI15_10_IRQHandler
 .text.UART5_IRQHandler
                0x00000000080012d4       0x14 ./Core/Src/stm32f4xx_it.o
                0x00000000080012d4                UART5_IRQHandler
 .text.LL_GPIO_SetOutputPin
                0x00000000080012e8       0x1c ./Core/Src/switch.o
 .text.LL_GPIO_ResetOutputPin
                0x0000000008001304       0x1e ./Core/Src/switch.o
 *fill*         0x0000000008001322        0x2 
 .text.switch_check
                0x0000000008001324       0x54 ./Core/Src/switch.o
                0x0000000008001324                switch_check
 .text.SystemInit
                0x0000000008001378       0x24 ./Core/Src/system_stm32f4xx.o
                0x0000000008001378                SystemInit
 .text.MX_TIM3_Init
                0x000000000800139c       0xec ./Core/Src/tim.o
                0x000000000800139c                MX_TIM3_Init
 .text.HAL_TIM_Base_MspInit
                0x0000000008001488       0x44 ./Core/Src/tim.o
                0x0000000008001488                HAL_TIM_Base_MspInit
 .text.HAL_TIM_MspPostInit
                0x00000000080014cc       0x74 ./Core/Src/tim.o
                0x00000000080014cc                HAL_TIM_MspPostInit
 .text.__NVIC_GetPriorityGrouping
                0x0000000008001540       0x1c ./Core/Src/usart.o
 .text.__NVIC_EnableIRQ
                0x000000000800155c       0x3c ./Core/Src/usart.o
 .text.__NVIC_SetPriority
                0x0000000008001598       0x54 ./Core/Src/usart.o
 .text.NVIC_EncodePriority
                0x00000000080015ec       0x66 ./Core/Src/usart.o
 .text.LL_USART_Enable
                0x0000000008001652       0x20 ./Core/Src/usart.o
 .text.LL_USART_ConfigAsyncMode
                0x0000000008001672       0x2c ./Core/Src/usart.o
 .text.LL_USART_ReceiveData8
                0x000000000800169e       0x1a ./Core/Src/usart.o
 .text.LL_AHB1_GRP1_EnableClock
                0x00000000080016b8       0x30 ./Core/Src/usart.o
 .text.LL_APB1_GRP1_EnableClock
                0x00000000080016e8       0x30 ./Core/Src/usart.o
 .text.MX_UART5_Init
                0x0000000008001718       0xf0 ./Core/Src/usart.o
                0x0000000008001718                MX_UART5_Init
 .text.MX_USART6_UART_Init
                0x0000000008001808       0x54 ./Core/Src/usart.o
                0x0000000008001808                MX_USART6_UART_Init
 .text.HAL_UART_MspInit
                0x000000000800185c       0x90 ./Core/Src/usart.o
                0x000000000800185c                HAL_UART_MspInit
 .text.UART5_Rx_Callback
                0x00000000080018ec       0x5c ./Core/Src/usart.o
                0x00000000080018ec                UART5_Rx_Callback
 .text.Reset_Handler
                0x0000000008001948       0x50 ./Core/Startup/startup_stm32f446retx.o
                0x0000000008001948                Reset_Handler
 .text.Default_Handler
                0x0000000008001998        0x2 ./Core/Startup/startup_stm32f446retx.o
                0x0000000008001998                RTC_Alarm_IRQHandler
                0x0000000008001998                EXTI2_IRQHandler
                0x0000000008001998                TIM8_CC_IRQHandler
                0x0000000008001998                FMPI2C1_EV_IRQHandler
                0x0000000008001998                SPI4_IRQHandler
                0x0000000008001998                TIM1_CC_IRQHandler
                0x0000000008001998                DMA2_Stream5_IRQHandler
                0x0000000008001998                DMA1_Stream5_IRQHandler
                0x0000000008001998                PVD_IRQHandler
                0x0000000008001998                SDIO_IRQHandler
                0x0000000008001998                TAMP_STAMP_IRQHandler
                0x0000000008001998                CAN2_RX1_IRQHandler
                0x0000000008001998                EXTI3_IRQHandler
                0x0000000008001998                TIM8_TRG_COM_TIM14_IRQHandler
                0x0000000008001998                TIM1_UP_TIM10_IRQHandler
                0x0000000008001998                TIM8_UP_TIM13_IRQHandler
                0x0000000008001998                I2C3_ER_IRQHandler
                0x0000000008001998                I2C2_EV_IRQHandler
                0x0000000008001998                DMA1_Stream2_IRQHandler
                0x0000000008001998                CAN1_RX0_IRQHandler
                0x0000000008001998                FPU_IRQHandler
                0x0000000008001998                OTG_HS_WKUP_IRQHandler
                0x0000000008001998                CAN2_SCE_IRQHandler
                0x0000000008001998                DMA2_Stream2_IRQHandler
                0x0000000008001998                SPI1_IRQHandler
                0x0000000008001998                TIM6_DAC_IRQHandler
                0x0000000008001998                TIM1_BRK_TIM9_IRQHandler
                0x0000000008001998                DCMI_IRQHandler
                0x0000000008001998                CAN2_RX0_IRQHandler
                0x0000000008001998                DMA2_Stream3_IRQHandler
                0x0000000008001998                SAI2_IRQHandler
                0x0000000008001998                USART6_IRQHandler
                0x0000000008001998                USART3_IRQHandler
                0x0000000008001998                CAN1_RX1_IRQHandler
                0x0000000008001998                DMA2_Stream0_IRQHandler
                0x0000000008001998                TIM4_IRQHandler
                0x0000000008001998                QUADSPI_IRQHandler
                0x0000000008001998                I2C1_EV_IRQHandler
                0x0000000008001998                DMA1_Stream6_IRQHandler
                0x0000000008001998                DMA1_Stream1_IRQHandler
                0x0000000008001998                UART4_IRQHandler
                0x0000000008001998                TIM3_IRQHandler
                0x0000000008001998                RCC_IRQHandler
                0x0000000008001998                TIM8_BRK_TIM12_IRQHandler
                0x0000000008001998                Default_Handler
                0x0000000008001998                CEC_IRQHandler
                0x0000000008001998                ADC_IRQHandler
                0x0000000008001998                DMA1_Stream7_IRQHandler
                0x0000000008001998                TIM7_IRQHandler
                0x0000000008001998                CAN2_TX_IRQHandler
                0x0000000008001998                TIM5_IRQHandler
                0x0000000008001998                DMA2_Stream7_IRQHandler
                0x0000000008001998                I2C3_EV_IRQHandler
                0x0000000008001998                EXTI9_5_IRQHandler
                0x0000000008001998                RTC_WKUP_IRQHandler
                0x0000000008001998                SPDIF_RX_IRQHandler
                0x0000000008001998                SPI2_IRQHandler
                0x0000000008001998                OTG_HS_EP1_IN_IRQHandler
                0x0000000008001998                DMA1_Stream0_IRQHandler
                0x0000000008001998                CAN1_TX_IRQHandler
                0x0000000008001998                FMPI2C1_ER_IRQHandler
                0x0000000008001998                EXTI4_IRQHandler
                0x0000000008001998                OTG_HS_EP1_OUT_IRQHandler
                0x0000000008001998                WWDG_IRQHandler
                0x0000000008001998                TIM2_IRQHandler
                0x0000000008001998                OTG_FS_WKUP_IRQHandler
                0x0000000008001998                TIM1_TRG_COM_TIM11_IRQHandler
                0x0000000008001998                OTG_HS_IRQHandler
                0x0000000008001998                EXTI1_IRQHandler
                0x0000000008001998                USART2_IRQHandler
                0x0000000008001998                I2C2_ER_IRQHandler
                0x0000000008001998                DMA2_Stream1_IRQHandler
                0x0000000008001998                CAN1_SCE_IRQHandler
                0x0000000008001998                FLASH_IRQHandler
                0x0000000008001998                DMA2_Stream4_IRQHandler
                0x0000000008001998                USART1_IRQHandler
                0x0000000008001998                OTG_FS_IRQHandler
                0x0000000008001998                SPI3_IRQHandler
                0x0000000008001998                DMA1_Stream4_IRQHandler
                0x0000000008001998                I2C1_ER_IRQHandler
                0x0000000008001998                FMC_IRQHandler
                0x0000000008001998                DMA2_Stream6_IRQHandler
                0x0000000008001998                SAI1_IRQHandler
                0x0000000008001998                DMA1_Stream3_IRQHandler
 *fill*         0x000000000800199a        0x2 
 .text.HAL_Init
                0x000000000800199c       0x44 ./Drivers/STM32F4xx_HAL_Driver/Src/stm32f4xx_hal.o
                0x000000000800199c                HAL_Init
 .text.HAL_InitTick
                0x00000000080019e0       0x60 ./Drivers/STM32F4xx_HAL_Driver/Src/stm32f4xx_hal.o
                0x00000000080019e0                HAL_InitTick
 .text.HAL_IncTick
                0x0000000008001a40       0x28 ./Drivers/STM32F4xx_HAL_Driver/Src/stm32f4xx_hal.o
                0x0000000008001a40                HAL_IncTick
 .text.HAL_GetTick
                0x0000000008001a68       0x18 ./Drivers/STM32F4xx_HAL_Driver/Src/stm32f4xx_hal.o
                0x0000000008001a68                HAL_GetTick
 .text.HAL_ADC_Init
                0x0000000008001a80       0x86 ./Drivers/STM32F4xx_HAL_Driver/Src/stm32f4xx_hal_adc.o
                0x0000000008001a80                HAL_ADC_Init
 *fill*         0x0000000008001b06        0x2 
 .text.HAL_ADC_ConfigChannel
                0x0000000008001b08      0x264 ./Drivers/STM32F4xx_HAL_Driver/Src/stm32f4xx_hal_adc.o
                0x0000000008001b08                HAL_ADC_ConfigChannel
 .text.ADC_Init
                0x0000000008001d6c      0x1f8 ./Drivers/STM32F4xx_HAL_Driver/Src/stm32f4xx_hal_adc.o
 .text.__NVIC_SetPriorityGrouping
                0x0000000008001f64       0x48 ./Drivers/STM32F4xx_HAL_Driver/Src/stm32f4xx_hal_cortex.o
 .text.__NVIC_GetPriorityGrouping
                0x0000000008001fac       0x1c ./Drivers/STM32F4xx_HAL_Driver/Src/stm32f4xx_hal_cortex.o
 .text.__NVIC_DisableIRQ
                0x0000000008001fc8       0x48 ./Drivers/STM32F4xx_HAL_Driver/Src/stm32f4xx_hal_cortex.o
 .text.__NVIC_SetPriority
                0x0000000008002010       0x54 ./Drivers/STM32F4xx_HAL_Driver/Src/stm32f4xx_hal_cortex.o
 .text.NVIC_EncodePriority
                0x0000000008002064       0x66 ./Drivers/STM32F4xx_HAL_Driver/Src/stm32f4xx_hal_cortex.o
 *fill*         0x00000000080020ca        0x2 
 .text.SysTick_Config
                0x00000000080020cc       0x44 ./Drivers/STM32F4xx_HAL_Driver/Src/stm32f4xx_hal_cortex.o
 .text.HAL_NVIC_SetPriorityGrouping
                0x0000000008002110       0x16 ./Drivers/STM32F4xx_HAL_Driver/Src/stm32f4xx_hal_cortex.o
                0x0000000008002110                HAL_NVIC_SetPriorityGrouping
 .text.HAL_NVIC_SetPriority
                0x0000000008002126       0x38 ./Drivers/STM32F4xx_HAL_Driver/Src/stm32f4xx_hal_cortex.o
                0x0000000008002126                HAL_NVIC_SetPriority
 .text.HAL_NVIC_DisableIRQ
                0x000000000800215e       0x1c ./Drivers/STM32F4xx_HAL_Driver/Src/stm32f4xx_hal_cortex.o
                0x000000000800215e                HAL_NVIC_DisableIRQ
 .text.HAL_SYSTICK_Config
                0x000000000800217a       0x18 ./Drivers/STM32F4xx_HAL_Driver/Src/stm32f4xx_hal_cortex.o
                0x000000000800217a                HAL_SYSTICK_Config
 *fill*         0x0000000008002192        0x2 
 .text.HAL_GPIO_Init
                0x0000000008002194      0x328 ./Drivers/STM32F4xx_HAL_Driver/Src/stm32f4xx_hal_gpio.o
                0x0000000008002194                HAL_GPIO_Init
 .text.HAL_GPIO_ReadPin
                0x00000000080024bc       0x30 ./Drivers/STM32F4xx_HAL_Driver/Src/stm32f4xx_hal_gpio.o
                0x00000000080024bc                HAL_GPIO_ReadPin
 .text.HAL_PWREx_EnableOverDrive
                0x00000000080024ec       0xa0 ./Drivers/STM32F4xx_HAL_Driver/Src/stm32f4xx_hal_pwr_ex.o
                0x00000000080024ec                HAL_PWREx_EnableOverDrive
 .text.HAL_RCC_ClockConfig
                0x000000000800258c      0x1cc ./Drivers/STM32F4xx_HAL_Driver/Src/stm32f4xx_hal_rcc.o
                0x000000000800258c                HAL_RCC_ClockConfig
 .text.HAL_RCC_GetHCLKFreq
                0x0000000008002758       0x18 ./Drivers/STM32F4xx_HAL_Driver/Src/stm32f4xx_hal_rcc.o
                0x0000000008002758                HAL_RCC_GetHCLKFreq
 .text.HAL_RCC_GetPCLK1Freq
                0x0000000008002770       0x28 ./Drivers/STM32F4xx_HAL_Driver/Src/stm32f4xx_hal_rcc.o
                0x0000000008002770                HAL_RCC_GetPCLK1Freq
 .text.HAL_RCC_GetPCLK2Freq
                0x0000000008002798       0x28 ./Drivers/STM32F4xx_HAL_Driver/Src/stm32f4xx_hal_rcc.o
                0x0000000008002798                HAL_RCC_GetPCLK2Freq
 .text.HAL_RCC_GetSysClockFreq
                0x00000000080027c0      0x354 ./Drivers/STM32F4xx_HAL_Driver/Src/stm32f4xx_hal_rcc_ex.o
                0x00000000080027c0                HAL_RCC_GetSysClockFreq
 .text.HAL_RCC_OscConfig
                0x0000000008002b14      0x53c ./Drivers/STM32F4xx_HAL_Driver/Src/stm32f4xx_hal_rcc_ex.o
                0x0000000008002b14                HAL_RCC_OscConfig
 .text.HAL_TIM_Base_Init
                0x0000000008003050       0x9e ./Drivers/STM32F4xx_HAL_Driver/Src/stm32f4xx_hal_tim.o
                0x0000000008003050                HAL_TIM_Base_Init
 .text.HAL_TIM_PWM_Init
                0x00000000080030ee       0x9e ./Drivers/STM32F4xx_HAL_Driver/Src/stm32f4xx_hal_tim.o
                0x00000000080030ee                HAL_TIM_PWM_Init
 .text.HAL_TIM_PWM_MspInit
                0x000000000800318c       0x14 ./Drivers/STM32F4xx_HAL_Driver/Src/stm32f4xx_hal_tim.o
                0x000000000800318c                HAL_TIM_PWM_MspInit
 .text.HAL_TIM_PWM_ConfigChannel
                0x00000000080031a0      0x184 ./Drivers/STM32F4xx_HAL_Driver/Src/stm32f4xx_hal_tim.o
                0x00000000080031a0                HAL_TIM_PWM_ConfigChannel
 .text.HAL_TIM_ConfigClockSource
                0x0000000008003324      0x18e ./Drivers/STM32F4xx_HAL_Driver/Src/stm32f4xx_hal_tim.o
                0x0000000008003324                HAL_TIM_ConfigClockSource
 *fill*         0x00000000080034b2        0x2 
 .text.TIM_Base_SetConfig
                0x00000000080034b4      0x140 ./Drivers/STM32F4xx_HAL_Driver/Src/stm32f4xx_hal_tim.o
                0x00000000080034b4                TIM_Base_SetConfig
 .text.TIM_OC1_SetConfig
                0x00000000080035f4       0xe0 ./Drivers/STM32F4xx_HAL_Driver/Src/stm32f4xx_hal_tim.o
 .text.TIM_OC2_SetConfig
                0x00000000080036d4       0xec ./Drivers/STM32F4xx_HAL_Driver/Src/stm32f4xx_hal_tim.o
                0x00000000080036d4                TIM_OC2_SetConfig
 .text.TIM_OC3_SetConfig
                0x00000000080037c0       0xe8 ./Drivers/STM32F4xx_HAL_Driver/Src/stm32f4xx_hal_tim.o
 .text.TIM_OC4_SetConfig
                0x00000000080038a8       0xac ./Drivers/STM32F4xx_HAL_Driver/Src/stm32f4xx_hal_tim.o
 .text.TIM_TI1_ConfigInputStage
                0x0000000008003954       0x5e ./Drivers/STM32F4xx_HAL_Driver/Src/stm32f4xx_hal_tim.o
 .text.TIM_TI2_ConfigInputStage
                0x00000000080039b2       0x60 ./Drivers/STM32F4xx_HAL_Driver/Src/stm32f4xx_hal_tim.o
 .text.TIM_ITRx_SetConfig
                0x0000000008003a12       0x36 ./Drivers/STM32F4xx_HAL_Driver/Src/stm32f4xx_hal_tim.o
 .text.TIM_ETR_SetConfig
                0x0000000008003a48       0x40 ./Drivers/STM32F4xx_HAL_Driver/Src/stm32f4xx_hal_tim.o
                0x0000000008003a48                TIM_ETR_SetConfig
 .text.HAL_TIMEx_MasterConfigSynchronization
                0x0000000008003a88       0xf8 ./Drivers/STM32F4xx_HAL_Driver/Src/stm32f4xx_hal_tim_ex.o
                0x0000000008003a88                HAL_TIMEx_MasterConfigSynchronization
 .text.HAL_UART_Init
                0x0000000008003b80       0x9a ./Drivers/STM32F4xx_HAL_Driver/Src/stm32f4xx_hal_uart.o
                0x0000000008003b80                HAL_UART_Init
 *fill*         0x0000000008003c1a        0x2 
 .text.UART_SetConfig
                0x0000000008003c1c      0x4e8 ./Drivers/STM32F4xx_HAL_Driver/Src/stm32f4xx_hal_uart.o
 .text.LL_EXTI_EnableIT_0_31
                0x0000000008004104       0x24 ./Drivers/STM32F4xx_HAL_Driver/Src/stm32f4xx_ll_exti.o
 .text.LL_EXTI_DisableIT_0_31
                0x0000000008004128       0x28 ./Drivers/STM32F4xx_HAL_Driver/Src/stm32f4xx_ll_exti.o
 .text.LL_EXTI_EnableEvent_0_31
                0x0000000008004150       0x24 ./Drivers/STM32F4xx_HAL_Driver/Src/stm32f4xx_ll_exti.o
 .text.LL_EXTI_DisableEvent_0_31
                0x0000000008004174       0x28 ./Drivers/STM32F4xx_HAL_Driver/Src/stm32f4xx_ll_exti.o
 .text.LL_EXTI_EnableRisingTrig_0_31
                0x000000000800419c       0x24 ./Drivers/STM32F4xx_HAL_Driver/Src/stm32f4xx_ll_exti.o
 .text.LL_EXTI_DisableRisingTrig_0_31
                0x00000000080041c0       0x28 ./Drivers/STM32F4xx_HAL_Driver/Src/stm32f4xx_ll_exti.o
 .text.LL_EXTI_EnableFallingTrig_0_31
                0x00000000080041e8       0x24 ./Drivers/STM32F4xx_HAL_Driver/Src/stm32f4xx_ll_exti.o
 .text.LL_EXTI_DisableFallingTrig_0_31
                0x000000000800420c       0x28 ./Drivers/STM32F4xx_HAL_Driver/Src/stm32f4xx_ll_exti.o
 .text.LL_EXTI_Init
                0x0000000008004234      0x102 ./Drivers/STM32F4xx_HAL_Driver/Src/stm32f4xx_ll_exti.o
                0x0000000008004234                LL_EXTI_Init
 .text.LL_GPIO_SetPinMode
                0x0000000008004336       0x5e ./Drivers/STM32F4xx_HAL_Driver/Src/stm32f4xx_ll_gpio.o
 .text.LL_GPIO_SetPinOutputType
                0x0000000008004394       0x30 ./Drivers/STM32F4xx_HAL_Driver/Src/stm32f4xx_ll_gpio.o
 .text.LL_GPIO_SetPinSpeed
                0x00000000080043c4       0x5e ./Drivers/STM32F4xx_HAL_Driver/Src/stm32f4xx_ll_gpio.o
 .text.LL_GPIO_SetPinPull
                0x0000000008004422       0x5e ./Drivers/STM32F4xx_HAL_Driver/Src/stm32f4xx_ll_gpio.o
 .text.LL_GPIO_SetAFPin_0_7
                0x0000000008004480       0x5e ./Drivers/STM32F4xx_HAL_Driver/Src/stm32f4xx_ll_gpio.o
 .text.LL_GPIO_SetAFPin_8_15
                0x00000000080044de       0x62 ./Drivers/STM32F4xx_HAL_Driver/Src/stm32f4xx_ll_gpio.o
 .text.LL_GPIO_Init
                0x0000000008004540       0xe6 ./Drivers/STM32F4xx_HAL_Driver/Src/stm32f4xx_ll_gpio.o
                0x0000000008004540                LL_GPIO_Init
 *fill*         0x0000000008004626        0x2 
 .text.LL_RCC_GetSysClkSource
                0x0000000008004628       0x1c ./Drivers/STM32F4xx_HAL_Driver/Src/stm32f4xx_ll_rcc.o
 .text.LL_RCC_GetAHBPrescaler
                0x0000000008004644       0x1c ./Drivers/STM32F4xx_HAL_Driver/Src/stm32f4xx_ll_rcc.o
 .text.LL_RCC_GetAPB1Prescaler
                0x0000000008004660       0x1c ./Drivers/STM32F4xx_HAL_Driver/Src/stm32f4xx_ll_rcc.o
 .text.LL_RCC_GetAPB2Prescaler
                0x000000000800467c       0x1c ./Drivers/STM32F4xx_HAL_Driver/Src/stm32f4xx_ll_rcc.o
 .text.LL_RCC_PLL_GetMainSource
                0x0000000008004698       0x1c ./Drivers/STM32F4xx_HAL_Driver/Src/stm32f4xx_ll_rcc.o
 .text.LL_RCC_PLL_GetN
                0x00000000080046b4       0x1c ./Drivers/STM32F4xx_HAL_Driver/Src/stm32f4xx_ll_rcc.o
 .text.LL_RCC_PLL_GetP
                0x00000000080046d0       0x1c ./Drivers/STM32F4xx_HAL_Driver/Src/stm32f4xx_ll_rcc.o
 .text.LL_RCC_PLL_GetR
                0x00000000080046ec       0x1c ./Drivers/STM32F4xx_HAL_Driver/Src/stm32f4xx_ll_rcc.o
 .text.LL_RCC_PLL_GetDivider
                0x0000000008004708       0x1c ./Drivers/STM32F4xx_HAL_Driver/Src/stm32f4xx_ll_rcc.o
 .text.LL_RCC_GetSystemClocksFreq
                0x0000000008004724       0x4a ./Drivers/STM32F4xx_HAL_Driver/Src/stm32f4xx_ll_rcc.o
                0x0000000008004724                LL_RCC_GetSystemClocksFreq
 *fill*         0x000000000800476e        0x2 
 .text.RCC_GetSystemClockFreq
                0x0000000008004770       0x88 ./Drivers/STM32F4xx_HAL_Driver/Src/stm32f4xx_ll_rcc.o
                0x0000000008004770                RCC_GetSystemClockFreq
 .text.RCC_GetHCLKClockFreq
                0x00000000080047f8       0x2c ./Drivers/STM32F4xx_HAL_Driver/Src/stm32f4xx_ll_rcc.o
                0x00000000080047f8                RCC_GetHCLKClockFreq
 .text.RCC_GetPCLK1ClockFreq
                0x0000000008004824       0x28 ./Drivers/STM32F4xx_HAL_Driver/Src/stm32f4xx_ll_rcc.o
                0x0000000008004824                RCC_GetPCLK1ClockFreq
 .text.RCC_GetPCLK2ClockFreq
                0x000000000800484c       0x28 ./Drivers/STM32F4xx_HAL_Driver/Src/stm32f4xx_ll_rcc.o
                0x000000000800484c                RCC_GetPCLK2ClockFreq
 .text.RCC_PLL_GetFreqDomain_SYS
                0x0000000008004874       0xa4 ./Drivers/STM32F4xx_HAL_Driver/Src/stm32f4xx_ll_rcc.o
                0x0000000008004874                RCC_PLL_GetFreqDomain_SYS
 .text.LL_USART_IsEnabled
                0x0000000008004918       0x28 ./Drivers/STM32F4xx_HAL_Driver/Src/stm32f4xx_ll_usart.o
 .text.LL_USART_SetStopBitsLength
                0x0000000008004940       0x26 ./Drivers/STM32F4xx_HAL_Driver/Src/stm32f4xx_ll_usart.o
 .text.LL_USART_SetHWFlowCtrl
                0x0000000008004966       0x26 ./Drivers/STM32F4xx_HAL_Driver/Src/stm32f4xx_ll_usart.o
 .text.LL_USART_SetBaudRate
                0x000000000800498c      0x458 ./Drivers/STM32F4xx_HAL_Driver/Src/stm32f4xx_ll_usart.o
 .text.LL_USART_Init
                0x0000000008004de4      0x100 ./Drivers/STM32F4xx_HAL_Driver/Src/stm32f4xx_ll_usart.o
                0x0000000008004de4                LL_USART_Init
 .text.__libc_init_array
                0x0000000008004ee4       0x48 c:/st/stm32cubeide_1.7.0/stm32cubeide/plugins/com.st.stm32cube.ide.mcu.externaltools.gnu-tools-for-stm32.10.3-2021.10.win32_1.0.0.202111181127/tools/bin/../lib/gcc/arm-none-eabi/10.3.1/../../../../arm-none-eabi/lib/thumb/v7e-m+fp/hard\libc_nano.a(lib_a-init.o)
                0x0000000008004ee4                __libc_init_array
 .text.memcmp   0x0000000008004f2c       0x20 c:/st/stm32cubeide_1.7.0/stm32cubeide/plugins/com.st.stm32cube.ide.mcu.externaltools.gnu-tools-for-stm32.10.3-2021.10.win32_1.0.0.202111181127/tools/bin/../lib/gcc/arm-none-eabi/10.3.1/../../../../arm-none-eabi/lib/thumb/v7e-m+fp/hard\libc_nano.a(lib_a-memcmp.o)
                0x0000000008004f2c                memcmp
 .text.memset   0x0000000008004f4c       0x10 c:/st/stm32cubeide_1.7.0/stm32cubeide/plugins/com.st.stm32cube.ide.mcu.externaltools.gnu-tools-for-stm32.10.3-2021.10.win32_1.0.0.202111181127/tools/bin/../lib/gcc/arm-none-eabi/10.3.1/../../../../arm-none-eabi/lib/thumb/v7e-m+fp/hard\libc_nano.a(lib_a-memset.o)
                0x0000000008004f4c                memset
 *(.glue_7)
 .glue_7        0x0000000008004f5c        0x0 linker stubs
 *(.glue_7t)
 .glue_7t       0x0000000008004f5c        0x0 linker stubs
 *(.eh_frame)
 .eh_frame      0x0000000008004f5c        0x0 c:/st/stm32cubeide_1.7.0/stm32cubeide/plugins/com.st.stm32cube.ide.mcu.externaltools.gnu-tools-for-stm32.10.3-2021.10.win32_1.0.0.202111181127/tools/bin/../lib/gcc/arm-none-eabi/10.3.1/thumb/v7e-m+fp/hard/crtbegin.o
 *(.init)
 .init          0x0000000008004f5c        0x4 c:/st/stm32cubeide_1.7.0/stm32cubeide/plugins/com.st.stm32cube.ide.mcu.externaltools.gnu-tools-for-stm32.10.3-2021.10.win32_1.0.0.202111181127/tools/bin/../lib/gcc/arm-none-eabi/10.3.1/thumb/v7e-m+fp/hard/crti.o
                0x0000000008004f5c                _init
 .init          0x0000000008004f60        0x8 c:/st/stm32cubeide_1.7.0/stm32cubeide/plugins/com.st.stm32cube.ide.mcu.externaltools.gnu-tools-for-stm32.10.3-2021.10.win32_1.0.0.202111181127/tools/bin/../lib/gcc/arm-none-eabi/10.3.1/thumb/v7e-m+fp/hard/crtn.o
 *(.fini)
 .fini          0x0000000008004f68        0x4 c:/st/stm32cubeide_1.7.0/stm32cubeide/plugins/com.st.stm32cube.ide.mcu.externaltools.gnu-tools-for-stm32.10.3-2021.10.win32_1.0.0.202111181127/tools/bin/../lib/gcc/arm-none-eabi/10.3.1/thumb/v7e-m+fp/hard/crti.o
                0x0000000008004f68                _fini
 .fini          0x0000000008004f6c        0x8 c:/st/stm32cubeide_1.7.0/stm32cubeide/plugins/com.st.stm32cube.ide.mcu.externaltools.gnu-tools-for-stm32.10.3-2021.10.win32_1.0.0.202111181127/tools/bin/../lib/gcc/arm-none-eabi/10.3.1/thumb/v7e-m+fp/hard/crtn.o
                0x0000000008004f74                . = ALIGN (0x4)
                0x0000000008004f74                _etext = .

.vfp11_veneer   0x0000000008004f74        0x0
 .vfp11_veneer  0x0000000008004f74        0x0 linker stubs

.v4_bx          0x0000000008004f74        0x0
 .v4_bx         0x0000000008004f74        0x0 linker stubs

.iplt           0x0000000008004f74        0x0
 .iplt          0x0000000008004f74        0x0 c:/st/stm32cubeide_1.7.0/stm32cubeide/plugins/com.st.stm32cube.ide.mcu.externaltools.gnu-tools-for-stm32.10.3-2021.10.win32_1.0.0.202111181127/tools/bin/../lib/gcc/arm-none-eabi/10.3.1/thumb/v7e-m+fp/hard/crtbegin.o

.rodata         0x0000000008004f74       0x4c
                0x0000000008004f74                . = ALIGN (0x4)
 *(.rodata)
 .rodata        0x0000000008004f74       0x31 ./Core/Src/status.o
 *(.rodata*)
 *fill*         0x0000000008004fa5        0x3 
 .rodata.AHBPrescTable
                0x0000000008004fa8       0x10 ./Core/Src/system_stm32f4xx.o
                0x0000000008004fa8                AHBPrescTable
 .rodata.APBPrescTable
                0x0000000008004fb8        0x8 ./Core/Src/system_stm32f4xx.o
                0x0000000008004fb8                APBPrescTable
                0x0000000008004fc0                . = ALIGN (0x4)

.ARM.extab      0x0000000008004fc0        0x0
                0x0000000008004fc0                . = ALIGN (0x4)
 *(.ARM.extab* .gnu.linkonce.armextab.*)
                0x0000000008004fc0                . = ALIGN (0x4)

.ARM            0x0000000008004fc0        0x8
                0x0000000008004fc0                . = ALIGN (0x4)
                0x0000000008004fc0                __exidx_start = .
 *(.ARM.exidx*)
 .ARM.exidx     0x0000000008004fc0        0x8 c:/st/stm32cubeide_1.7.0/stm32cubeide/plugins/com.st.stm32cube.ide.mcu.externaltools.gnu-tools-for-stm32.10.3-2021.10.win32_1.0.0.202111181127/tools/bin/../lib/gcc/arm-none-eabi/10.3.1/thumb/v7e-m+fp/hard\libgcc.a(_udivmoddi4.o)
                0x0000000008004fc8                __exidx_end = .
                0x0000000008004fc8                . = ALIGN (0x4)

.rel.dyn        0x0000000008004fc8        0x0
 .rel.iplt      0x0000000008004fc8        0x0 c:/st/stm32cubeide_1.7.0/stm32cubeide/plugins/com.st.stm32cube.ide.mcu.externaltools.gnu-tools-for-stm32.10.3-2021.10.win32_1.0.0.202111181127/tools/bin/../lib/gcc/arm-none-eabi/10.3.1/thumb/v7e-m+fp/hard/crtbegin.o

.preinit_array  0x0000000008004fc8        0x0
                0x0000000008004fc8                . = ALIGN (0x4)
                0x0000000008004fc8                PROVIDE (__preinit_array_start = .)
 *(.preinit_array*)
                0x0000000008004fc8                PROVIDE (__preinit_array_end = .)
                0x0000000008004fc8                . = ALIGN (0x4)

.init_array     0x0000000008004fc8        0x4
                0x0000000008004fc8                . = ALIGN (0x4)
                0x0000000008004fc8                PROVIDE (__init_array_start = .)
 *(SORT_BY_NAME(.init_array.*))
 *(.init_array*)
 .init_array    0x0000000008004fc8        0x4 c:/st/stm32cubeide_1.7.0/stm32cubeide/plugins/com.st.stm32cube.ide.mcu.externaltools.gnu-tools-for-stm32.10.3-2021.10.win32_1.0.0.202111181127/tools/bin/../lib/gcc/arm-none-eabi/10.3.1/thumb/v7e-m+fp/hard/crtbegin.o
                0x0000000008004fcc                PROVIDE (__init_array_end = .)
                0x0000000008004fcc                . = ALIGN (0x4)

.fini_array     0x0000000008004fcc        0x4
                0x0000000008004fcc                . = ALIGN (0x4)
                [!provide]                        PROVIDE (__fini_array_start = .)
 *(SORT_BY_NAME(.fini_array.*))
 *(.fini_array*)
 .fini_array    0x0000000008004fcc        0x4 c:/st/stm32cubeide_1.7.0/stm32cubeide/plugins/com.st.stm32cube.ide.mcu.externaltools.gnu-tools-for-stm32.10.3-2021.10.win32_1.0.0.202111181127/tools/bin/../lib/gcc/arm-none-eabi/10.3.1/thumb/v7e-m+fp/hard/crtbegin.o
                [!provide]                        PROVIDE (__fini_array_end = .)
                0x0000000008004fd0                . = ALIGN (0x4)
                0x0000000008004fd0                _sidata = LOADADDR (.data)

.data           0x0000000020000000        0xc load address 0x0000000008004fd0
                0x0000000020000000                . = ALIGN (0x4)
                0x0000000020000000                _sdata = .
 *(.data)
 *(.data*)
 .data.SystemCoreClock
                0x0000000020000000        0x4 ./Core/Src/system_stm32f4xx.o
                0x0000000020000000                SystemCoreClock
 .data.uwTickPrio
                0x0000000020000004        0x4 ./Drivers/STM32F4xx_HAL_Driver/Src/stm32f4xx_hal.o
                0x0000000020000004                uwTickPrio
 .data.uwTickFreq
                0x0000000020000008        0x1 ./Drivers/STM32F4xx_HAL_Driver/Src/stm32f4xx_hal.o
                0x0000000020000008                uwTickFreq
 *(.RamFunc)
 *(.RamFunc*)
                0x000000002000000c                . = ALIGN (0x4)
 *fill*         0x0000000020000009        0x3 
                0x000000002000000c                _edata = .

.igot.plt       0x000000002000000c        0x0 load address 0x0000000008004fdc
 .igot.plt      0x000000002000000c        0x0 c:/st/stm32cubeide_1.7.0/stm32cubeide/plugins/com.st.stm32cube.ide.mcu.externaltools.gnu-tools-for-stm32.10.3-2021.10.win32_1.0.0.202111181127/tools/bin/../lib/gcc/arm-none-eabi/10.3.1/thumb/v7e-m+fp/hard/crtbegin.o
                0x000000002000000c                . = ALIGN (0x4)

.bss            0x000000002000000c      0x108 load address 0x0000000008004fdc
                0x000000002000000c                _sbss = .
                0x000000002000000c                __bss_start__ = _sbss
 *(.bss)
 .bss           0x000000002000000c       0x1c c:/st/stm32cubeide_1.7.0/stm32cubeide/plugins/com.st.stm32cube.ide.mcu.externaltools.gnu-tools-for-stm32.10.3-2021.10.win32_1.0.0.202111181127/tools/bin/../lib/gcc/arm-none-eabi/10.3.1/thumb/v7e-m+fp/hard/crtbegin.o
 *(.bss*)
 .bss.hadc1     0x0000000020000028       0x48 ./Core/Src/adc.o
                0x0000000020000028                hadc1
 .bss.g_Status  0x0000000020000070        0x1 ./Core/Src/main.o
                0x0000000020000070                g_Status
 .bss.connect   0x0000000020000071        0x1 ./Core/Src/status.o
                0x0000000020000071                connect
 .bss.tx_start_flag
                0x0000000020000072        0x1 ./Core/Src/stm32f4xx_it.o
                0x0000000020000072                tx_start_flag
 .bss.jig_start_flag
                0x0000000020000073        0x1 ./Core/Src/stm32f4xx_it.o
                0x0000000020000073                jig_start_flag
 .bss.Mode_data
                0x0000000020000074        0x1 ./Core/Src/switch.o
                0x0000000020000074                Mode_data
 *fill*         0x0000000020000075        0x3 
 .bss.htim3     0x0000000020000078       0x48 ./Core/Src/tim.o
                0x0000000020000078                htim3
 .bss.rx_data   0x00000000200000c0        0x9 ./Core/Src/usart.o
                0x00000000200000c0                rx_data
 .bss.rx_flag   0x00000000200000c9        0x1 ./Core/Src/usart.o
                0x00000000200000c9                rx_flag
 .bss.i         0x00000000200000ca        0x1 ./Core/Src/usart.o
                0x00000000200000ca                i
 *fill*         0x00000000200000cb        0x1 
 .bss.huart6    0x00000000200000cc       0x44 ./Core/Src/usart.o
                0x00000000200000cc                huart6
 .bss.uwTick    0x0000000020000110        0x4 ./Drivers/STM32F4xx_HAL_Driver/Src/stm32f4xx_hal.o
                0x0000000020000110                uwTick
 *(COMMON)
                0x0000000020000114                . = ALIGN (0x4)
                0x0000000020000114                _ebss = .
                0x0000000020000114                __bss_end__ = _ebss

._user_heap_stack
                0x0000000020000114      0x604 load address 0x0000000008004fdc
                0x0000000020000118                . = ALIGN (0x8)
 *fill*         0x0000000020000114        0x4 
                [!provide]                        PROVIDE (end = .)
                0x0000000020000118                PROVIDE (_end = .)
                0x0000000020000318                . = (. + _Min_Heap_Size)
 *fill*         0x0000000020000118      0x200 
                0x0000000020000718                . = (. + _Min_Stack_Size)
 *fill*         0x0000000020000318      0x400 
                0x0000000020000718                . = ALIGN (0x8)

/DISCARD/
 libc.a(*)
 libm.a(*)
 libgcc.a(*)

.ARM.attributes
                0x0000000000000000       0x30
 *(.ARM.attributes)
 .ARM.attributes
                0x0000000000000000       0x1e c:/st/stm32cubeide_1.7.0/stm32cubeide/plugins/com.st.stm32cube.ide.mcu.externaltools.gnu-tools-for-stm32.10.3-2021.10.win32_1.0.0.202111181127/tools/bin/../lib/gcc/arm-none-eabi/10.3.1/thumb/v7e-m+fp/hard/crti.o
 .ARM.attributes
                0x000000000000001e       0x34 c:/st/stm32cubeide_1.7.0/stm32cubeide/plugins/com.st.stm32cube.ide.mcu.externaltools.gnu-tools-for-stm32.10.3-2021.10.win32_1.0.0.202111181127/tools/bin/../lib/gcc/arm-none-eabi/10.3.1/thumb/v7e-m+fp/hard/crtbegin.o
 .ARM.attributes
                0x0000000000000052       0x34 ./Core/Src/adc.o
 .ARM.attributes
                0x0000000000000086       0x34 ./Core/Src/gpio.o
 .ARM.attributes
                0x00000000000000ba       0x34 ./Core/Src/main.o
 .ARM.attributes
                0x00000000000000ee       0x34 ./Core/Src/protocol.o
 .ARM.attributes
                0x0000000000000122       0x34 ./Core/Src/status.o
 .ARM.attributes
                0x0000000000000156       0x34 ./Core/Src/stm32f4xx_hal_msp.o
 .ARM.attributes
                0x000000000000018a       0x34 ./Core/Src/stm32f4xx_it.o
 .ARM.attributes
                0x00000000000001be       0x34 ./Core/Src/switch.o
 .ARM.attributes
                0x00000000000001f2       0x34 ./Core/Src/system_stm32f4xx.o
 .ARM.attributes
                0x0000000000000226       0x34 ./Core/Src/tim.o
 .ARM.attributes
                0x000000000000025a       0x34 ./Core/Src/usart.o
 .ARM.attributes
                0x000000000000028e       0x21 ./Core/Startup/startup_stm32f446retx.o
 .ARM.attributes
                0x00000000000002af       0x34 ./Drivers/STM32F4xx_HAL_Driver/Src/stm32f4xx_hal.o
 .ARM.attributes
                0x00000000000002e3       0x34 ./Drivers/STM32F4xx_HAL_Driver/Src/stm32f4xx_hal_adc.o
 .ARM.attributes
                0x0000000000000317       0x34 ./Drivers/STM32F4xx_HAL_Driver/Src/stm32f4xx_hal_cortex.o
 .ARM.attributes
                0x000000000000034b       0x34 ./Drivers/STM32F4xx_HAL_Driver/Src/stm32f4xx_hal_gpio.o
 .ARM.attributes
                0x000000000000037f       0x34 ./Drivers/STM32F4xx_HAL_Driver/Src/stm32f4xx_hal_pwr_ex.o
 .ARM.attributes
                0x00000000000003b3       0x34 ./Drivers/STM32F4xx_HAL_Driver/Src/stm32f4xx_hal_rcc.o
 .ARM.attributes
                0x00000000000003e7       0x34 ./Drivers/STM32F4xx_HAL_Driver/Src/stm32f4xx_hal_rcc_ex.o
 .ARM.attributes
                0x000000000000041b       0x34 ./Drivers/STM32F4xx_HAL_Driver/Src/stm32f4xx_hal_tim.o
 .ARM.attributes
                0x000000000000044f       0x34 ./Drivers/STM32F4xx_HAL_Driver/Src/stm32f4xx_hal_tim_ex.o
 .ARM.attributes
                0x0000000000000483       0x34 ./Drivers/STM32F4xx_HAL_Driver/Src/stm32f4xx_hal_uart.o
 .ARM.attributes
                0x00000000000004b7       0x34 ./Drivers/STM32F4xx_HAL_Driver/Src/stm32f4xx_ll_exti.o
 .ARM.attributes
                0x00000000000004eb       0x34 ./Drivers/STM32F4xx_HAL_Driver/Src/stm32f4xx_ll_gpio.o
 .ARM.attributes
                0x000000000000051f       0x34 ./Drivers/STM32F4xx_HAL_Driver/Src/stm32f4xx_ll_rcc.o
 .ARM.attributes
                0x0000000000000553       0x34 ./Drivers/STM32F4xx_HAL_Driver/Src/stm32f4xx_ll_usart.o
 .ARM.attributes
                0x0000000000000587       0x34 c:/st/stm32cubeide_1.7.0/stm32cubeide/plugins/com.st.stm32cube.ide.mcu.externaltools.gnu-tools-for-stm32.10.3-2021.10.win32_1.0.0.202111181127/tools/bin/../lib/gcc/arm-none-eabi/10.3.1/../../../../arm-none-eabi/lib/thumb/v7e-m+fp/hard\libc_nano.a(lib_a-init.o)
 .ARM.attributes
                0x00000000000005bb       0x34 c:/st/stm32cubeide_1.7.0/stm32cubeide/plugins/com.st.stm32cube.ide.mcu.externaltools.gnu-tools-for-stm32.10.3-2021.10.win32_1.0.0.202111181127/tools/bin/../lib/gcc/arm-none-eabi/10.3.1/../../../../arm-none-eabi/lib/thumb/v7e-m+fp/hard\libc_nano.a(lib_a-memcmp.o)
 .ARM.attributes
                0x00000000000005ef       0x34 c:/st/stm32cubeide_1.7.0/stm32cubeide/plugins/com.st.stm32cube.ide.mcu.externaltools.gnu-tools-for-stm32.10.3-2021.10.win32_1.0.0.202111181127/tools/bin/../lib/gcc/arm-none-eabi/10.3.1/../../../../arm-none-eabi/lib/thumb/v7e-m+fp/hard\libc_nano.a(lib_a-memset.o)
 .ARM.attributes
                0x0000000000000623       0x1e c:/st/stm32cubeide_1.7.0/stm32cubeide/plugins/com.st.stm32cube.ide.mcu.externaltools.gnu-tools-for-stm32.10.3-2021.10.win32_1.0.0.202111181127/tools/bin/../lib/gcc/arm-none-eabi/10.3.1/thumb/v7e-m+fp/hard\libgcc.a(_aeabi_uldivmod.o)
 .ARM.attributes
                0x0000000000000641       0x34 c:/st/stm32cubeide_1.7.0/stm32cubeide/plugins/com.st.stm32cube.ide.mcu.externaltools.gnu-tools-for-stm32.10.3-2021.10.win32_1.0.0.202111181127/tools/bin/../lib/gcc/arm-none-eabi/10.3.1/thumb/v7e-m+fp/hard\libgcc.a(_udivmoddi4.o)
 .ARM.attributes
                0x0000000000000675       0x1e c:/st/stm32cubeide_1.7.0/stm32cubeide/plugins/com.st.stm32cube.ide.mcu.externaltools.gnu-tools-for-stm32.10.3-2021.10.win32_1.0.0.202111181127/tools/bin/../lib/gcc/arm-none-eabi/10.3.1/thumb/v7e-m+fp/hard\libgcc.a(_dvmd_tls.o)
 .ARM.attributes
                0x0000000000000693       0x1e c:/st/stm32cubeide_1.7.0/stm32cubeide/plugins/com.st.stm32cube.ide.mcu.externaltools.gnu-tools-for-stm32.10.3-2021.10.win32_1.0.0.202111181127/tools/bin/../lib/gcc/arm-none-eabi/10.3.1/thumb/v7e-m+fp/hard/crtn.o
OUTPUT(Factory JIG.elf elf32-littlearm)
LOAD linker stubs
LOAD c:/st/stm32cubeide_1.7.0/stm32cubeide/plugins/com.st.stm32cube.ide.mcu.externaltools.gnu-tools-for-stm32.10.3-2021.10.win32_1.0.0.202111181127/tools/bin/../lib/gcc/arm-none-eabi/10.3.1/../../../../arm-none-eabi/lib/thumb/v7e-m+fp/hard\libc.a
LOAD c:/st/stm32cubeide_1.7.0/stm32cubeide/plugins/com.st.stm32cube.ide.mcu.externaltools.gnu-tools-for-stm32.10.3-2021.10.win32_1.0.0.202111181127/tools/bin/../lib/gcc/arm-none-eabi/10.3.1/../../../../arm-none-eabi/lib/thumb/v7e-m+fp/hard\libm.a
LOAD c:/st/stm32cubeide_1.7.0/stm32cubeide/plugins/com.st.stm32cube.ide.mcu.externaltools.gnu-tools-for-stm32.10.3-2021.10.win32_1.0.0.202111181127/tools/bin/../lib/gcc/arm-none-eabi/10.3.1/thumb/v7e-m+fp/hard\libgcc.a

.debug_info     0x0000000000000000    0x13413
 .debug_info    0x0000000000000000      0xaac ./Core/Src/adc.o
 .debug_info    0x0000000000000aac      0xdec ./Core/Src/gpio.o
 .debug_info    0x0000000000001898      0x8e2 ./Core/Src/main.o
 .debug_info    0x000000000000217a      0x344 ./Core/Src/protocol.o
 .debug_info    0x00000000000024be      0x56c ./Core/Src/status.o
 .debug_info    0x0000000000002a2a      0x32b ./Core/Src/stm32f4xx_hal_msp.o
 .debug_info    0x0000000000002d55      0x370 ./Core/Src/stm32f4xx_it.o
 .debug_info    0x00000000000030c5      0x282 ./Core/Src/switch.o
 .debug_info    0x0000000000003347      0x55b ./Core/Src/system_stm32f4xx.o
 .debug_info    0x00000000000038a2      0xcb2 ./Core/Src/tim.o
 .debug_info    0x0000000000004554     0x1328 ./Core/Src/usart.o
 .debug_info    0x000000000000587c       0x22 ./Core/Startup/startup_stm32f446retx.o
 .debug_info    0x000000000000589e      0x9d2 ./Drivers/STM32F4xx_HAL_Driver/Src/stm32f4xx_hal.o
 .debug_info    0x0000000000006270      0xd70 ./Drivers/STM32F4xx_HAL_Driver/Src/stm32f4xx_hal_adc.o
 .debug_info    0x0000000000006fe0      0xe39 ./Drivers/STM32F4xx_HAL_Driver/Src/stm32f4xx_hal_cortex.o
 .debug_info    0x0000000000007e19      0x7be ./Drivers/STM32F4xx_HAL_Driver/Src/stm32f4xx_hal_gpio.o
 .debug_info    0x00000000000085d7      0x702 ./Drivers/STM32F4xx_HAL_Driver/Src/stm32f4xx_hal_pwr_ex.o
 .debug_info    0x0000000000008cd9      0x9ab ./Drivers/STM32F4xx_HAL_Driver/Src/stm32f4xx_hal_rcc.o
 .debug_info    0x0000000000009684      0x9ec ./Drivers/STM32F4xx_HAL_Driver/Src/stm32f4xx_hal_rcc_ex.o
 .debug_info    0x000000000000a070     0x2bbe ./Drivers/STM32F4xx_HAL_Driver/Src/stm32f4xx_hal_tim.o
 .debug_info    0x000000000000cc2e     0x15e0 ./Drivers/STM32F4xx_HAL_Driver/Src/stm32f4xx_hal_tim_ex.o
 .debug_info    0x000000000000e20e     0x31bc ./Drivers/STM32F4xx_HAL_Driver/Src/stm32f4xx_hal_uart.o
 .debug_info    0x00000000000113ca      0x366 ./Drivers/STM32F4xx_HAL_Driver/Src/stm32f4xx_ll_exti.o
 .debug_info    0x0000000000011730      0x880 ./Drivers/STM32F4xx_HAL_Driver/Src/stm32f4xx_ll_gpio.o
 .debug_info    0x0000000000011fb0      0xcda ./Drivers/STM32F4xx_HAL_Driver/Src/stm32f4xx_ll_rcc.o
 .debug_info    0x0000000000012c8a      0x789 ./Drivers/STM32F4xx_HAL_Driver/Src/stm32f4xx_ll_usart.o

.debug_abbrev   0x0000000000000000     0x3305
 .debug_abbrev  0x0000000000000000      0x1e7 ./Core/Src/adc.o
 .debug_abbrev  0x00000000000001e7      0x26a ./Core/Src/gpio.o
 .debug_abbrev  0x0000000000000451      0x322 ./Core/Src/main.o
 .debug_abbrev  0x0000000000000773      0x14d ./Core/Src/protocol.o
 .debug_abbrev  0x00000000000008c0      0x1af ./Core/Src/status.o
 .debug_abbrev  0x0000000000000a6f       0xdb ./Core/Src/stm32f4xx_hal_msp.o
 .debug_abbrev  0x0000000000000b4a      0x1c3 ./Core/Src/stm32f4xx_it.o
 .debug_abbrev  0x0000000000000d0d      0x16f ./Core/Src/switch.o
 .debug_abbrev  0x0000000000000e7c      0x116 ./Core/Src/system_stm32f4xx.o
 .debug_abbrev  0x0000000000000f92      0x20b ./Core/Src/tim.o
 .debug_abbrev  0x000000000000119d      0x2af ./Core/Src/usart.o
 .debug_abbrev  0x000000000000144c       0x12 ./Core/Startup/startup_stm32f446retx.o
 .debug_abbrev  0x000000000000145e      0x20d ./Drivers/STM32F4xx_HAL_Driver/Src/stm32f4xx_hal.o
 .debug_abbrev  0x000000000000166b      0x244 ./Drivers/STM32F4xx_HAL_Driver/Src/stm32f4xx_hal_adc.o
 .debug_abbrev  0x00000000000018af      0x316 ./Drivers/STM32F4xx_HAL_Driver/Src/stm32f4xx_hal_cortex.o
 .debug_abbrev  0x0000000000001bc5      0x1c4 ./Drivers/STM32F4xx_HAL_Driver/Src/stm32f4xx_hal_gpio.o
 .debug_abbrev  0x0000000000001d89      0x1c9 ./Drivers/STM32F4xx_HAL_Driver/Src/stm32f4xx_hal_pwr_ex.o
 .debug_abbrev  0x0000000000001f52      0x2aa ./Drivers/STM32F4xx_HAL_Driver/Src/stm32f4xx_hal_rcc.o
 .debug_abbrev  0x00000000000021fc      0x1fb ./Drivers/STM32F4xx_HAL_Driver/Src/stm32f4xx_hal_rcc_ex.o
 .debug_abbrev  0x00000000000023f7      0x25d ./Drivers/STM32F4xx_HAL_Driver/Src/stm32f4xx_hal_tim.o
 .debug_abbrev  0x0000000000002654      0x265 ./Drivers/STM32F4xx_HAL_Driver/Src/stm32f4xx_hal_tim_ex.o
 .debug_abbrev  0x00000000000028b9      0x2f4 ./Drivers/STM32F4xx_HAL_Driver/Src/stm32f4xx_hal_uart.o
 .debug_abbrev  0x0000000000002bad      0x183 ./Drivers/STM32F4xx_HAL_Driver/Src/stm32f4xx_ll_exti.o
 .debug_abbrev  0x0000000000002d30      0x20e ./Drivers/STM32F4xx_HAL_Driver/Src/stm32f4xx_ll_gpio.o
 .debug_abbrev  0x0000000000002f3e      0x1e7 ./Drivers/STM32F4xx_HAL_Driver/Src/stm32f4xx_ll_rcc.o
 .debug_abbrev  0x0000000000003125      0x1e0 ./Drivers/STM32F4xx_HAL_Driver/Src/stm32f4xx_ll_usart.o

.debug_aranges  0x0000000000000000     0x1278
 .debug_aranges
                0x0000000000000000       0x30 ./Core/Src/adc.o
 .debug_aranges
                0x0000000000000030       0x68 ./Core/Src/gpio.o
 .debug_aranges
                0x0000000000000098       0x48 ./Core/Src/main.o
 .debug_aranges
                0x00000000000000e0       0x40 ./Core/Src/protocol.o
 .debug_aranges
                0x0000000000000120       0x28 ./Core/Src/status.o
 .debug_aranges
                0x0000000000000148       0x20 ./Core/Src/stm32f4xx_hal_msp.o
 .debug_aranges
                0x0000000000000168       0x88 ./Core/Src/stm32f4xx_it.o
 .debug_aranges
                0x00000000000001f0       0x30 ./Core/Src/switch.o
 .debug_aranges
                0x0000000000000220       0x28 ./Core/Src/system_stm32f4xx.o
 .debug_aranges
                0x0000000000000248       0x38 ./Core/Src/tim.o
 .debug_aranges
                0x0000000000000280       0x88 ./Core/Src/usart.o
 .debug_aranges
                0x0000000000000308       0x28 ./Core/Startup/startup_stm32f446retx.o
 .debug_aranges
                0x0000000000000330       0xf0 ./Drivers/STM32F4xx_HAL_Driver/Src/stm32f4xx_hal.o
 .debug_aranges
                0x0000000000000420       0xe8 ./Drivers/STM32F4xx_HAL_Driver/Src/stm32f4xx_hal_adc.o
 .debug_aranges
                0x0000000000000508      0x118 ./Drivers/STM32F4xx_HAL_Driver/Src/stm32f4xx_hal_cortex.o
 .debug_aranges
                0x0000000000000620       0x58 ./Drivers/STM32F4xx_HAL_Driver/Src/stm32f4xx_hal_gpio.o
 .debug_aranges
                0x0000000000000678       0x60 ./Drivers/STM32F4xx_HAL_Driver/Src/stm32f4xx_hal_pwr_ex.o
 .debug_aranges
                0x00000000000006d8       0x88 ./Drivers/STM32F4xx_HAL_Driver/Src/stm32f4xx_hal_rcc.o
 .debug_aranges
                0x0000000000000760       0x78 ./Drivers/STM32F4xx_HAL_Driver/Src/stm32f4xx_hal_rcc_ex.o
 .debug_aranges
                0x00000000000007d8      0x3d0 ./Drivers/STM32F4xx_HAL_Driver/Src/stm32f4xx_hal_tim.o
 .debug_aranges
                0x0000000000000ba8      0x168 ./Drivers/STM32F4xx_HAL_Driver/Src/stm32f4xx_hal_tim_ex.o
 .debug_aranges
                0x0000000000000d10      0x200 ./Drivers/STM32F4xx_HAL_Driver/Src/stm32f4xx_hal_uart.o
 .debug_aranges
                0x0000000000000f10       0x70 ./Drivers/STM32F4xx_HAL_Driver/Src/stm32f4xx_ll_exti.o
 .debug_aranges
                0x0000000000000f80       0x70 ./Drivers/STM32F4xx_HAL_Driver/Src/stm32f4xx_ll_gpio.o
 .debug_aranges
                0x0000000000000ff0      0x200 ./Drivers/STM32F4xx_HAL_Driver/Src/stm32f4xx_ll_rcc.o
 .debug_aranges
                0x00000000000011f0       0x88 ./Drivers/STM32F4xx_HAL_Driver/Src/stm32f4xx_ll_usart.o

.debug_ranges   0x0000000000000000     0x1110
 .debug_ranges  0x0000000000000000       0x20 ./Core/Src/adc.o
 .debug_ranges  0x0000000000000020       0x58 ./Core/Src/gpio.o
 .debug_ranges  0x0000000000000078       0x38 ./Core/Src/main.o
 .debug_ranges  0x00000000000000b0       0x30 ./Core/Src/protocol.o
 .debug_ranges  0x00000000000000e0       0x18 ./Core/Src/status.o
 .debug_ranges  0x00000000000000f8       0x10 ./Core/Src/stm32f4xx_hal_msp.o
 .debug_ranges  0x0000000000000108       0x78 ./Core/Src/stm32f4xx_it.o
 .debug_ranges  0x0000000000000180       0x20 ./Core/Src/switch.o
 .debug_ranges  0x00000000000001a0       0x18 ./Core/Src/system_stm32f4xx.o
 .debug_ranges  0x00000000000001b8       0x28 ./Core/Src/tim.o
 .debug_ranges  0x00000000000001e0       0x78 ./Core/Src/usart.o
 .debug_ranges  0x0000000000000258       0x20 ./Core/Startup/startup_stm32f446retx.o
 .debug_ranges  0x0000000000000278       0xe0 ./Drivers/STM32F4xx_HAL_Driver/Src/stm32f4xx_hal.o
 .debug_ranges  0x0000000000000358       0xd8 ./Drivers/STM32F4xx_HAL_Driver/Src/stm32f4xx_hal_adc.o
 .debug_ranges  0x0000000000000430      0x108 ./Drivers/STM32F4xx_HAL_Driver/Src/stm32f4xx_hal_cortex.o
 .debug_ranges  0x0000000000000538       0x48 ./Drivers/STM32F4xx_HAL_Driver/Src/stm32f4xx_hal_gpio.o
 .debug_ranges  0x0000000000000580       0x50 ./Drivers/STM32F4xx_HAL_Driver/Src/stm32f4xx_hal_pwr_ex.o
 .debug_ranges  0x00000000000005d0       0x78 ./Drivers/STM32F4xx_HAL_Driver/Src/stm32f4xx_hal_rcc.o
 .debug_ranges  0x0000000000000648       0x68 ./Drivers/STM32F4xx_HAL_Driver/Src/stm32f4xx_hal_rcc_ex.o
 .debug_ranges  0x00000000000006b0      0x3c0 ./Drivers/STM32F4xx_HAL_Driver/Src/stm32f4xx_hal_tim.o
 .debug_ranges  0x0000000000000a70      0x158 ./Drivers/STM32F4xx_HAL_Driver/Src/stm32f4xx_hal_tim_ex.o
 .debug_ranges  0x0000000000000bc8      0x220 ./Drivers/STM32F4xx_HAL_Driver/Src/stm32f4xx_hal_uart.o
 .debug_ranges  0x0000000000000de8       0x60 ./Drivers/STM32F4xx_HAL_Driver/Src/stm32f4xx_ll_exti.o
 .debug_ranges  0x0000000000000e48       0x60 ./Drivers/STM32F4xx_HAL_Driver/Src/stm32f4xx_ll_gpio.o
 .debug_ranges  0x0000000000000ea8      0x1f0 ./Drivers/STM32F4xx_HAL_Driver/Src/stm32f4xx_ll_rcc.o
 .debug_ranges  0x0000000000001098       0x78 ./Drivers/STM32F4xx_HAL_Driver/Src/stm32f4xx_ll_usart.o

.debug_macro    0x0000000000000000    0x28b7f
 .debug_macro   0x0000000000000000      0x44b ./Core/Src/adc.o
 .debug_macro   0x000000000000044b      0xa7e ./Core/Src/adc.o
 .debug_macro   0x0000000000000ec9      0x2a1 ./Core/Src/adc.o
 .debug_macro   0x000000000000116a       0x2e ./Core/Src/adc.o
 .debug_macro   0x0000000000001198       0x28 ./Core/Src/adc.o
 .debug_macro   0x00000000000011c0       0x22 ./Core/Src/adc.o
 .debug_macro   0x00000000000011e2       0x8e ./Core/Src/adc.o
 .debug_macro   0x0000000000001270       0x51 ./Core/Src/adc.o
 .debug_macro   0x00000000000012c1      0x103 ./Core/Src/adc.o
 .debug_macro   0x00000000000013c4       0x6a ./Core/Src/adc.o
 .debug_macro   0x000000000000142e      0x1df ./Core/Src/adc.o
 .debug_macro   0x000000000000160d       0x1c ./Core/Src/adc.o
 .debug_macro   0x0000000000001629       0x22 ./Core/Src/adc.o
 .debug_macro   0x000000000000164b       0xd9 ./Core/Src/adc.o
 .debug_macro   0x0000000000001724     0x102d ./Core/Src/adc.o
 .debug_macro   0x0000000000002751      0x11f ./Core/Src/adc.o
 .debug_macro   0x0000000000002870    0x16749 ./Core/Src/adc.o
 .debug_macro   0x0000000000018fb9       0x6d ./Core/Src/adc.o
 .debug_macro   0x0000000000019026     0x367e ./Core/Src/adc.o
 .debug_macro   0x000000000001c6a4      0x174 ./Core/Src/adc.o
 .debug_macro   0x000000000001c818       0x5c ./Core/Src/adc.o
 .debug_macro   0x000000000001c874      0xc90 ./Core/Src/adc.o
 .debug_macro   0x000000000001d504      0x9fe ./Core/Src/adc.o
 .debug_macro   0x000000000001df02      0x115 ./Core/Src/adc.o
 .debug_macro   0x000000000001e017      0x1a0 ./Core/Src/adc.o
 .debug_macro   0x000000000001e1b7       0xa5 ./Core/Src/adc.o
 .debug_macro   0x000000000001e25c      0x16d ./Core/Src/adc.o
 .debug_macro   0x000000000001e3c9      0x287 ./Core/Src/adc.o
 .debug_macro   0x000000000001e650       0x5f ./Core/Src/adc.o
 .debug_macro   0x000000000001e6af      0x236 ./Core/Src/adc.o
 .debug_macro   0x000000000001e8e5      0xb5b ./Core/Src/adc.o
 .debug_macro   0x000000000001f440      0x38b ./Core/Src/adc.o
 .debug_macro   0x000000000001f7cb      0x17d ./Core/Src/adc.o
 .debug_macro   0x000000000001f948       0xf9 ./Core/Src/adc.o
 .debug_macro   0x000000000001fa41      0x132 ./Core/Src/adc.o
 .debug_macro   0x000000000001fb73      0x29c ./Core/Src/adc.o
 .debug_macro   0x000000000001fe0f       0x2e ./Core/Src/adc.o
 .debug_macro   0x000000000001fe3d      0x11a ./Core/Src/adc.o
 .debug_macro   0x000000000001ff57       0xe8 ./Core/Src/adc.o
 .debug_macro   0x000000000002003f       0x89 ./Core/Src/adc.o
 .debug_macro   0x00000000000200c8      0x8e6 ./Core/Src/adc.o
 .debug_macro   0x00000000000209ae       0x4d ./Core/Src/adc.o
 .debug_macro   0x00000000000209fb      0x295 ./Core/Src/adc.o
 .debug_macro   0x0000000000020c90      0x126 ./Core/Src/adc.o
 .debug_macro   0x0000000000020db6      0x1bb ./Core/Src/adc.o
 .debug_macro   0x0000000000020f71      0xd69 ./Core/Src/adc.o
 .debug_macro   0x0000000000021cda      0x21c ./Core/Src/adc.o
 .debug_macro   0x0000000000021ef6      0x149 ./Core/Src/adc.o
 .debug_macro   0x000000000002203f       0xe8 ./Core/Src/adc.o
 .debug_macro   0x0000000000022127      0x1db ./Core/Src/adc.o
 .debug_macro   0x0000000000022302      0x1a6 ./Core/Src/adc.o
 .debug_macro   0x00000000000224a8       0x61 ./Core/Src/adc.o
 .debug_macro   0x0000000000022509       0xd5 ./Core/Src/adc.o
 .debug_macro   0x00000000000225de      0x1e6 ./Core/Src/adc.o
 .debug_macro   0x00000000000227c4       0x52 ./Core/Src/adc.o
 .debug_macro   0x0000000000022816       0x1e ./Core/Src/adc.o
 .debug_macro   0x0000000000022834       0x3c ./Core/Src/adc.o
 .debug_macro   0x0000000000022870       0x34 ./Core/Src/adc.o
 .debug_macro   0x00000000000228a4       0x16 ./Core/Src/adc.o
 .debug_macro   0x00000000000228ba       0x35 ./Core/Src/adc.o
 .debug_macro   0x00000000000228ef      0x341 ./Core/Src/adc.o
 .debug_macro   0x0000000000022c30       0x10 ./Core/Src/adc.o
 .debug_macro   0x0000000000022c40       0x16 ./Core/Src/adc.o
 .debug_macro   0x0000000000022c56       0x43 ./Core/Src/adc.o
 .debug_macro   0x0000000000022c99       0x34 ./Core/Src/adc.o
 .debug_macro   0x0000000000022ccd       0x10 ./Core/Src/adc.o
 .debug_macro   0x0000000000022cdd       0x58 ./Core/Src/adc.o
 .debug_macro   0x0000000000022d35       0x71 ./Core/Src/adc.o
 .debug_macro   0x0000000000022da6       0x1c ./Core/Src/adc.o
 .debug_macro   0x0000000000022dc2      0x12a ./Core/Src/adc.o
 .debug_macro   0x0000000000022eec       0x10 ./Core/Src/adc.o
 .debug_macro   0x0000000000022efc       0x1c ./Core/Src/adc.o
 .debug_macro   0x0000000000022f18       0x52 ./Core/Src/adc.o
 .debug_macro   0x0000000000022f6a       0x22 ./Core/Src/adc.o
 .debug_macro   0x0000000000022f8c       0x10 ./Core/Src/adc.o
 .debug_macro   0x0000000000022f9c       0x52 ./Core/Src/adc.o
 .debug_macro   0x0000000000022fee       0xd5 ./Core/Src/adc.o
 .debug_macro   0x00000000000230c3       0x1c ./Core/Src/adc.o
 .debug_macro   0x00000000000230df       0x3d ./Core/Src/adc.o
 .debug_macro   0x000000000002311c       0x16 ./Core/Src/adc.o
 .debug_macro   0x0000000000023132      0x145 ./Core/Src/adc.o
 .debug_macro   0x0000000000023277       0x16 ./Core/Src/adc.o
 .debug_macro   0x000000000002328d       0x20 ./Core/Src/adc.o
 .debug_macro   0x00000000000232ad       0x76 ./Core/Src/adc.o
 .debug_macro   0x0000000000023323      0x15e ./Core/Src/adc.o
 .debug_macro   0x0000000000023481      0x44b ./Core/Src/gpio.o
 .debug_macro   0x00000000000238cc      0x46b ./Core/Src/main.o
 .debug_macro   0x0000000000023d37      0x445 ./Core/Src/protocol.o
 .debug_macro   0x000000000002417c      0x445 ./Core/Src/status.o
 .debug_macro   0x00000000000245c1      0x441 ./Core/Src/stm32f4xx_hal_msp.o
 .debug_macro   0x0000000000024a02      0x445 ./Core/Src/stm32f4xx_it.o
 .debug_macro   0x0000000000024e47      0x445 ./Core/Src/switch.o
 .debug_macro   0x000000000002528c      0x1f6 ./Core/Src/system_stm32f4xx.o
 .debug_macro   0x0000000000025482      0x44b ./Core/Src/tim.o
 .debug_macro   0x00000000000258cd      0x445 ./Core/Src/usart.o
 .debug_macro   0x0000000000025d12      0x256 ./Drivers/STM32F4xx_HAL_Driver/Src/stm32f4xx_hal.o
 .debug_macro   0x0000000000025f68      0x1f7 ./Drivers/STM32F4xx_HAL_Driver/Src/stm32f4xx_hal_adc.o
 .debug_macro   0x000000000002615f      0x1f6 ./Drivers/STM32F4xx_HAL_Driver/Src/stm32f4xx_hal_cortex.o
 .debug_macro   0x0000000000026355      0x1fc ./Drivers/STM32F4xx_HAL_Driver/Src/stm32f4xx_hal_gpio.o
 .debug_macro   0x0000000000026551      0x20e ./Drivers/STM32F4xx_HAL_Driver/Src/stm32f4xx_hal_pwr_ex.o
 .debug_macro   0x000000000002675f      0x21a ./Drivers/STM32F4xx_HAL_Driver/Src/stm32f4xx_hal_rcc.o
 .debug_macro   0x0000000000026979      0x1f6 ./Drivers/STM32F4xx_HAL_Driver/Src/stm32f4xx_hal_rcc_ex.o
 .debug_macro   0x0000000000026b6f      0x1f7 ./Drivers/STM32F4xx_HAL_Driver/Src/stm32f4xx_hal_tim.o
 .debug_macro   0x0000000000026d66      0x1f6 ./Drivers/STM32F4xx_HAL_Driver/Src/stm32f4xx_hal_tim_ex.o
 .debug_macro   0x0000000000026f5c      0x1f7 ./Drivers/STM32F4xx_HAL_Driver/Src/stm32f4xx_hal_uart.o
 .debug_macro   0x0000000000027153      0x21d ./Drivers/STM32F4xx_HAL_Driver/Src/stm32f4xx_ll_exti.o
 .debug_macro   0x0000000000027370       0xe2 ./Drivers/STM32F4xx_HAL_Driver/Src/stm32f4xx_ll_exti.o
 .debug_macro   0x0000000000027452      0x238 ./Drivers/STM32F4xx_HAL_Driver/Src/stm32f4xx_ll_gpio.o
 .debug_macro   0x000000000002768a      0x143 ./Drivers/STM32F4xx_HAL_Driver/Src/stm32f4xx_ll_gpio.o
 .debug_macro   0x00000000000277cd      0x235 ./Drivers/STM32F4xx_HAL_Driver/Src/stm32f4xx_ll_rcc.o
 .debug_macro   0x0000000000027a02      0xd63 ./Drivers/STM32F4xx_HAL_Driver/Src/stm32f4xx_ll_rcc.o
 .debug_macro   0x0000000000028765      0x265 ./Drivers/STM32F4xx_HAL_Driver/Src/stm32f4xx_ll_usart.o
 .debug_macro   0x00000000000289ca      0x1b5 ./Drivers/STM32F4xx_HAL_Driver/Src/stm32f4xx_ll_usart.o

.debug_line     0x0000000000000000    0x18184
 .debug_line    0x0000000000000000      0xad9 ./Core/Src/adc.o
 .debug_line    0x0000000000000ad9      0xcfb ./Core/Src/gpio.o
 .debug_line    0x00000000000017d4      0xb8f ./Core/Src/main.o
 .debug_line    0x0000000000002363      0xc20 ./Core/Src/protocol.o
 .debug_line    0x0000000000002f83      0xad7 ./Core/Src/status.o
 .debug_line    0x0000000000003a5a      0xa59 ./Core/Src/stm32f4xx_hal_msp.o
 .debug_line    0x00000000000044b3      0xbc8 ./Core/Src/stm32f4xx_it.o
 .debug_line    0x000000000000507b      0xa91 ./Core/Src/switch.o
 .debug_line    0x0000000000005b0c      0x780 ./Core/Src/system_stm32f4xx.o
 .debug_line    0x000000000000628c      0xb15 ./Core/Src/tim.o
 .debug_line    0x0000000000006da1      0xcd0 ./Core/Src/usart.o
 .debug_line    0x0000000000007a71       0x88 ./Core/Startup/startup_stm32f446retx.o
 .debug_line    0x0000000000007af9      0x9e6 ./Drivers/STM32F4xx_HAL_Driver/Src/stm32f4xx_hal.o
 .debug_line    0x00000000000084df     0x1262 ./Drivers/STM32F4xx_HAL_Driver/Src/stm32f4xx_hal_adc.o
 .debug_line    0x0000000000009741      0xc95 ./Drivers/STM32F4xx_HAL_Driver/Src/stm32f4xx_hal_cortex.o
 .debug_line    0x000000000000a3d6      0xb46 ./Drivers/STM32F4xx_HAL_Driver/Src/stm32f4xx_hal_gpio.o
 .debug_line    0x000000000000af1c      0x915 ./Drivers/STM32F4xx_HAL_Driver/Src/stm32f4xx_hal_pwr_ex.o
 .debug_line    0x000000000000b831      0xd6c ./Drivers/STM32F4xx_HAL_Driver/Src/stm32f4xx_hal_rcc.o
 .debug_line    0x000000000000c59d     0x13f6 ./Drivers/STM32F4xx_HAL_Driver/Src/stm32f4xx_hal_rcc_ex.o
 .debug_line    0x000000000000d993     0x36da ./Drivers/STM32F4xx_HAL_Driver/Src/stm32f4xx_hal_tim.o
 .debug_line    0x000000000001106d     0x19e3 ./Drivers/STM32F4xx_HAL_Driver/Src/stm32f4xx_hal_tim_ex.o
 .debug_line    0x0000000000012a50     0x2a8b ./Drivers/STM32F4xx_HAL_Driver/Src/stm32f4xx_hal_uart.o
 .debug_line    0x00000000000154db      0x874 ./Drivers/STM32F4xx_HAL_Driver/Src/stm32f4xx_ll_exti.o
 .debug_line    0x0000000000015d4f      0x9c8 ./Drivers/STM32F4xx_HAL_Driver/Src/stm32f4xx_ll_gpio.o
 .debug_line    0x0000000000016717     0x1110 ./Drivers/STM32F4xx_HAL_Driver/Src/stm32f4xx_ll_rcc.o
 .debug_line    0x0000000000017827      0x95d ./Drivers/STM32F4xx_HAL_Driver/Src/stm32f4xx_ll_usart.o

.debug_str      0x0000000000000000    0xef169
 .debug_str     0x0000000000000000    0xe967b ./Core/Src/adc.o
                                      0xe9d6c (size before relaxing)
 .debug_str     0x00000000000e967b      0x73b ./Core/Src/gpio.o
                                      0xea09d (size before relaxing)
 .debug_str     0x00000000000e9db6      0x2db ./Core/Src/main.o
                                      0xe9b86 (size before relaxing)
 .debug_str     0x00000000000ea091       0x8d ./Core/Src/protocol.o
                                      0xe97af (size before relaxing)
 .debug_str     0x00000000000ea11e       0xaa ./Core/Src/status.o
                                      0xe9d40 (size before relaxing)
 .debug_str     0x00000000000ea1c8       0x2c ./Core/Src/stm32f4xx_hal_msp.o
                                      0xe982f (size before relaxing)
 .debug_str     0x00000000000ea1f4      0x174 ./Core/Src/stm32f4xx_it.o
                                      0xe9884 (size before relaxing)
 .debug_str     0x00000000000ea368       0x65 ./Core/Src/switch.o
                                      0xe97c2 (size before relaxing)
 .debug_str     0x00000000000ea3cd       0x87 ./Core/Src/system_stm32f4xx.o
                                      0xd56ad (size before relaxing)
 .debug_str     0x00000000000ea454      0x444 ./Core/Src/tim.o
                                      0xea008 (size before relaxing)
 .debug_str     0x00000000000ea898      0x2a4 ./Core/Src/usart.o
                                      0xea55a (size before relaxing)
 .debug_str     0x00000000000eab3c       0x36 ./Core/Startup/startup_stm32f446retx.o
                                         0x76 (size before relaxing)
 .debug_str     0x00000000000eab72      0x627 ./Drivers/STM32F4xx_HAL_Driver/Src/stm32f4xx_hal.o
                                      0xd6272 (size before relaxing)
 .debug_str     0x00000000000eb199      0x2d0 ./Drivers/STM32F4xx_HAL_Driver/Src/stm32f4xx_hal_adc.o
                                      0xd5c75 (size before relaxing)
 .debug_str     0x00000000000eb469      0x29e ./Drivers/STM32F4xx_HAL_Driver/Src/stm32f4xx_hal_cortex.o
                                      0xd5f80 (size before relaxing)
 .debug_str     0x00000000000eb707       0xd7 ./Drivers/STM32F4xx_HAL_Driver/Src/stm32f4xx_hal_gpio.o
                                      0xd5828 (size before relaxing)
 .debug_str     0x00000000000eb7de      0x135 ./Drivers/STM32F4xx_HAL_Driver/Src/stm32f4xx_hal_pwr_ex.o
                                      0xd5885 (size before relaxing)
 .debug_str     0x00000000000eb913      0x233 ./Drivers/STM32F4xx_HAL_Driver/Src/stm32f4xx_hal_rcc.o
                                      0xd5ae6 (size before relaxing)
 .debug_str     0x00000000000ebb46      0x312 ./Drivers/STM32F4xx_HAL_Driver/Src/stm32f4xx_hal_rcc_ex.o
                                      0xd5b19 (size before relaxing)
 .debug_str     0x00000000000ebe58      0xd77 ./Drivers/STM32F4xx_HAL_Driver/Src/stm32f4xx_hal_tim.o
                                      0xd6a02 (size before relaxing)
 .debug_str     0x00000000000ecbcf      0x493 ./Drivers/STM32F4xx_HAL_Driver/Src/stm32f4xx_hal_tim_ex.o
                                      0xd621e (size before relaxing)
 .debug_str     0x00000000000ed062      0x5f1 ./Drivers/STM32F4xx_HAL_Driver/Src/stm32f4xx_hal_uart.o
                                      0xd605b (size before relaxing)
 .debug_str     0x00000000000ed653      0x2ed ./Drivers/STM32F4xx_HAL_Driver/Src/stm32f4xx_ll_exti.o
                                      0xd5d10 (size before relaxing)
 .debug_str     0x00000000000ed940      0x62a ./Drivers/STM32F4xx_HAL_Driver/Src/stm32f4xx_ll_gpio.o
                                      0xd708d (size before relaxing)
 .debug_str     0x00000000000edf6a      0x9e3 ./Drivers/STM32F4xx_HAL_Driver/Src/stm32f4xx_ll_rcc.o
                                      0xdfb9c (size before relaxing)
 .debug_str     0x00000000000ee94d      0x81c ./Drivers/STM32F4xx_HAL_Driver/Src/stm32f4xx_ll_usart.o
                                      0xe1533 (size before relaxing)

.comment        0x0000000000000000       0x50
 .comment       0x0000000000000000       0x50 ./Core/Src/adc.o
                                         0x51 (size before relaxing)
 .comment       0x0000000000000050       0x51 ./Core/Src/gpio.o
 .comment       0x0000000000000050       0x51 ./Core/Src/main.o
 .comment       0x0000000000000050       0x51 ./Core/Src/protocol.o
 .comment       0x0000000000000050       0x51 ./Core/Src/status.o
 .comment       0x0000000000000050       0x51 ./Core/Src/stm32f4xx_hal_msp.o
 .comment       0x0000000000000050       0x51 ./Core/Src/stm32f4xx_it.o
 .comment       0x0000000000000050       0x51 ./Core/Src/switch.o
 .comment       0x0000000000000050       0x51 ./Core/Src/system_stm32f4xx.o
 .comment       0x0000000000000050       0x51 ./Core/Src/tim.o
 .comment       0x0000000000000050       0x51 ./Core/Src/usart.o
 .comment       0x0000000000000050       0x51 ./Drivers/STM32F4xx_HAL_Driver/Src/stm32f4xx_hal.o
 .comment       0x0000000000000050       0x51 ./Drivers/STM32F4xx_HAL_Driver/Src/stm32f4xx_hal_adc.o
 .comment       0x0000000000000050       0x51 ./Drivers/STM32F4xx_HAL_Driver/Src/stm32f4xx_hal_cortex.o
 .comment       0x0000000000000050       0x51 ./Drivers/STM32F4xx_HAL_Driver/Src/stm32f4xx_hal_gpio.o
 .comment       0x0000000000000050       0x51 ./Drivers/STM32F4xx_HAL_Driver/Src/stm32f4xx_hal_pwr_ex.o
 .comment       0x0000000000000050       0x51 ./Drivers/STM32F4xx_HAL_Driver/Src/stm32f4xx_hal_rcc.o
 .comment       0x0000000000000050       0x51 ./Drivers/STM32F4xx_HAL_Driver/Src/stm32f4xx_hal_rcc_ex.o
 .comment       0x0000000000000050       0x51 ./Drivers/STM32F4xx_HAL_Driver/Src/stm32f4xx_hal_tim.o
 .comment       0x0000000000000050       0x51 ./Drivers/STM32F4xx_HAL_Driver/Src/stm32f4xx_hal_tim_ex.o
 .comment       0x0000000000000050       0x51 ./Drivers/STM32F4xx_HAL_Driver/Src/stm32f4xx_hal_uart.o
 .comment       0x0000000000000050       0x51 ./Drivers/STM32F4xx_HAL_Driver/Src/stm32f4xx_ll_exti.o
 .comment       0x0000000000000050       0x51 ./Drivers/STM32F4xx_HAL_Driver/Src/stm32f4xx_ll_gpio.o
 .comment       0x0000000000000050       0x51 ./Drivers/STM32F4xx_HAL_Driver/Src/stm32f4xx_ll_rcc.o
 .comment       0x0000000000000050       0x51 ./Drivers/STM32F4xx_HAL_Driver/Src/stm32f4xx_ll_usart.o

.debug_frame    0x0000000000000000     0x4c40
 .debug_frame   0x0000000000000000       0x7c ./Core/Src/adc.o
 .debug_frame   0x000000000000007c      0x198 ./Core/Src/gpio.o
 .debug_frame   0x0000000000000214       0xd4 ./Core/Src/main.o
 .debug_frame   0x00000000000002e8       0xcc ./Core/Src/protocol.o
 .debug_frame   0x00000000000003b4       0x60 ./Core/Src/status.o
 .debug_frame   0x0000000000000414       0x38 ./Core/Src/stm32f4xx_hal_msp.o
 .debug_frame   0x000000000000044c      0x1a8 ./Core/Src/stm32f4xx_it.o
 .debug_frame   0x00000000000005f4       0x7c ./Core/Src/switch.o
 .debug_frame   0x0000000000000670       0x58 ./Core/Src/system_stm32f4xx.o
 .debug_frame   0x00000000000006c8       0xa8 ./Core/Src/tim.o
 .debug_frame   0x0000000000000770      0x220 ./Core/Src/usart.o
 .debug_frame   0x0000000000000990      0x374 ./Drivers/STM32F4xx_HAL_Driver/Src/stm32f4xx_hal.o
 .debug_frame   0x0000000000000d04      0x3fc ./Drivers/STM32F4xx_HAL_Driver/Src/stm32f4xx_hal_adc.o
 .debug_frame   0x0000000000001100      0x498 ./Drivers/STM32F4xx_HAL_Driver/Src/stm32f4xx_hal_cortex.o
 .debug_frame   0x0000000000001598      0x14c ./Drivers/STM32F4xx_HAL_Driver/Src/stm32f4xx_hal_gpio.o
 .debug_frame   0x00000000000016e4      0x14c ./Drivers/STM32F4xx_HAL_Driver/Src/stm32f4xx_hal_pwr_ex.o
 .debug_frame   0x0000000000001830      0x1f4 ./Drivers/STM32F4xx_HAL_Driver/Src/stm32f4xx_hal_rcc.o
 .debug_frame   0x0000000000001a24      0x1e8 ./Drivers/STM32F4xx_HAL_Driver/Src/stm32f4xx_hal_rcc_ex.o
 .debug_frame   0x0000000000001c0c     0x11c4 ./Drivers/STM32F4xx_HAL_Driver/Src/stm32f4xx_hal_tim.o
 .debug_frame   0x0000000000002dd0      0x638 ./Drivers/STM32F4xx_HAL_Driver/Src/stm32f4xx_hal_tim_ex.o
 .debug_frame   0x0000000000003408      0x92c ./Drivers/STM32F4xx_HAL_Driver/Src/stm32f4xx_hal_uart.o
 .debug_frame   0x0000000000003d34      0x1bc ./Drivers/STM32F4xx_HAL_Driver/Src/stm32f4xx_ll_exti.o
 .debug_frame   0x0000000000003ef0      0x1c0 ./Drivers/STM32F4xx_HAL_Driver/Src/stm32f4xx_ll_gpio.o
 .debug_frame   0x00000000000040b0      0x87c ./Drivers/STM32F4xx_HAL_Driver/Src/stm32f4xx_ll_rcc.o
 .debug_frame   0x000000000000492c      0x240 ./Drivers/STM32F4xx_HAL_Driver/Src/stm32f4xx_ll_usart.o
 .debug_frame   0x0000000000004b6c       0x2c c:/st/stm32cubeide_1.7.0/stm32cubeide/plugins/com.st.stm32cube.ide.mcu.externaltools.gnu-tools-for-stm32.10.3-2021.10.win32_1.0.0.202111181127/tools/bin/../lib/gcc/arm-none-eabi/10.3.1/../../../../arm-none-eabi/lib/thumb/v7e-m+fp/hard\libc_nano.a(lib_a-init.o)
 .debug_frame   0x0000000000004b98       0x28 c:/st/stm32cubeide_1.7.0/stm32cubeide/plugins/com.st.stm32cube.ide.mcu.externaltools.gnu-tools-for-stm32.10.3-2021.10.win32_1.0.0.202111181127/tools/bin/../lib/gcc/arm-none-eabi/10.3.1/../../../../arm-none-eabi/lib/thumb/v7e-m+fp/hard\libc_nano.a(lib_a-memcmp.o)
 .debug_frame   0x0000000000004bc0       0x20 c:/st/stm32cubeide_1.7.0/stm32cubeide/plugins/com.st.stm32cube.ide.mcu.externaltools.gnu-tools-for-stm32.10.3-2021.10.win32_1.0.0.202111181127/tools/bin/../lib/gcc/arm-none-eabi/10.3.1/../../../../arm-none-eabi/lib/thumb/v7e-m+fp/hard\libc_nano.a(lib_a-memset.o)
 .debug_frame   0x0000000000004be0       0x2c c:/st/stm32cubeide_1.7.0/stm32cubeide/plugins/com.st.stm32cube.ide.mcu.externaltools.gnu-tools-for-stm32.10.3-2021.10.win32_1.0.0.202111181127/tools/bin/../lib/gcc/arm-none-eabi/10.3.1/thumb/v7e-m+fp/hard\libgcc.a(_aeabi_uldivmod.o)
 .debug_frame   0x0000000000004c0c       0x34 c:/st/stm32cubeide_1.7.0/stm32cubeide/plugins/com.st.stm32cube.ide.mcu.externaltools.gnu-tools-for-stm32.10.3-2021.10.win32_1.0.0.202111181127/tools/bin/../lib/gcc/arm-none-eabi/10.3.1/thumb/v7e-m+fp/hard\libgcc.a(_udivmoddi4.o)
