Archive member included to satisfy reference by file (symbol)

c:/st/stm32cubeide_1.7.0/stm32cubeide/plugins/com.st.stm32cube.ide.mcu.externaltools.gnu-tools-for-stm32.10.3-2021.10.win32_1.0.0.202111181127/tools/bin/../lib/gcc/arm-none-eabi/10.3.1/../../../../arm-none-eabi/lib/thumb/v7e-m+fp/hard\libc_nano.a(lib_a-errno.o)
                              ./Core/Src/syscalls.o (__errno)
c:/st/stm32cubeide_1.7.0/stm32cubeide/plugins/com.st.stm32cube.ide.mcu.externaltools.gnu-tools-for-stm32.10.3-2021.10.win32_1.0.0.202111181127/tools/bin/../lib/gcc/arm-none-eabi/10.3.1/../../../../arm-none-eabi/lib/thumb/v7e-m+fp/hard\libc_nano.a(lib_a-exit.o)
                              c:/st/stm32cubeide_1.7.0/stm32cubeide/plugins/com.st.stm32cube.ide.mcu.externaltools.gnu-tools-for-stm32.10.3-2021.10.win32_1.0.0.202111181127/tools/bin/../lib/gcc/arm-none-eabi/10.3.1/../../../../arm-none-eabi/lib/thumb/v7e-m+fp/hard/crt0.o (exit)
c:/st/stm32cubeide_1.7.0/stm32cubeide/plugins/com.st.stm32cube.ide.mcu.externaltools.gnu-tools-for-stm32.10.3-2021.10.win32_1.0.0.202111181127/tools/bin/../lib/gcc/arm-none-eabi/10.3.1/../../../../arm-none-eabi/lib/thumb/v7e-m+fp/hard\libc_nano.a(lib_a-impure.o)
                              c:/st/stm32cubeide_1.7.0/stm32cubeide/plugins/com.st.stm32cube.ide.mcu.externaltools.gnu-tools-for-stm32.10.3-2021.10.win32_1.0.0.202111181127/tools/bin/../lib/gcc/arm-none-eabi/10.3.1/../../../../arm-none-eabi/lib/thumb/v7e-m+fp/hard\libc_nano.a(lib_a-exit.o) (_global_impure_ptr)
c:/st/stm32cubeide_1.7.0/stm32cubeide/plugins/com.st.stm32cube.ide.mcu.externaltools.gnu-tools-for-stm32.10.3-2021.10.win32_1.0.0.202111181127/tools/bin/../lib/gcc/arm-none-eabi/10.3.1/../../../../arm-none-eabi/lib/thumb/v7e-m+fp/hard\libc_nano.a(lib_a-init.o)
                              c:/st/stm32cubeide_1.7.0/stm32cubeide/plugins/com.st.stm32cube.ide.mcu.externaltools.gnu-tools-for-stm32.10.3-2021.10.win32_1.0.0.202111181127/tools/bin/../lib/gcc/arm-none-eabi/10.3.1/../../../../arm-none-eabi/lib/thumb/v7e-m+fp/hard/crt0.o (__libc_init_array)
c:/st/stm32cubeide_1.7.0/stm32cubeide/plugins/com.st.stm32cube.ide.mcu.externaltools.gnu-tools-for-stm32.10.3-2021.10.win32_1.0.0.202111181127/tools/bin/../lib/gcc/arm-none-eabi/10.3.1/../../../../arm-none-eabi/lib/thumb/v7e-m+fp/hard\libc_nano.a(lib_a-memcmp.o)
                              ./Core/Src/status.o (memcmp)
c:/st/stm32cubeide_1.7.0/stm32cubeide/plugins/com.st.stm32cube.ide.mcu.externaltools.gnu-tools-for-stm32.10.3-2021.10.win32_1.0.0.202111181127/tools/bin/../lib/gcc/arm-none-eabi/10.3.1/../../../../arm-none-eabi/lib/thumb/v7e-m+fp/hard\libc_nano.a(lib_a-memset.o)
                              c:/st/stm32cubeide_1.7.0/stm32cubeide/plugins/com.st.stm32cube.ide.mcu.externaltools.gnu-tools-for-stm32.10.3-2021.10.win32_1.0.0.202111181127/tools/bin/../lib/gcc/arm-none-eabi/10.3.1/../../../../arm-none-eabi/lib/thumb/v7e-m+fp/hard/crt0.o (memset)
c:/st/stm32cubeide_1.7.0/stm32cubeide/plugins/com.st.stm32cube.ide.mcu.externaltools.gnu-tools-for-stm32.10.3-2021.10.win32_1.0.0.202111181127/tools/bin/../lib/gcc/arm-none-eabi/10.3.1/thumb/v7e-m+fp/hard\libgcc.a(_aeabi_uldivmod.o)
                              ./Drivers/STM32F4xx_HAL_Driver/Src/stm32f4xx_hal_rcc.o (__aeabi_uldivmod)
c:/st/stm32cubeide_1.7.0/stm32cubeide/plugins/com.st.stm32cube.ide.mcu.externaltools.gnu-tools-for-stm32.10.3-2021.10.win32_1.0.0.202111181127/tools/bin/../lib/gcc/arm-none-eabi/10.3.1/thumb/v7e-m+fp/hard\libgcc.a(_udivmoddi4.o)
                              c:/st/stm32cubeide_1.7.0/stm32cubeide/plugins/com.st.stm32cube.ide.mcu.externaltools.gnu-tools-for-stm32.10.3-2021.10.win32_1.0.0.202111181127/tools/bin/../lib/gcc/arm-none-eabi/10.3.1/thumb/v7e-m+fp/hard\libgcc.a(_aeabi_uldivmod.o) (__udivmoddi4)
c:/st/stm32cubeide_1.7.0/stm32cubeide/plugins/com.st.stm32cube.ide.mcu.externaltools.gnu-tools-for-stm32.10.3-2021.10.win32_1.0.0.202111181127/tools/bin/../lib/gcc/arm-none-eabi/10.3.1/thumb/v7e-m+fp/hard\libgcc.a(_dvmd_tls.o)
                              c:/st/stm32cubeide_1.7.0/stm32cubeide/plugins/com.st.stm32cube.ide.mcu.externaltools.gnu-tools-for-stm32.10.3-2021.10.win32_1.0.0.202111181127/tools/bin/../lib/gcc/arm-none-eabi/10.3.1/thumb/v7e-m+fp/hard\libgcc.a(_aeabi_uldivmod.o) (__aeabi_ldiv0)

Discarded input sections

 .text          0x0000000000000000        0x0 c:/st/stm32cubeide_1.7.0/stm32cubeide/plugins/com.st.stm32cube.ide.mcu.externaltools.gnu-tools-for-stm32.10.3-2021.10.win32_1.0.0.202111181127/tools/bin/../lib/gcc/arm-none-eabi/10.3.1/thumb/v7e-m+fp/hard/crti.o
 .data          0x0000000000000000        0x0 c:/st/stm32cubeide_1.7.0/stm32cubeide/plugins/com.st.stm32cube.ide.mcu.externaltools.gnu-tools-for-stm32.10.3-2021.10.win32_1.0.0.202111181127/tools/bin/../lib/gcc/arm-none-eabi/10.3.1/thumb/v7e-m+fp/hard/crti.o
[...]
Memory Configuration

Name             Origin             Length             Attributes
RAM              0x0000000020000000 0x0000000000020000 xrw
FLASH            0x0000000008000000 0x0000000000080000 xr
*default*        0x0000000000000000 0xffffffffffffffff

Linker script and memory map

LOAD c:/st/stm32cubeide_1.7.0/stm32cubeide/plugins/com.st.stm32cube.ide.mcu.externaltools.gnu-tools-for-stm32.10.3-2021.10.win32_1.0.0.202111181127/tools/bin/../lib/gcc/arm-none-eabi/10.3.1/thumb/v7e-m+fp/hard/crti.o
LOAD c:/st/stm32cubeide_1.7.0/stm32cubeide/plugins/com.st.stm32cube.ide.mcu.externaltools.gnu-tools-for-stm32.10.3-2021.10.win32_1.0.0.202111181127/tools/bin/../lib/gcc/arm-none-eabi/10.3.1/thumb/v7e-m+fp/hard/crtbegin.o
LOAD c:/st/stm32cubeide_1.7.0/stm32cubeide/plugins/com.st.stm32cube.ide.mcu.externaltools.gnu-tools-for-stm32.10.3-2021.10.win32_1.0.0.202111181127/tools/bin/../lib/gcc/arm-none-eabi/10.3.1/../../../../arm-none-eabi/lib/thumb/v7e-m+fp/hard/crt0.o
LOAD ./Core/Src/adc.o
LOAD ./Core/Src/delay.o
LOAD ./Core/Src/gpio.o
LOAD ./Core/Src/main.o
LOAD ./Core/Src/protocol.o
LOAD ./Core/Src/result.o
LOAD ./Core/Src/ringbuf.o
LOAD ./Core/Src/status.o
LOAD ./Core/Src/stm32f4xx_hal_msp.o
LOAD ./Core/Src/stm32f4xx_it.o
LOAD ./Core/Src/switch.o
LOAD ./Core/Src/syscalls.o
LOAD ./Core/Src/sysmem.o
LOAD ./Core/Src/system_stm32f4xx.o
LOAD ./Core/Src/tim.o
LOAD ./Core/Src/usart.o
LOAD ./Core/Startup/startup_stm32f446retx.o
LOAD ./Drivers/STM32F4xx_HAL_Driver/Src/stm32f4xx_hal.o
LOAD ./Drivers/STM32F4xx_HAL_Driver/Src/stm32f4xx_hal_adc.o
LOAD ./Drivers/STM32F4xx_HAL_Driver/Src/stm32f4xx_hal_adc_ex.o
LOAD ./Drivers/STM32F4xx_HAL_Driver/Src/stm32f4xx_hal_cortex.o
LOAD ./Drivers/STM32F4xx_HAL_Driver/Src/stm32f4xx_hal_dma.o
LOAD ./Drivers/STM32F4xx_HAL_Driver/Src/stm32f4xx_hal_dma_ex.o
LOAD ./Drivers/STM32F4xx_HAL_Driver/Src/stm32f4xx_hal_exti.o
LOAD ./Drivers/STM32F4xx_HAL_Driver/Src/stm32f4xx_hal_flash.o
LOAD ./Drivers/STM32F4xx_HAL_Driver/Src/stm32f4xx_hal_flash_ex.o
LOAD ./Drivers/STM32F4xx_HAL_Driver/Src/stm32f4xx_hal_flash_ramfunc.o
LOAD ./Drivers/STM32F4xx_HAL_Driver/Src/stm32f4xx_hal_gpio.o
LOAD ./Drivers/STM32F4xx_HAL_Driver/Src/stm32f4xx_hal_pwr.o
LOAD ./Drivers/STM32F4xx_HAL_Driver/Src/stm32f4xx_hal_pwr_ex.o
LOAD ./Drivers/STM32F4xx_HAL_Driver/Src/stm32f4xx_hal_rcc.o
LOAD ./Drivers/STM32F4xx_HAL_Driver/Src/stm32f4xx_hal_rcc_ex.o
LOAD ./Drivers/STM32F4xx_HAL_Driver/Src/stm32f4xx_hal_tim.o
LOAD ./Drivers/STM32F4xx_HAL_Driver/Src/stm32f4xx_hal_tim_ex.o
LOAD ./Drivers/STM32F4xx_HAL_Driver/Src/stm32f4xx_hal_uart.o
LOAD ./Drivers/STM32F4xx_HAL_Driver/Src/stm32f4xx_ll_adc.o
LOAD ./Drivers/STM32F4xx_HAL_Driver/Src/stm32f4xx_ll_exti.o
LOAD ./Drivers/STM32F4xx_HAL_Driver/Src/stm32f4xx_ll_gpio.o
LOAD ./Drivers/STM32F4xx_HAL_Driver/Src/stm32f4xx_ll_rcc.o
LOAD ./Drivers/STM32F4xx_HAL_Driver/Src/stm32f4xx_ll_utils.o
START GROUP
LOAD c:/st/stm32cubeide_1.7.0/stm32cubeide/plugins/com.st.stm32cube.ide.mcu.externaltools.gnu-tools-for-stm32.10.3-2021.10.win32_1.0.0.202111181127/tools/bin/../lib/gcc/arm-none-eabi/10.3.1/../../../../arm-none-eabi/lib/thumb/v7e-m+fp/hard\libc_nano.a
LOAD c:/st/stm32cubeide_1.7.0/stm32cubeide/plugins/com.st.stm32cube.ide.mcu.externaltools.gnu-tools-for-stm32.10.3-2021.10.win32_1.0.0.202111181127/tools/bin/../lib/gcc/arm-none-eabi/10.3.1/../../../../arm-none-eabi/lib/thumb/v7e-m+fp/hard\libm.a
END GROUP
START GROUP
LOAD c:/st/stm32cubeide_1.7.0/stm32cubeide/plugins/com.st.stm32cube.ide.mcu.externaltools.gnu-tools-for-stm32.10.3-2021.10.win32_1.0.0.202111181127/tools/bin/../lib/gcc/arm-none-eabi/10.3.1/thumb/v7e-m+fp/hard\libgcc.a
LOAD c:/st/stm32cubeide_1.7.0/stm32cubeide/plugins/com.st.stm32cube.ide.mcu.externaltools.gnu-tools-for-stm32.10.3-2021.10.win32_1.0.0.202111181127/tools/bin/../lib/gcc/arm-none-eabi/10.3.1/../../../../arm-none-eabi/lib/thumb/v7e-m+fp/hard\libc_nano.a
END GROUP
START GROUP
LOAD c:/st/stm32cubeide_1.7.0/stm32cubeide/plugins/com.st.stm32cube.ide.mcu.externaltools.gnu-tools-for-stm32.10.3-2021.10.win32_1.0.0.202111181127/tools/bin/../lib/gcc/arm-none-eabi/10.3.1/thumb/v7e-m+fp/hard\libgcc.a
LOAD c:/st/stm32cubeide_1.7.0/stm32cubeide/plugins/com.st.stm32cube.ide.mcu.externaltools.gnu-tools-for-stm32.10.3-2021.10.win32_1.0.0.202111181127/tools/bin/../lib/gcc/arm-none-eabi/10.3.1/../../../../arm-none-eabi/lib/thumb/v7e-m+fp/hard\libc_nano.a
LOAD c:/st/stm32cubeide_1.7.0/stm32cubeide/plugins/com.st.stm32cube.ide.mcu.externaltools.gnu-tools-for-stm32.10.3-2021.10.win32_1.0.0.202111181127/tools/bin/../lib/gcc/arm-none-eabi/10.3.1/../../../../arm-none-eabi/lib/thumb/v7e-m+fp/hard\libnosys.a
END GROUP
START GROUP
LOAD c:/st/stm32cubeide_1.7.0/stm32cubeide/plugins/com.st.stm32cube.ide.mcu.externaltools.gnu-tools-for-stm32.10.3-2021.10.win32_1.0.0.202111181127/tools/bin/../lib/gcc/arm-none-eabi/10.3.1/thumb/v7e-m+fp/hard\libgcc.a
LOAD c:/st/stm32cubeide_1.7.0/stm32cubeide/plugins/com.st.stm32cube.ide.mcu.externaltools.gnu-tools-for-stm32.10.3-2021.10.win32_1.0.0.202111181127/tools/bin/../lib/gcc/arm-none-eabi/10.3.1/../../../../arm-none-eabi/lib/thumb/v7e-m+fp/hard\libc_nano.a
LOAD c:/st/stm32cubeide_1.7.0/stm32cubeide/plugins/com.st.stm32cube.ide.mcu.externaltools.gnu-tools-for-stm32.10.3-2021.10.win32_1.0.0.202111181127/tools/bin/../lib/gcc/arm-none-eabi/10.3.1/../../../../arm-none-eabi/lib/thumb/v7e-m+fp/hard\libnosys.a
END GROUP
LOAD c:/st/stm32cubeide_1.7.0/stm32cubeide/plugins/com.st.stm32cube.ide.mcu.externaltools.gnu-tools-for-stm32.10.3-2021.10.win32_1.0.0.202111181127/tools/bin/../lib/gcc/arm-none-eabi/10.3.1/thumb/v7e-m+fp/hard/crtend.o
LOAD c:/st/stm32cubeide_1.7.0/stm32cubeide/plugins/com.st.stm32cube.ide.mcu.externaltools.gnu-tools-for-stm32.10.3-2021.10.win32_1.0.0.202111181127/tools/bin/../lib/gcc/arm-none-eabi/10.3.1/thumb/v7e-m+fp/hard/crtn.o
                0x0000000020020000                _estack = (ORIGIN (RAM) + LENGTH (RAM))
                0x0000000000000200                _Min_Heap_Size = 0x200
                0x0000000000000400                _Min_Stack_Size = 0x400

.isr_vector     0x0000000008000000      0x1c4
                0x0000000008000000                . = ALIGN (0x4)
 *(.isr_vector)
 .isr_vector    0x0000000008000000      0x1c4 ./Core/Startup/startup_stm32f446retx.o
                0x0000000008000000                g_pfnVectors
                0x00000000080001c4                . = ALIGN (0x4)

.text           0x00000000080001c4     0x6b1c
                0x00000000080001c4                . = ALIGN (0x4)
 *(.text)
 .text          0x00000000080001c4       0x40 c:/st/stm32cubeide_1.7.0/stm32cubeide/plugins/com.st.stm32cube.ide.mcu.externaltools.gnu-tools-for-stm32.10.3-2021.10.win32_1.0.0.202111181127/tools/bin/../lib/gcc/arm-none-eabi/10.3.1/thumb/v7e-m+fp/hard/crtbegin.o
 .text          0x0000000008000204       0x30 c:/st/stm32cubeide_1.7.0/stm32cubeide/plugins/com.st.stm32cube.ide.mcu.externaltools.gnu-tools-for-stm32.10.3-2021.10.win32_1.0.0.202111181127/tools/bin/../lib/gcc/arm-none-eabi/10.3.1/thumb/v7e-m+fp/hard\libgcc.a(_aeabi_uldivmod.o)
                0x0000000008000204                __aeabi_uldivmod
 .text          0x0000000008000234      0x2d0 c:/st/stm32cubeide_1.7.0/stm32cubeide/plugins/com.st.stm32cube.ide.mcu.externaltools.gnu-tools-for-stm32.10.3-2021.10.win32_1.0.0.202111181127/tools/bin/../lib/gcc/arm-none-eabi/10.3.1/thumb/v7e-m+fp/hard\libgcc.a(_udivmoddi4.o)
                0x0000000008000234                __udivmoddi4
 .text          0x0000000008000504        0x4 c:/st/stm32cubeide_1.7.0/stm32cubeide/plugins/com.st.stm32cube.ide.mcu.externaltools.gnu-tools-for-stm32.10.3-2021.10.win32_1.0.0.202111181127/tools/bin/../lib/gcc/arm-none-eabi/10.3.1/thumb/v7e-m+fp/hard\libgcc.a(_dvmd_tls.o)
                0x0000000008000504                __aeabi_idiv0
                0x0000000008000504                __aeabi_ldiv0
 *(.text*)
 .text.MX_ADC1_Init
                0x0000000008000508       0xa4 ./Core/Src/adc.o
                0x0000000008000508                MX_ADC1_Init
 .text.HAL_ADC_MspInit
                0x00000000080005ac       0x88 ./Core/Src/adc.o
                0x00000000080005ac                HAL_ADC_MspInit
 .text.LiDAR_Cur_Check
                0x0000000008000634       0xbc ./Core/Src/adc.o
                0x0000000008000634                LiDAR_Cur_Check
 .text.Delay_us
                0x00000000080006f0       0x48 ./Core/Src/delay.o
 .text.DWT_Delay_Init
                0x0000000008000738       0x60 ./Core/Src/delay.o
                0x0000000008000738                DWT_Delay_Init
 .text.Delay_ms
                0x0000000008000798       0x20 ./Core/Src/delay.o
                0x0000000008000798                Delay_ms
 .text.__NVIC_GetPriorityGrouping
                0x00000000080007b8       0x1c ./Core/Src/gpio.o
 .text.__NVIC_EnableIRQ
                0x00000000080007d4       0x3c ./Core/Src/gpio.o
 .text.__NVIC_SetPriority
                0x0000000008000810       0x54 ./Core/Src/gpio.o
 .text.NVIC_EncodePriority
                0x0000000008000864       0x66 ./Core/Src/gpio.o
 *fill*         0x00000000080008ca        0x2 
 .text.LL_SYSCFG_SetEXTISource
                0x00000000080008cc       0x5c ./Core/Src/gpio.o
 .text.LL_GPIO_SetPinMode
                0x0000000008000928       0x5e ./Core/Src/gpio.o
 .text.LL_GPIO_SetPinPull
                0x0000000008000986       0x5e ./Core/Src/gpio.o
 .text.LL_GPIO_ResetOutputPin
                0x00000000080009e4       0x1e ./Core/Src/gpio.o
 *fill*         0x0000000008000a02        0x2 
 .text.LL_AHB1_GRP1_EnableClock
                0x0000000008000a04       0x30 ./Core/Src/gpio.o
 .text.MX_GPIO_Init
                0x0000000008000a34      0x258 ./Core/Src/gpio.o
                0x0000000008000a34                MX_GPIO_Init
 .text.LL_GPIO_SetOutputPin
                0x0000000008000c8c       0x1c ./Core/Src/main.o
 .text.LL_GPIO_ResetOutputPin
                0x0000000008000ca8       0x1e ./Core/Src/main.o
 *fill*         0x0000000008000cc6        0x2 
 .text.Delay_us
                0x0000000008000cc8       0x48 ./Core/Src/main.o
 .text.main     0x0000000008000d10      0x148 ./Core/Src/main.o
                0x0000000008000d10                main
 .text.SystemClock_Config
                0x0000000008000e58       0xe4 ./Core/Src/main.o
                0x0000000008000e58                SystemClock_Config
 .text.Error_Handler
                0x0000000008000f3c        0xa ./Core/Src/main.o
                0x0000000008000f3c                Error_Handler
 *fill*         0x0000000008000f46        0x2 
 .text.LiDAR_Protocol_Tx
                0x0000000008000f48      0x100 ./Core/Src/protocol.o
                0x0000000008000f48                LiDAR_Protocol_Tx
 .text.GUI_Protocol_Tx
                0x0000000008001048      0x1d0 ./Core/Src/protocol.o
                0x0000000008001048                GUI_Protocol_Tx
 .text.GUI_Protocol_Mode_Tx
                0x0000000008001218      0x110 ./Core/Src/protocol.o
                0x0000000008001218                GUI_Protocol_Mode_Tx
 .text.GUI_Protocol_Detect_Tx
                0x0000000008001328       0xfc ./Core/Src/protocol.o
                0x0000000008001328                GUI_Protocol_Detect_Tx
 .text.LL_GPIO_SetOutputPin
                0x0000000008001424       0x1c ./Core/Src/result.o
 .text.LL_GPIO_ResetOutputPin
                0x0000000008001440       0x1e ./Core/Src/result.o
 *fill*         0x000000000800145e        0x2 
 .text.fail_sound
                0x0000000008001460       0x98 ./Core/Src/result.o
                0x0000000008001460                fail_sound
 .text.pass_sound
                0x00000000080014f8       0x80 ./Core/Src/result.o
                0x00000000080014f8                pass_sound
 .text.result   0x0000000008001578      0x5e0 ./Core/Src/result.o
                0x0000000008001578                result
 .text.FND_1    0x0000000008001b58       0x34 ./Core/Src/result.o
                0x0000000008001b58                FND_1
 .text.FND_2    0x0000000008001b8c       0x34 ./Core/Src/result.o
                0x0000000008001b8c                FND_2
 .text.FND_3    0x0000000008001bc0       0x34 ./Core/Src/result.o
                0x0000000008001bc0                FND_3
 .text.FND_4    0x0000000008001bf4       0x34 ./Core/Src/result.o
                0x0000000008001bf4                FND_4
 .text.FND_P    0x0000000008001c28       0x50 ./Core/Src/result.o
                0x0000000008001c28                FND_P
 .text.FND_A    0x0000000008001c78       0x50 ./Core/Src/result.o
                0x0000000008001c78                FND_A
 .text.FND_S    0x0000000008001cc8       0x50 ./Core/Src/result.o
                0x0000000008001cc8                FND_S
 .text.FND_E    0x0000000008001d18       0x50 ./Core/Src/result.o
                0x0000000008001d18                FND_E
 .text.FND_r    0x0000000008001d68       0x50 ./Core/Src/result.o
                0x0000000008001d68                FND_r
 .text.FND_zero
                0x0000000008001db8       0x50 ./Core/Src/result.o
                0x0000000008001db8                FND_zero
 .text.FND_one  0x0000000008001e08       0x50 ./Core/Src/result.o
                0x0000000008001e08                FND_one
 .text.FND_two  0x0000000008001e58       0x50 ./Core/Src/result.o
                0x0000000008001e58                FND_two
 .text.FND_three
                0x0000000008001ea8       0x50 ./Core/Src/result.o
                0x0000000008001ea8                FND_three
 .text.FND_four
                0x0000000008001ef8       0x50 ./Core/Src/result.o
                0x0000000008001ef8                FND_four
 .text.FND_five
                0x0000000008001f48       0x50 ./Core/Src/result.o
                0x0000000008001f48                FND_five
 .text.FND_six  0x0000000008001f98       0x50 ./Core/Src/result.o
                0x0000000008001f98                FND_six
 .text.FND_seven
                0x0000000008001fe8       0x50 ./Core/Src/result.o
                0x0000000008001fe8                FND_seven
 .text.FND_eight
                0x0000000008002038       0x50 ./Core/Src/result.o
                0x0000000008002038                FND_eight
 .text.FND_nine
                0x0000000008002088       0x50 ./Core/Src/result.o
                0x0000000008002088                FND_nine
 .text.turn_off
                0x00000000080020d8       0x34 ./Core/Src/result.o
                0x00000000080020d8                turn_off
 .text.InitUartQueue
                0x000000000800210c       0x2a ./Core/Src/ringbuf.o
                0x000000000800210c                InitUartQueue
 *fill*         0x0000000008002136        0x2 
 .text.PutDataToUartQueue
                0x0000000008002138       0x68 ./Core/Src/ringbuf.o
                0x0000000008002138                PutDataToUartQueue
 .text.GetDataFromUartQueue
                0x00000000080021a0       0x68 ./Core/Src/ringbuf.o
                0x00000000080021a0                GetDataFromUartQueue
 .text.Info_status
                0x0000000008002208       0x84 ./Core/Src/status.o
                0x0000000008002208                Info_status
 .text.Detect1_status
                0x000000000800228c       0x7c ./Core/Src/status.o
                0x000000000800228c                Detect1_status
 .text.Detect2_status
                0x0000000008002308       0x68 ./Core/Src/status.o
                0x0000000008002308                Detect2_status
 .text.Detect3_status
                0x0000000008002370       0x88 ./Core/Src/status.o
                0x0000000008002370                Detect3_status
 .text.Idle_status
                0x00000000080023f8      0x244 ./Core/Src/status.o
                0x00000000080023f8                Idle_status
 .text.Test_status
                0x000000000800263c       0x94 ./Core/Src/status.o
                0x000000000800263c                Test_status
 .text.HAL_MspInit
                0x00000000080026d0       0x50 ./Core/Src/stm32f4xx_hal_msp.o
                0x00000000080026d0                HAL_MspInit
 .text.LL_EXTI_IsActiveFlag_0_31
                0x0000000008002720       0x2c ./Core/Src/stm32f4xx_it.o
 .text.LL_EXTI_ClearFlag_0_31
                0x000000000800274c       0x20 ./Core/Src/stm32f4xx_it.o
 .text.NMI_Handler
                0x000000000800276c        0x6 ./Core/Src/stm32f4xx_it.o
                0x000000000800276c                NMI_Handler
 .text.HardFault_Handler
                0x0000000008002772        0x6 ./Core/Src/stm32f4xx_it.o
                0x0000000008002772                HardFault_Handler
 .text.MemManage_Handler
                0x0000000008002778        0x6 ./Core/Src/stm32f4xx_it.o
                0x0000000008002778                MemManage_Handler
 .text.BusFault_Handler
                0x000000000800277e        0x6 ./Core/Src/stm32f4xx_it.o
                0x000000000800277e                BusFault_Handler
 .text.UsageFault_Handler
                0x0000000008002784        0x6 ./Core/Src/stm32f4xx_it.o
                0x0000000008002784                UsageFault_Handler
 .text.SVC_Handler
                0x000000000800278a        0xe ./Core/Src/stm32f4xx_it.o
                0x000000000800278a                SVC_Handler
 .text.DebugMon_Handler
                0x0000000008002798        0xe ./Core/Src/stm32f4xx_it.o
                0x0000000008002798                DebugMon_Handler
 .text.PendSV_Handler
                0x00000000080027a6        0xe ./Core/Src/stm32f4xx_it.o
                0x00000000080027a6                PendSV_Handler
 .text.SysTick_Handler
                0x00000000080027b4        0xc ./Core/Src/stm32f4xx_it.o
                0x00000000080027b4                SysTick_Handler
 .text.EXTI0_IRQHandler
                0x00000000080027c0       0x1e ./Core/Src/stm32f4xx_it.o
                0x00000000080027c0                EXTI0_IRQHandler
 *fill*         0x00000000080027de        0x2 
 .text.EXTI15_10_IRQHandler
                0x00000000080027e0       0x78 ./Core/Src/stm32f4xx_it.o
                0x00000000080027e0                EXTI15_10_IRQHandler
 .text.UART5_IRQHandler
                0x0000000008002858       0x5c ./Core/Src/stm32f4xx_it.o
                0x0000000008002858                UART5_IRQHandler
 .text.USART6_IRQHandler
                0x00000000080028b4       0x48 ./Core/Src/stm32f4xx_it.o
                0x00000000080028b4                USART6_IRQHandler
 .text.LL_GPIO_SetOutputPin
                0x00000000080028fc       0x1c ./Core/Src/switch.o
 .text.LL_GPIO_ResetOutputPin
                0x0000000008002918       0x1e ./Core/Src/switch.o
 *fill*         0x0000000008002936        0x2 
 .text.LL_EXTI_EnableIT_0_31
                0x0000000008002938       0x24 ./Core/Src/switch.o
 .text.LL_EXTI_DisableIT_0_31
                0x000000000800295c       0x28 ./Core/Src/switch.o
 .text.switch_check
                0x0000000008002984       0x70 ./Core/Src/switch.o
                0x0000000008002984                switch_check
 .text.SystemInit
                0x00000000080029f4       0x24 ./Core/Src/system_stm32f4xx.o
                0x00000000080029f4                SystemInit
 .text.MX_TIM3_Init
                0x0000000008002a18       0xec ./Core/Src/tim.o
                0x0000000008002a18                MX_TIM3_Init
 .text.HAL_TIM_Base_MspInit
                0x0000000008002b04       0x44 ./Core/Src/tim.o
                0x0000000008002b04                HAL_TIM_Base_MspInit
 .text.HAL_TIM_MspPostInit
                0x0000000008002b48       0x74 ./Core/Src/tim.o
                0x0000000008002b48                HAL_TIM_MspPostInit
 .text.MX_UART5_Init
                0x0000000008002bbc       0x54 ./Core/Src/usart.o
                0x0000000008002bbc                MX_UART5_Init
 .text.MX_USART6_UART_Init
                0x0000000008002c10       0x54 ./Core/Src/usart.o
                0x0000000008002c10                MX_USART6_UART_Init
 .text.HAL_UART_MspInit
                0x0000000008002c64      0x158 ./Core/Src/usart.o
                0x0000000008002c64                HAL_UART_MspInit
 .text.Reset_Handler
                0x0000000008002dbc       0x50 ./Core/Startup/startup_stm32f446retx.o
                0x0000000008002dbc                Reset_Handler
 .text.Default_Handler
                0x0000000008002e0c        0x2 ./Core/Startup/startup_stm32f446retx.o
                0x0000000008002e0c                RTC_Alarm_IRQHandler
                0x0000000008002e0c                EXTI2_IRQHandler
                0x0000000008002e0c                TIM8_CC_IRQHandler
                0x0000000008002e0c                FMPI2C1_EV_IRQHandler
                0x0000000008002e0c                SPI4_IRQHandler
                0x0000000008002e0c                TIM1_CC_IRQHandler
                0x0000000008002e0c                DMA2_Stream5_IRQHandler
                0x0000000008002e0c                DMA1_Stream5_IRQHandler
                0x0000000008002e0c                PVD_IRQHandler
                0x0000000008002e0c                SDIO_IRQHandler
                0x0000000008002e0c                TAMP_STAMP_IRQHandler
                0x0000000008002e0c                CAN2_RX1_IRQHandler
                0x0000000008002e0c                EXTI3_IRQHandler
                0x0000000008002e0c                TIM8_TRG_COM_TIM14_IRQHandler
                0x0000000008002e0c                TIM1_UP_TIM10_IRQHandler
                0x0000000008002e0c                TIM8_UP_TIM13_IRQHandler
                0x0000000008002e0c                I2C3_ER_IRQHandler
                0x0000000008002e0c                I2C2_EV_IRQHandler
                0x0000000008002e0c                DMA1_Stream2_IRQHandler
                0x0000000008002e0c                CAN1_RX0_IRQHandler
                0x0000000008002e0c                FPU_IRQHandler
                0x0000000008002e0c                OTG_HS_WKUP_IRQHandler
                0x0000000008002e0c                CAN2_SCE_IRQHandler
                0x0000000008002e0c                DMA2_Stream2_IRQHandler
                0x0000000008002e0c                SPI1_IRQHandler
                0x0000000008002e0c                TIM6_DAC_IRQHandler
                0x0000000008002e0c                TIM1_BRK_TIM9_IRQHandler
                0x0000000008002e0c                DCMI_IRQHandler
                0x0000000008002e0c                CAN2_RX0_IRQHandler
                0x0000000008002e0c                DMA2_Stream3_IRQHandler
                0x0000000008002e0c                SAI2_IRQHandler
                0x0000000008002e0c                USART3_IRQHandler
                0x0000000008002e0c                CAN1_RX1_IRQHandler
                0x0000000008002e0c                DMA2_Stream0_IRQHandler
                0x0000000008002e0c                TIM4_IRQHandler
                0x0000000008002e0c                QUADSPI_IRQHandler
                0x0000000008002e0c                I2C1_EV_IRQHandler
                0x0000000008002e0c                DMA1_Stream6_IRQHandler
                0x0000000008002e0c                DMA1_Stream1_IRQHandler
                0x0000000008002e0c                UART4_IRQHandler
                0x0000000008002e0c                TIM3_IRQHandler
                0x0000000008002e0c                RCC_IRQHandler
                0x0000000008002e0c                TIM8_BRK_TIM12_IRQHandler
                0x0000000008002e0c                Default_Handler
                0x0000000008002e0c                CEC_IRQHandler
                0x0000000008002e0c                ADC_IRQHandler
                0x0000000008002e0c                DMA1_Stream7_IRQHandler
                0x0000000008002e0c                TIM7_IRQHandler
                0x0000000008002e0c                CAN2_TX_IRQHandler
                0x0000000008002e0c                TIM5_IRQHandler
                0x0000000008002e0c                DMA2_Stream7_IRQHandler
                0x0000000008002e0c                I2C3_EV_IRQHandler
                0x0000000008002e0c                EXTI9_5_IRQHandler
                0x0000000008002e0c                RTC_WKUP_IRQHandler
                0x0000000008002e0c                SPDIF_RX_IRQHandler
                0x0000000008002e0c                SPI2_IRQHandler
                0x0000000008002e0c                OTG_HS_EP1_IN_IRQHandler
                0x0000000008002e0c                DMA1_Stream0_IRQHandler
                0x0000000008002e0c                CAN1_TX_IRQHandler
                0x0000000008002e0c                FMPI2C1_ER_IRQHandler
                0x0000000008002e0c                EXTI4_IRQHandler
                0x0000000008002e0c                OTG_HS_EP1_OUT_IRQHandler
                0x0000000008002e0c                WWDG_IRQHandler
                0x0000000008002e0c                TIM2_IRQHandler
                0x0000000008002e0c                OTG_FS_WKUP_IRQHandler
                0x0000000008002e0c                TIM1_TRG_COM_TIM11_IRQHandler
                0x0000000008002e0c                OTG_HS_IRQHandler
                0x0000000008002e0c                EXTI1_IRQHandler
                0x0000000008002e0c                USART2_IRQHandler
                0x0000000008002e0c                I2C2_ER_IRQHandler
                0x0000000008002e0c                DMA2_Stream1_IRQHandler
                0x0000000008002e0c                CAN1_SCE_IRQHandler
                0x0000000008002e0c                FLASH_IRQHandler
                0x0000000008002e0c                DMA2_Stream4_IRQHandler
                0x0000000008002e0c                USART1_IRQHandler
                0x0000000008002e0c                OTG_FS_IRQHandler
                0x0000000008002e0c                SPI3_IRQHandler
                0x0000000008002e0c                DMA1_Stream4_IRQHandler
                0x0000000008002e0c                I2C1_ER_IRQHandler
                0x0000000008002e0c                FMC_IRQHandler
                0x0000000008002e0c                DMA2_Stream6_IRQHandler
                0x0000000008002e0c                SAI1_IRQHandler
                0x0000000008002e0c                DMA1_Stream3_IRQHandler
 *fill*         0x0000000008002e0e        0x2 
 .text.HAL_Init
                0x0000000008002e10       0x44 ./Drivers/STM32F4xx_HAL_Driver/Src/stm32f4xx_hal.o
                0x0000000008002e10                HAL_Init
 .text.HAL_InitTick
                0x0000000008002e54       0x60 ./Drivers/STM32F4xx_HAL_Driver/Src/stm32f4xx_hal.o
                0x0000000008002e54                HAL_InitTick
 .text.HAL_IncTick
                0x0000000008002eb4       0x28 ./Drivers/STM32F4xx_HAL_Driver/Src/stm32f4xx_hal.o
                0x0000000008002eb4                HAL_IncTick
 .text.HAL_GetTick
                0x0000000008002edc       0x18 ./Drivers/STM32F4xx_HAL_Driver/Src/stm32f4xx_hal.o
                0x0000000008002edc                HAL_GetTick
 .text.HAL_ADC_Init
                0x0000000008002ef4       0x86 ./Drivers/STM32F4xx_HAL_Driver/Src/stm32f4xx_hal_adc.o
                0x0000000008002ef4                HAL_ADC_Init
 *fill*         0x0000000008002f7a        0x2 
 .text.HAL_ADC_Start
                0x0000000008002f7c      0x1a4 ./Drivers/STM32F4xx_HAL_Driver/Src/stm32f4xx_hal_adc.o
                0x0000000008002f7c                HAL_ADC_Start
 .text.HAL_ADC_Stop
                0x0000000008003120       0x66 ./Drivers/STM32F4xx_HAL_Driver/Src/stm32f4xx_hal_adc.o
                0x0000000008003120                HAL_ADC_Stop
 .text.HAL_ADC_PollForConversion
                0x0000000008003186      0x116 ./Drivers/STM32F4xx_HAL_Driver/Src/stm32f4xx_hal_adc.o
                0x0000000008003186                HAL_ADC_PollForConversion
 .text.HAL_ADC_GetValue
                0x000000000800329c       0x1a ./Drivers/STM32F4xx_HAL_Driver/Src/stm32f4xx_hal_adc.o
                0x000000000800329c                HAL_ADC_GetValue
 *fill*         0x00000000080032b6        0x2 
 .text.HAL_ADC_ConfigChannel
                0x00000000080032b8      0x264 ./Drivers/STM32F4xx_HAL_Driver/Src/stm32f4xx_hal_adc.o
                0x00000000080032b8                HAL_ADC_ConfigChannel
 .text.ADC_Init
                0x000000000800351c      0x1f8 ./Drivers/STM32F4xx_HAL_Driver/Src/stm32f4xx_hal_adc.o
 .text.__NVIC_SetPriorityGrouping
                0x0000000008003714       0x48 ./Drivers/STM32F4xx_HAL_Driver/Src/stm32f4xx_hal_cortex.o
 .text.__NVIC_GetPriorityGrouping
                0x000000000800375c       0x1c ./Drivers/STM32F4xx_HAL_Driver/Src/stm32f4xx_hal_cortex.o
 .text.__NVIC_EnableIRQ
                0x0000000008003778       0x3c ./Drivers/STM32F4xx_HAL_Driver/Src/stm32f4xx_hal_cortex.o
 .text.__NVIC_SetPriority
                0x00000000080037b4       0x54 ./Drivers/STM32F4xx_HAL_Driver/Src/stm32f4xx_hal_cortex.o
 .text.NVIC_EncodePriority
                0x0000000008003808       0x66 ./Drivers/STM32F4xx_HAL_Driver/Src/stm32f4xx_hal_cortex.o
 *fill*         0x000000000800386e        0x2 
 .text.SysTick_Config
                0x0000000008003870       0x44 ./Drivers/STM32F4xx_HAL_Driver/Src/stm32f4xx_hal_cortex.o
 .text.HAL_NVIC_SetPriorityGrouping
                0x00000000080038b4       0x16 ./Drivers/STM32F4xx_HAL_Driver/Src/stm32f4xx_hal_cortex.o
                0x00000000080038b4                HAL_NVIC_SetPriorityGrouping
 .text.HAL_NVIC_SetPriority
                0x00000000080038ca       0x38 ./Drivers/STM32F4xx_HAL_Driver/Src/stm32f4xx_hal_cortex.o
                0x00000000080038ca                HAL_NVIC_SetPriority
 .text.HAL_NVIC_EnableIRQ
                0x0000000008003902       0x1c ./Drivers/STM32F4xx_HAL_Driver/Src/stm32f4xx_hal_cortex.o
                0x0000000008003902                HAL_NVIC_EnableIRQ
 .text.HAL_SYSTICK_Config
                0x000000000800391e       0x18 ./Drivers/STM32F4xx_HAL_Driver/Src/stm32f4xx_hal_cortex.o
                0x000000000800391e                HAL_SYSTICK_Config
 .text.HAL_DMA_Abort
                0x0000000008003936       0xe0 ./Drivers/STM32F4xx_HAL_Driver/Src/stm32f4xx_hal_dma.o
                0x0000000008003936                HAL_DMA_Abort
 .text.HAL_DMA_Abort_IT
                0x0000000008003a16       0x44 ./Drivers/STM32F4xx_HAL_Driver/Src/stm32f4xx_hal_dma.o
                0x0000000008003a16                HAL_DMA_Abort_IT
 *fill*         0x0000000008003a5a        0x2 
 .text.HAL_GPIO_Init
                0x0000000008003a5c      0x328 ./Drivers/STM32F4xx_HAL_Driver/Src/stm32f4xx_hal_gpio.o
                0x0000000008003a5c                HAL_GPIO_Init
 .text.HAL_GPIO_ReadPin
                0x0000000008003d84       0x30 ./Drivers/STM32F4xx_HAL_Driver/Src/stm32f4xx_hal_gpio.o
                0x0000000008003d84                HAL_GPIO_ReadPin
 .text.HAL_PWREx_EnableOverDrive
                0x0000000008003db4       0xa0 ./Drivers/STM32F4xx_HAL_Driver/Src/stm32f4xx_hal_pwr_ex.o
                0x0000000008003db4                HAL_PWREx_EnableOverDrive
 .text.HAL_RCC_ClockConfig
                0x0000000008003e54      0x1cc ./Drivers/STM32F4xx_HAL_Driver/Src/stm32f4xx_hal_rcc.o
                0x0000000008003e54                HAL_RCC_ClockConfig
 .text.HAL_RCC_GetHCLKFreq
                0x0000000008004020       0x18 ./Drivers/STM32F4xx_HAL_Driver/Src/stm32f4xx_hal_rcc.o
                0x0000000008004020                HAL_RCC_GetHCLKFreq
 .text.HAL_RCC_GetPCLK1Freq
                0x0000000008004038       0x28 ./Drivers/STM32F4xx_HAL_Driver/Src/stm32f4xx_hal_rcc.o
                0x0000000008004038                HAL_RCC_GetPCLK1Freq
 .text.HAL_RCC_GetPCLK2Freq
                0x0000000008004060       0x28 ./Drivers/STM32F4xx_HAL_Driver/Src/stm32f4xx_hal_rcc.o
                0x0000000008004060                HAL_RCC_GetPCLK2Freq
 .text.HAL_RCC_GetSysClockFreq
                0x0000000008004088      0x354 ./Drivers/STM32F4xx_HAL_Driver/Src/stm32f4xx_hal_rcc_ex.o
                0x0000000008004088                HAL_RCC_GetSysClockFreq
 .text.HAL_RCC_OscConfig
                0x00000000080043dc      0x53c ./Drivers/STM32F4xx_HAL_Driver/Src/stm32f4xx_hal_rcc_ex.o
                0x00000000080043dc                HAL_RCC_OscConfig
 .text.HAL_TIM_Base_Init
                0x0000000008004918       0x9e ./Drivers/STM32F4xx_HAL_Driver/Src/stm32f4xx_hal_tim.o
                0x0000000008004918                HAL_TIM_Base_Init
 .text.HAL_TIM_PWM_Init
                0x00000000080049b6       0x9e ./Drivers/STM32F4xx_HAL_Driver/Src/stm32f4xx_hal_tim.o
                0x00000000080049b6                HAL_TIM_PWM_Init
 .text.HAL_TIM_PWM_MspInit
                0x0000000008004a54       0x14 ./Drivers/STM32F4xx_HAL_Driver/Src/stm32f4xx_hal_tim.o
                0x0000000008004a54                HAL_TIM_PWM_MspInit
 .text.HAL_TIM_PWM_Start
                0x0000000008004a68      0x190 ./Drivers/STM32F4xx_HAL_Driver/Src/stm32f4xx_hal_tim.o
                0x0000000008004a68                HAL_TIM_PWM_Start
 .text.HAL_TIM_PWM_Stop
                0x0000000008004bf8       0xe0 ./Drivers/STM32F4xx_HAL_Driver/Src/stm32f4xx_hal_tim.o
                0x0000000008004bf8                HAL_TIM_PWM_Stop
 .text.HAL_TIM_PWM_ConfigChannel
                0x0000000008004cd8      0x184 ./Drivers/STM32F4xx_HAL_Driver/Src/stm32f4xx_hal_tim.o
                0x0000000008004cd8                HAL_TIM_PWM_ConfigChannel
 .text.HAL_TIM_ConfigClockSource
                0x0000000008004e5c      0x18e ./Drivers/STM32F4xx_HAL_Driver/Src/stm32f4xx_hal_tim.o
                0x0000000008004e5c                HAL_TIM_ConfigClockSource
 *fill*         0x0000000008004fea        0x2 
 .text.TIM_Base_SetConfig
                0x0000000008004fec      0x140 ./Drivers/STM32F4xx_HAL_Driver/Src/stm32f4xx_hal_tim.o
                0x0000000008004fec                TIM_Base_SetConfig
 .text.TIM_OC1_SetConfig
                0x000000000800512c       0xe0 ./Drivers/STM32F4xx_HAL_Driver/Src/stm32f4xx_hal_tim.o
 .text.TIM_OC2_SetConfig
                0x000000000800520c       0xec ./Drivers/STM32F4xx_HAL_Driver/Src/stm32f4xx_hal_tim.o
                0x000000000800520c                TIM_OC2_SetConfig
 .text.TIM_OC3_SetConfig
                0x00000000080052f8       0xe8 ./Drivers/STM32F4xx_HAL_Driver/Src/stm32f4xx_hal_tim.o
 .text.TIM_OC4_SetConfig
                0x00000000080053e0       0xac ./Drivers/STM32F4xx_HAL_Driver/Src/stm32f4xx_hal_tim.o
 .text.TIM_TI1_ConfigInputStage
                0x000000000800548c       0x5e ./Drivers/STM32F4xx_HAL_Driver/Src/stm32f4xx_hal_tim.o
 .text.TIM_TI2_ConfigInputStage
                0x00000000080054ea       0x60 ./Drivers/STM32F4xx_HAL_Driver/Src/stm32f4xx_hal_tim.o
 .text.TIM_ITRx_SetConfig
                0x000000000800554a       0x36 ./Drivers/STM32F4xx_HAL_Driver/Src/stm32f4xx_hal_tim.o
 .text.TIM_ETR_SetConfig
                0x0000000008005580       0x40 ./Drivers/STM32F4xx_HAL_Driver/Src/stm32f4xx_hal_tim.o
                0x0000000008005580                TIM_ETR_SetConfig
 .text.TIM_CCxChannelCmd
                0x00000000080055c0       0x4a ./Drivers/STM32F4xx_HAL_Driver/Src/stm32f4xx_hal_tim.o
                0x00000000080055c0                TIM_CCxChannelCmd
 *fill*         0x000000000800560a        0x2 
 .text.HAL_TIMEx_MasterConfigSynchronization
                0x000000000800560c       0xf8 ./Drivers/STM32F4xx_HAL_Driver/Src/stm32f4xx_hal_tim_ex.o
                0x000000000800560c                HAL_TIMEx_MasterConfigSynchronization
 .text.HAL_UART_Init
                0x0000000008005704       0x9a ./Drivers/STM32F4xx_HAL_Driver/Src/stm32f4xx_hal_uart.o
                0x0000000008005704                HAL_UART_Init
 .text.HAL_UART_Transmit
                0x000000000800579e      0x124 ./Drivers/STM32F4xx_HAL_Driver/Src/stm32f4xx_hal_uart.o
                0x000000000800579e                HAL_UART_Transmit
 *fill*         0x00000000080058c2        0x2 
 .text.HAL_UART_IRQHandler
                0x00000000080058c4      0x51c ./Drivers/STM32F4xx_HAL_Driver/Src/stm32f4xx_hal_uart.o
                0x00000000080058c4                HAL_UART_IRQHandler
 .text.HAL_UART_TxCpltCallback
                0x0000000008005de0       0x14 ./Drivers/STM32F4xx_HAL_Driver/Src/stm32f4xx_hal_uart.o
                0x0000000008005de0                HAL_UART_TxCpltCallback
 .text.HAL_UART_RxCpltCallback
                0x0000000008005df4       0x14 ./Drivers/STM32F4xx_HAL_Driver/Src/stm32f4xx_hal_uart.o
                0x0000000008005df4                HAL_UART_RxCpltCallback
 .text.HAL_UART_ErrorCallback
                0x0000000008005e08       0x14 ./Drivers/STM32F4xx_HAL_Driver/Src/stm32f4xx_hal_uart.o
                0x0000000008005e08                HAL_UART_ErrorCallback
 .text.HAL_UARTEx_RxEventCallback
                0x0000000008005e1c       0x18 ./Drivers/STM32F4xx_HAL_Driver/Src/stm32f4xx_hal_uart.o
                0x0000000008005e1c                HAL_UARTEx_RxEventCallback
 .text.UART_WaitOnFlagUntilTimeout
                0x0000000008005e34       0xdc ./Drivers/STM32F4xx_HAL_Driver/Src/stm32f4xx_hal_uart.o
 .text.UART_EndRxTransfer
                0x0000000008005f10       0xc6 ./Drivers/STM32F4xx_HAL_Driver/Src/stm32f4xx_hal_uart.o
 .text.UART_DMAAbortOnError
                0x0000000008005fd6       0x28 ./Drivers/STM32F4xx_HAL_Driver/Src/stm32f4xx_hal_uart.o
 .text.UART_Transmit_IT
                0x0000000008005ffe       0xa0 ./Drivers/STM32F4xx_HAL_Driver/Src/stm32f4xx_hal_uart.o
 .text.UART_EndTransmit_IT
                0x000000000800609e       0x30 ./Drivers/STM32F4xx_HAL_Driver/Src/stm32f4xx_hal_uart.o
 .text.UART_Receive_IT
                0x00000000080060ce      0x176 ./Drivers/STM32F4xx_HAL_Driver/Src/stm32f4xx_hal_uart.o
 .text.UART_SetConfig
                0x0000000008006244      0x4e8 ./Drivers/STM32F4xx_HAL_Driver/Src/stm32f4xx_hal_uart.o
 .text.LL_EXTI_EnableIT_0_31
                0x000000000800672c       0x24 ./Drivers/STM32F4xx_HAL_Driver/Src/stm32f4xx_ll_exti.o
 .text.LL_EXTI_DisableIT_0_31
                0x0000000008006750       0x28 ./Drivers/STM32F4xx_HAL_Driver/Src/stm32f4xx_ll_exti.o
 .text.LL_EXTI_EnableEvent_0_31
                0x0000000008006778       0x24 ./Drivers/STM32F4xx_HAL_Driver/Src/stm32f4xx_ll_exti.o
 .text.LL_EXTI_DisableEvent_0_31
                0x000000000800679c       0x28 ./Drivers/STM32F4xx_HAL_Driver/Src/stm32f4xx_ll_exti.o
 .text.LL_EXTI_EnableRisingTrig_0_31
                0x00000000080067c4       0x24 ./Drivers/STM32F4xx_HAL_Driver/Src/stm32f4xx_ll_exti.o
 .text.LL_EXTI_DisableRisingTrig_0_31
                0x00000000080067e8       0x28 ./Drivers/STM32F4xx_HAL_Driver/Src/stm32f4xx_ll_exti.o
 .text.LL_EXTI_EnableFallingTrig_0_31
                0x0000000008006810       0x24 ./Drivers/STM32F4xx_HAL_Driver/Src/stm32f4xx_ll_exti.o
 .text.LL_EXTI_DisableFallingTrig_0_31
                0x0000000008006834       0x28 ./Drivers/STM32F4xx_HAL_Driver/Src/stm32f4xx_ll_exti.o
 .text.LL_EXTI_Init
                0x000000000800685c      0x102 ./Drivers/STM32F4xx_HAL_Driver/Src/stm32f4xx_ll_exti.o
                0x000000000800685c                LL_EXTI_Init
 .text.LL_GPIO_SetPinMode
                0x000000000800695e       0x5e ./Drivers/STM32F4xx_HAL_Driver/Src/stm32f4xx_ll_gpio.o
 .text.LL_GPIO_SetPinOutputType
                0x00000000080069bc       0x30 ./Drivers/STM32F4xx_HAL_Driver/Src/stm32f4xx_ll_gpio.o
 .text.LL_GPIO_SetPinSpeed
                0x00000000080069ec       0x5e ./Drivers/STM32F4xx_HAL_Driver/Src/stm32f4xx_ll_gpio.o
 .text.LL_GPIO_SetPinPull
                0x0000000008006a4a       0x5e ./Drivers/STM32F4xx_HAL_Driver/Src/stm32f4xx_ll_gpio.o
 .text.LL_GPIO_SetAFPin_0_7
                0x0000000008006aa8       0x5e ./Drivers/STM32F4xx_HAL_Driver/Src/stm32f4xx_ll_gpio.o
 .text.LL_GPIO_SetAFPin_8_15
                0x0000000008006b06       0x62 ./Drivers/STM32F4xx_HAL_Driver/Src/stm32f4xx_ll_gpio.o
 .text.LL_GPIO_Init
                0x0000000008006b68       0xe6 ./Drivers/STM32F4xx_HAL_Driver/Src/stm32f4xx_ll_gpio.o
                0x0000000008006b68                LL_GPIO_Init
 *fill*         0x0000000008006c4e        0x2 
 .text.__libc_init_array
                0x0000000008006c50       0x48 c:/st/stm32cubeide_1.7.0/stm32cubeide/plugins/com.st.stm32cube.ide.mcu.externaltools.gnu-tools-for-stm32.10.3-2021.10.win32_1.0.0.202111181127/tools/bin/../lib/gcc/arm-none-eabi/10.3.1/../../../../arm-none-eabi/lib/thumb/v7e-m+fp/hard\libc_nano.a(lib_a-init.o)
                0x0000000008006c50                __libc_init_array
 .text.memcmp   0x0000000008006c98       0x20 c:/st/stm32cubeide_1.7.0/stm32cubeide/plugins/com.st.stm32cube.ide.mcu.externaltools.gnu-tools-for-stm32.10.3-2021.10.win32_1.0.0.202111181127/tools/bin/../lib/gcc/arm-none-eabi/10.3.1/../../../../arm-none-eabi/lib/thumb/v7e-m+fp/hard\libc_nano.a(lib_a-memcmp.o)
                0x0000000008006c98                memcmp
 .text.memset   0x0000000008006cb8       0x10 c:/st/stm32cubeide_1.7.0/stm32cubeide/plugins/com.st.stm32cube.ide.mcu.externaltools.gnu-tools-for-stm32.10.3-2021.10.win32_1.0.0.202111181127/tools/bin/../lib/gcc/arm-none-eabi/10.3.1/../../../../arm-none-eabi/lib/thumb/v7e-m+fp/hard\libc_nano.a(lib_a-memset.o)
                0x0000000008006cb8                memset
 *(.glue_7)
 .glue_7        0x0000000008006cc8        0x0 linker stubs
 *(.glue_7t)
 .glue_7t       0x0000000008006cc8        0x0 linker stubs
 *(.eh_frame)
 .eh_frame      0x0000000008006cc8        0x0 c:/st/stm32cubeide_1.7.0/stm32cubeide/plugins/com.st.stm32cube.ide.mcu.externaltools.gnu-tools-for-stm32.10.3-2021.10.win32_1.0.0.202111181127/tools/bin/../lib/gcc/arm-none-eabi/10.3.1/thumb/v7e-m+fp/hard/crtbegin.o
 *(.init)
 .init          0x0000000008006cc8        0x4 c:/st/stm32cubeide_1.7.0/stm32cubeide/plugins/com.st.stm32cube.ide.mcu.externaltools.gnu-tools-for-stm32.10.3-2021.10.win32_1.0.0.202111181127/tools/bin/../lib/gcc/arm-none-eabi/10.3.1/thumb/v7e-m+fp/hard/crti.o
                0x0000000008006cc8                _init
 .init          0x0000000008006ccc        0x8 c:/st/stm32cubeide_1.7.0/stm32cubeide/plugins/com.st.stm32cube.ide.mcu.externaltools.gnu-tools-for-stm32.10.3-2021.10.win32_1.0.0.202111181127/tools/bin/../lib/gcc/arm-none-eabi/10.3.1/thumb/v7e-m+fp/hard/crtn.o
 *(.fini)
 .fini          0x0000000008006cd4        0x4 c:/st/stm32cubeide_1.7.0/stm32cubeide/plugins/com.st.stm32cube.ide.mcu.externaltools.gnu-tools-for-stm32.10.3-2021.10.win32_1.0.0.202111181127/tools/bin/../lib/gcc/arm-none-eabi/10.3.1/thumb/v7e-m+fp/hard/crti.o
                0x0000000008006cd4                _fini
 .fini          0x0000000008006cd8        0x8 c:/st/stm32cubeide_1.7.0/stm32cubeide/plugins/com.st.stm32cube.ide.mcu.externaltools.gnu-tools-for-stm32.10.3-2021.10.win32_1.0.0.202111181127/tools/bin/../lib/gcc/arm-none-eabi/10.3.1/thumb/v7e-m+fp/hard/crtn.o
                0x0000000008006ce0                . = ALIGN (0x4)
                0x0000000008006ce0                _etext = .

.vfp11_veneer   0x0000000008006ce0        0x0
 .vfp11_veneer  0x0000000008006ce0        0x0 linker stubs

.v4_bx          0x0000000008006ce0        0x0
 .v4_bx         0x0000000008006ce0        0x0 linker stubs

.iplt           0x0000000008006ce0        0x0
 .iplt          0x0000000008006ce0        0x0 c:/st/stm32cubeide_1.7.0/stm32cubeide/plugins/com.st.stm32cube.ide.mcu.externaltools.gnu-tools-for-stm32.10.3-2021.10.win32_1.0.0.202111181127/tools/bin/../lib/gcc/arm-none-eabi/10.3.1/thumb/v7e-m+fp/hard/crtbegin.o

.rodata         0x0000000008006ce0       0xbc
                0x0000000008006ce0                . = ALIGN (0x4)
 *(.rodata)
 .rodata        0x0000000008006ce0       0x20 ./Core/Src/result.o
 .rodata        0x0000000008006d00       0x82 ./Core/Src/status.o
 *(.rodata*)
 *fill*         0x0000000008006d82        0x2 
 .rodata.AHBPrescTable
                0x0000000008006d84       0x10 ./Core/Src/system_stm32f4xx.o
                0x0000000008006d84                AHBPrescTable
 .rodata.APBPrescTable
                0x0000000008006d94        0x8 ./Core/Src/system_stm32f4xx.o
                0x0000000008006d94                APBPrescTable
                0x0000000008006d9c                . = ALIGN (0x4)

.ARM.extab      0x0000000008006d9c        0x0
                0x0000000008006d9c                . = ALIGN (0x4)
 *(.ARM.extab* .gnu.linkonce.armextab.*)
                0x0000000008006d9c                . = ALIGN (0x4)

.ARM            0x0000000008006d9c        0x8
                0x0000000008006d9c                . = ALIGN (0x4)
                0x0000000008006d9c                __exidx_start = .
 *(.ARM.exidx*)
 .ARM.exidx     0x0000000008006d9c        0x8 c:/st/stm32cubeide_1.7.0/stm32cubeide/plugins/com.st.stm32cube.ide.mcu.externaltools.gnu-tools-for-stm32.10.3-2021.10.win32_1.0.0.202111181127/tools/bin/../lib/gcc/arm-none-eabi/10.3.1/thumb/v7e-m+fp/hard\libgcc.a(_udivmoddi4.o)
                0x0000000008006da4                __exidx_end = .
                0x0000000008006da4                . = ALIGN (0x4)

.rel.dyn        0x0000000008006da4        0x0
 .rel.iplt      0x0000000008006da4        0x0 c:/st/stm32cubeide_1.7.0/stm32cubeide/plugins/com.st.stm32cube.ide.mcu.externaltools.gnu-tools-for-stm32.10.3-2021.10.win32_1.0.0.202111181127/tools/bin/../lib/gcc/arm-none-eabi/10.3.1/thumb/v7e-m+fp/hard/crtbegin.o

.preinit_array  0x0000000008006da4        0x0
                0x0000000008006da4                . = ALIGN (0x4)
                0x0000000008006da4                PROVIDE (__preinit_array_start = .)
 *(.preinit_array*)
                0x0000000008006da4                PROVIDE (__preinit_array_end = .)
                0x0000000008006da4                . = ALIGN (0x4)

.init_array     0x0000000008006da4        0x4
                0x0000000008006da4                . = ALIGN (0x4)
                0x0000000008006da4                PROVIDE (__init_array_start = .)
 *(SORT_BY_NAME(.init_array.*))
 *(.init_array*)
 .init_array    0x0000000008006da4        0x4 c:/st/stm32cubeide_1.7.0/stm32cubeide/plugins/com.st.stm32cube.ide.mcu.externaltools.gnu-tools-for-stm32.10.3-2021.10.win32_1.0.0.202111181127/tools/bin/../lib/gcc/arm-none-eabi/10.3.1/thumb/v7e-m+fp/hard/crtbegin.o
                0x0000000008006da8                PROVIDE (__init_array_end = .)
                0x0000000008006da8                . = ALIGN (0x4)

.fini_array     0x0000000008006da8        0x4
                0x0000000008006da8                . = ALIGN (0x4)
                [!provide]                        PROVIDE (__fini_array_start = .)
 *(SORT_BY_NAME(.fini_array.*))
 *(.fini_array*)
 .fini_array    0x0000000008006da8        0x4 c:/st/stm32cubeide_1.7.0/stm32cubeide/plugins/com.st.stm32cube.ide.mcu.externaltools.gnu-tools-for-stm32.10.3-2021.10.win32_1.0.0.202111181127/tools/bin/../lib/gcc/arm-none-eabi/10.3.1/thumb/v7e-m+fp/hard/crtbegin.o
                [!provide]                        PROVIDE (__fini_array_end = .)
                0x0000000008006dac                . = ALIGN (0x4)
                0x0000000008006dac                _sidata = LOADADDR (.data)

.data           0x0000000020000000       0x10 load address 0x0000000008006dac
                0x0000000020000000                . = ALIGN (0x4)
                0x0000000020000000                _sdata = .
 *(.data)
 *(.data*)
 .data.divide_freq
                0x0000000020000000        0x4 ./Core/Src/result.o
                0x0000000020000000                divide_freq
 .data.SystemCoreClock
                0x0000000020000004        0x4 ./Core/Src/system_stm32f4xx.o
                0x0000000020000004                SystemCoreClock
 .data.uwTickPrio
                0x0000000020000008        0x4 ./Drivers/STM32F4xx_HAL_Driver/Src/stm32f4xx_hal.o
                0x0000000020000008                uwTickPrio
 .data.uwTickFreq
                0x000000002000000c        0x1 ./Drivers/STM32F4xx_HAL_Driver/Src/stm32f4xx_hal.o
                0x000000002000000c                uwTickFreq
 *(.RamFunc)
 *(.RamFunc*)
                0x0000000020000010                . = ALIGN (0x4)
 *fill*         0x000000002000000d        0x3 
                0x0000000020000010                _edata = .

.igot.plt       0x0000000020000010        0x0 load address 0x0000000008006dbc
 .igot.plt      0x0000000020000010        0x0 c:/st/stm32cubeide_1.7.0/stm32cubeide/plugins/com.st.stm32cube.ide.mcu.externaltools.gnu-tools-for-stm32.10.3-2021.10.win32_1.0.0.202111181127/tools/bin/../lib/gcc/arm-none-eabi/10.3.1/thumb/v7e-m+fp/hard/crtbegin.o
                0x0000000020000010                . = ALIGN (0x4)

.bss            0x0000000020000010      0x374 load address 0x0000000008006dbc
                0x0000000020000010                _sbss = .
                0x0000000020000010                __bss_start__ = _sbss
 *(.bss)
 .bss           0x0000000020000010       0x1c c:/st/stm32cubeide_1.7.0/stm32cubeide/plugins/com.st.stm32cube.ide.mcu.externaltools.gnu-tools-for-stm32.10.3-2021.10.win32_1.0.0.202111181127/tools/bin/../lib/gcc/arm-none-eabi/10.3.1/thumb/v7e-m+fp/hard/crtbegin.o
 *(.bss*)
 .bss.load_current
                0x000000002000002c        0x2 ./Core/Src/adc.o
                0x000000002000002c                load_current
 .bss.adc_val   0x000000002000002e        0x2 ./Core/Src/adc.o
                0x000000002000002e                adc_val
 .bss.total_adc_val
                0x0000000020000030        0x4 ./Core/Src/adc.o
                0x0000000020000030                total_adc_val
 .bss.cnt       0x0000000020000034        0x1 ./Core/Src/adc.o
                0x0000000020000034                cnt
 *fill*         0x0000000020000035        0x1 
 .bss.avg_adc_val
                0x0000000020000036        0x2 ./Core/Src/adc.o
                0x0000000020000036                avg_adc_val
 .bss.hadc1     0x0000000020000038       0x48 ./Core/Src/adc.o
                0x0000000020000038                hadc1
 .bss.g_Status  0x0000000020000080        0x1 ./Core/Src/main.o
                0x0000000020000080                g_Status
 .bss.stop_feedback
                0x0000000020000081        0x1 ./Core/Src/main.o
                0x0000000020000081                stop_feedback
 .bss.feedback_ng_cnt
                0x0000000020000082        0x1 ./Core/Src/main.o
                0x0000000020000082                feedback_ng_cnt
 .bss.g_Result  0x0000000020000083        0x1 ./Core/Src/result.o
                0x0000000020000083                g_Result
 .bss.LiDARQueue
                0x0000000020000084      0x102 ./Core/Src/ringbuf.o
                0x0000000020000084                LiDARQueue
 *fill*         0x0000000020000186        0x2 
 .bss.ViewerQueue
                0x0000000020000188      0x102 ./Core/Src/ringbuf.o
                0x0000000020000188                ViewerQueue
 .bss.connect   0x000000002000028a        0x1 ./Core/Src/status.o
                0x000000002000028a                connect
 .bss.INFO_RX_Flag
                0x000000002000028b        0x1 ./Core/Src/status.o
                0x000000002000028b                INFO_RX_Flag
 .bss.INFO_RX_BUFF
                0x000000002000028c        0xd ./Core/Src/status.o
                0x000000002000028c                INFO_RX_BUFF
 .bss.INFO_RX_Cnt
                0x0000000020000299        0x1 ./Core/Src/status.o
                0x0000000020000299                INFO_RX_Cnt
 .bss.LiDAR_Model
                0x000000002000029a        0x1 ./Core/Src/status.o
                0x000000002000029a                LiDAR_Model
 .bss.Detect1_Result
                0x000000002000029b        0x1 ./Core/Src/status.o
                0x000000002000029b                Detect1_Result
 .bss.Detect1_Flag
                0x000000002000029c        0x1 ./Core/Src/status.o
                0x000000002000029c                Detect1_Flag
 .bss.Detect2_Result
                0x000000002000029d        0x1 ./Core/Src/status.o
                0x000000002000029d                Detect2_Result
 .bss.Detect2_Flag
                0x000000002000029e        0x1 ./Core/Src/status.o
                0x000000002000029e                Detect2_Flag
 .bss.Detect3_Result
                0x000000002000029f        0x1 ./Core/Src/status.o
                0x000000002000029f                Detect3_Result
 .bss.Detect3_Flag
                0x00000000200002a0        0x1 ./Core/Src/status.o
                0x00000000200002a0                Detect3_Flag
 .bss.Detect_Check_Count
                0x00000000200002a1        0x1 ./Core/Src/status.o
                0x00000000200002a1                Detect_Check_Count
 *fill*         0x00000000200002a2        0x2 
 .bss.VIEWER_RX_BUFF
                0x00000000200002a4        0x9 ./Core/Src/status.o
                0x00000000200002a4                VIEWER_RX_BUFF
 .bss.VIEWER_RX_Cnt
                0x00000000200002ad        0x1 ./Core/Src/status.o
                0x00000000200002ad                VIEWER_RX_Cnt
 .bss.tx_start_flag
                0x00000000200002ae        0x1 ./Core/Src/stm32f4xx_it.o
                0x00000000200002ae                tx_start_flag
 .bss.Mode_data
                0x00000000200002af        0x1 ./Core/Src/switch.o
                0x00000000200002af                Mode_data
 .bss.htim3     0x00000000200002b0       0x48 ./Core/Src/tim.o
                0x00000000200002b0                htim3
 .bss.huart5    0x00000000200002f8       0x44 ./Core/Src/usart.o
                0x00000000200002f8                huart5
 .bss.huart6    0x000000002000033c       0x44 ./Core/Src/usart.o
                0x000000002000033c                huart6
 .bss.uwTick    0x0000000020000380        0x4 ./Drivers/STM32F4xx_HAL_Driver/Src/stm32f4xx_hal.o
                0x0000000020000380                uwTick
 *(COMMON)
                0x0000000020000384                . = ALIGN (0x4)
                0x0000000020000384                _ebss = .
                0x0000000020000384                __bss_end__ = _ebss

._user_heap_stack
                0x0000000020000384      0x604 load address 0x0000000008006dbc
                0x0000000020000388                . = ALIGN (0x8)
 *fill*         0x0000000020000384        0x4 
                [!provide]                        PROVIDE (end = .)
                0x0000000020000388                PROVIDE (_end = .)
                0x0000000020000588                . = (. + _Min_Heap_Size)
 *fill*         0x0000000020000388      0x200 
                0x0000000020000988                . = (. + _Min_Stack_Size)
 *fill*         0x0000000020000588      0x400 
                0x0000000020000988                . = ALIGN (0x8)

/DISCARD/
 libc.a(*)
 libm.a(*)
 libgcc.a(*)

.ARM.attributes
                0x0000000000000000       0x30
 *(.ARM.attributes)
 .ARM.attributes
                0x0000000000000000       0x1e c:/st/stm32cubeide_1.7.0/stm32cubeide/plugins/com.st.stm32cube.ide.mcu.externaltools.gnu-tools-for-stm32.10.3-2021.10.win32_1.0.0.202111181127/tools/bin/../lib/gcc/arm-none-eabi/10.3.1/thumb/v7e-m+fp/hard/crti.o
 .ARM.attributes
                0x000000000000001e       0x34 c:/st/stm32cubeide_1.7.0/stm32cubeide/plugins/com.st.stm32cube.ide.mcu.externaltools.gnu-tools-for-stm32.10.3-2021.10.win32_1.0.0.202111181127/tools/bin/../lib/gcc/arm-none-eabi/10.3.1/thumb/v7e-m+fp/hard/crtbegin.o
 .ARM.attributes
                0x0000000000000052       0x34 ./Core/Src/adc.o
 .ARM.attributes
                0x0000000000000086       0x34 ./Core/Src/delay.o
 .ARM.attributes
                0x00000000000000ba       0x34 ./Core/Src/gpio.o
 .ARM.attributes
                0x00000000000000ee       0x34 ./Core/Src/main.o
 .ARM.attributes
                0x0000000000000122       0x34 ./Core/Src/protocol.o
 .ARM.attributes
                0x0000000000000156       0x34 ./Core/Src/result.o
 .ARM.attributes
                0x000000000000018a       0x34 ./Core/Src/ringbuf.o
 .ARM.attributes
                0x00000000000001be       0x34 ./Core/Src/status.o
 .ARM.attributes
                0x00000000000001f2       0x34 ./Core/Src/stm32f4xx_hal_msp.o
 .ARM.attributes
                0x0000000000000226       0x34 ./Core/Src/stm32f4xx_it.o
 .ARM.attributes
                0x000000000000025a       0x34 ./Core/Src/switch.o
 .ARM.attributes
                0x000000000000028e       0x34 ./Core/Src/system_stm32f4xx.o
 .ARM.attributes
                0x00000000000002c2       0x34 ./Core/Src/tim.o
 .ARM.attributes
                0x00000000000002f6       0x34 ./Core/Src/usart.o
 .ARM.attributes
                0x000000000000032a       0x21 ./Core/Startup/startup_stm32f446retx.o
 .ARM.attributes
                0x000000000000034b       0x34 ./Drivers/STM32F4xx_HAL_Driver/Src/stm32f4xx_hal.o
 .ARM.attributes
                0x000000000000037f       0x34 ./Drivers/STM32F4xx_HAL_Driver/Src/stm32f4xx_hal_adc.o
 .ARM.attributes
                0x00000000000003b3       0x34 ./Drivers/STM32F4xx_HAL_Driver/Src/stm32f4xx_hal_cortex.o
 .ARM.attributes
                0x00000000000003e7       0x34 ./Drivers/STM32F4xx_HAL_Driver/Src/stm32f4xx_hal_dma.o
 .ARM.attributes
                0x000000000000041b       0x34 ./Drivers/STM32F4xx_HAL_Driver/Src/stm32f4xx_hal_gpio.o
 .ARM.attributes
                0x000000000000044f       0x34 ./Drivers/STM32F4xx_HAL_Driver/Src/stm32f4xx_hal_pwr_ex.o
 .ARM.attributes
                0x0000000000000483       0x34 ./Drivers/STM32F4xx_HAL_Driver/Src/stm32f4xx_hal_rcc.o
 .ARM.attributes
                0x00000000000004b7       0x34 ./Drivers/STM32F4xx_HAL_Driver/Src/stm32f4xx_hal_rcc_ex.o
 .ARM.attributes
                0x00000000000004eb       0x34 ./Drivers/STM32F4xx_HAL_Driver/Src/stm32f4xx_hal_tim.o
 .ARM.attributes
                0x000000000000051f       0x34 ./Drivers/STM32F4xx_HAL_Driver/Src/stm32f4xx_hal_tim_ex.o
 .ARM.attributes
                0x0000000000000553       0x34 ./Drivers/STM32F4xx_HAL_Driver/Src/stm32f4xx_hal_uart.o
 .ARM.attributes
                0x0000000000000587       0x34 ./Drivers/STM32F4xx_HAL_Driver/Src/stm32f4xx_ll_exti.o
 .ARM.attributes
                0x00000000000005bb       0x34 ./Drivers/STM32F4xx_HAL_Driver/Src/stm32f4xx_ll_gpio.o
 .ARM.attributes
                0x00000000000005ef       0x34 c:/st/stm32cubeide_1.7.0/stm32cubeide/plugins/com.st.stm32cube.ide.mcu.externaltools.gnu-tools-for-stm32.10.3-2021.10.win32_1.0.0.202111181127/tools/bin/../lib/gcc/arm-none-eabi/10.3.1/../../../../arm-none-eabi/lib/thumb/v7e-m+fp/hard\libc_nano.a(lib_a-init.o)
 .ARM.attributes
                0x0000000000000623       0x34 c:/st/stm32cubeide_1.7.0/stm32cubeide/plugins/com.st.stm32cube.ide.mcu.externaltools.gnu-tools-for-stm32.10.3-2021.10.win32_1.0.0.202111181127/tools/bin/../lib/gcc/arm-none-eabi/10.3.1/../../../../arm-none-eabi/lib/thumb/v7e-m+fp/hard\libc_nano.a(lib_a-memcmp.o)
 .ARM.attributes
                0x0000000000000657       0x34 c:/st/stm32cubeide_1.7.0/stm32cubeide/plugins/com.st.stm32cube.ide.mcu.externaltools.gnu-tools-for-stm32.10.3-2021.10.win32_1.0.0.202111181127/tools/bin/../lib/gcc/arm-none-eabi/10.3.1/../../../../arm-none-eabi/lib/thumb/v7e-m+fp/hard\libc_nano.a(lib_a-memset.o)
 .ARM.attributes
                0x000000000000068b       0x1e c:/st/stm32cubeide_1.7.0/stm32cubeide/plugins/com.st.stm32cube.ide.mcu.externaltools.gnu-tools-for-stm32.10.3-2021.10.win32_1.0.0.202111181127/tools/bin/../lib/gcc/arm-none-eabi/10.3.1/thumb/v7e-m+fp/hard\libgcc.a(_aeabi_uldivmod.o)
 .ARM.attributes
                0x00000000000006a9       0x34 c:/st/stm32cubeide_1.7.0/stm32cubeide/plugins/com.st.stm32cube.ide.mcu.externaltools.gnu-tools-for-stm32.10.3-2021.10.win32_1.0.0.202111181127/tools/bin/../lib/gcc/arm-none-eabi/10.3.1/thumb/v7e-m+fp/hard\libgcc.a(_udivmoddi4.o)
 .ARM.attributes
                0x00000000000006dd       0x1e c:/st/stm32cubeide_1.7.0/stm32cubeide/plugins/com.st.stm32cube.ide.mcu.externaltools.gnu-tools-for-stm32.10.3-2021.10.win32_1.0.0.202111181127/tools/bin/../lib/gcc/arm-none-eabi/10.3.1/thumb/v7e-m+fp/hard\libgcc.a(_dvmd_tls.o)
 .ARM.attributes
                0x00000000000006fb       0x1e c:/st/stm32cubeide_1.7.0/stm32cubeide/plugins/com.st.stm32cube.ide.mcu.externaltools.gnu-tools-for-stm32.10.3-2021.10.win32_1.0.0.202111181127/tools/bin/../lib/gcc/arm-none-eabi/10.3.1/thumb/v7e-m+fp/hard/crtn.o
OUTPUT(LiDAR Factory JIG.elf elf32-littlearm)
LOAD linker stubs
LOAD c:/st/stm32cubeide_1.7.0/stm32cubeide/plugins/com.st.stm32cube.ide.mcu.externaltools.gnu-tools-for-stm32.10.3-2021.10.win32_1.0.0.202111181127/tools/bin/../lib/gcc/arm-none-eabi/10.3.1/../../../../arm-none-eabi/lib/thumb/v7e-m+fp/hard\libc.a
LOAD c:/st/stm32cubeide_1.7.0/stm32cubeide/plugins/com.st.stm32cube.ide.mcu.externaltools.gnu-tools-for-stm32.10.3-2021.10.win32_1.0.0.202111181127/tools/bin/../lib/gcc/arm-none-eabi/10.3.1/../../../../arm-none-eabi/lib/thumb/v7e-m+fp/hard\libm.a
LOAD c:/st/stm32cubeide_1.7.0/stm32cubeide/plugins/com.st.stm32cube.ide.mcu.externaltools.gnu-tools-for-stm32.10.3-2021.10.win32_1.0.0.202111181127/tools/bin/../lib/gcc/arm-none-eabi/10.3.1/thumb/v7e-m+fp/hard\libgcc.a

.debug_info     0x0000000000000000    0x153fc
 .debug_info    0x0000000000000000      0xbbd ./Core/Src/adc.o
 .debug_info    0x0000000000000bbd      0x2cc ./Core/Src/delay.o
 .debug_info    0x0000000000000e89      0xdec ./Core/Src/gpio.o
 .debug_info    0x0000000000001c75     0x1086 ./Core/Src/main.o
 .debug_info    0x0000000000002cfb      0x832 ./Core/Src/protocol.o
 .debug_info    0x000000000000352d      0xdcc ./Core/Src/result.o
 .debug_info    0x00000000000042f9      0x707 ./Core/Src/ringbuf.o
 .debug_info    0x0000000000004a00      0xb36 ./Core/Src/status.o
 .debug_info    0x0000000000005536      0x32b ./Core/Src/stm32f4xx_hal_msp.o
 .debug_info    0x0000000000005861      0x8a7 ./Core/Src/stm32f4xx_it.o
 .debug_info    0x0000000000006108      0x349 ./Core/Src/switch.o
 .debug_info    0x0000000000006451      0x55b ./Core/Src/system_stm32f4xx.o
 .debug_info    0x00000000000069ac      0xcb2 ./Core/Src/tim.o
 .debug_info    0x000000000000765e      0xd1b ./Core/Src/usart.o
 .debug_info    0x0000000000008379       0x22 ./Core/Startup/startup_stm32f446retx.o
 .debug_info    0x000000000000839b      0x9d2 ./Drivers/STM32F4xx_HAL_Driver/Src/stm32f4xx_hal.o
 .debug_info    0x0000000000008d6d      0xd70 ./Drivers/STM32F4xx_HAL_Driver/Src/stm32f4xx_hal_adc.o
 .debug_info    0x0000000000009add      0xe39 ./Drivers/STM32F4xx_HAL_Driver/Src/stm32f4xx_hal_cortex.o
 .debug_info    0x000000000000a916      0x94f ./Drivers/STM32F4xx_HAL_Driver/Src/stm32f4xx_hal_dma.o
 .debug_info    0x000000000000b265      0x7be ./Drivers/STM32F4xx_HAL_Driver/Src/stm32f4xx_hal_gpio.o
 .debug_info    0x000000000000ba23      0x702 ./Drivers/STM32F4xx_HAL_Driver/Src/stm32f4xx_hal_pwr_ex.o
 .debug_info    0x000000000000c125      0x9ab ./Drivers/STM32F4xx_HAL_Driver/Src/stm32f4xx_hal_rcc.o
 .debug_info    0x000000000000cad0      0x9ec ./Drivers/STM32F4xx_HAL_Driver/Src/stm32f4xx_hal_rcc_ex.o
 .debug_info    0x000000000000d4bc     0x2bbe ./Drivers/STM32F4xx_HAL_Driver/Src/stm32f4xx_hal_tim.o
 .debug_info    0x000000000001007a     0x15e0 ./Drivers/STM32F4xx_HAL_Driver/Src/stm32f4xx_hal_tim_ex.o
 .debug_info    0x000000000001165a     0x31bc ./Drivers/STM32F4xx_HAL_Driver/Src/stm32f4xx_hal_uart.o
 .debug_info    0x0000000000014816      0x366 ./Drivers/STM32F4xx_HAL_Driver/Src/stm32f4xx_ll_exti.o
 .debug_info    0x0000000000014b7c      0x880 ./Drivers/STM32F4xx_HAL_Driver/Src/stm32f4xx_ll_gpio.o

.debug_abbrev   0x0000000000000000     0x37bc
 .debug_abbrev  0x0000000000000000      0x214 ./Core/Src/adc.o
 .debug_abbrev  0x0000000000000214      0x123 ./Core/Src/delay.o
 .debug_abbrev  0x0000000000000337      0x26a ./Core/Src/gpio.o
 .debug_abbrev  0x00000000000005a1      0x308 ./Core/Src/main.o
 .debug_abbrev  0x00000000000008a9      0x1b0 ./Core/Src/protocol.o
 .debug_abbrev  0x0000000000000a59      0x288 ./Core/Src/result.o
 .debug_abbrev  0x0000000000000ce1      0x1c1 ./Core/Src/ringbuf.o
 .debug_abbrev  0x0000000000000ea2      0x204 ./Core/Src/status.o
 .debug_abbrev  0x00000000000010a6       0xdb ./Core/Src/stm32f4xx_hal_msp.o
 .debug_abbrev  0x0000000000001181      0x259 ./Core/Src/stm32f4xx_it.o
 .debug_abbrev  0x00000000000013da      0x16f ./Core/Src/switch.o
 .debug_abbrev  0x0000000000001549      0x116 ./Core/Src/system_stm32f4xx.o
 .debug_abbrev  0x000000000000165f      0x20b ./Core/Src/tim.o
 .debug_abbrev  0x000000000000186a      0x205 ./Core/Src/usart.o
 .debug_abbrev  0x0000000000001a6f       0x12 ./Core/Startup/startup_stm32f446retx.o
 .debug_abbrev  0x0000000000001a81      0x20d ./Drivers/STM32F4xx_HAL_Driver/Src/stm32f4xx_hal.o
 .debug_abbrev  0x0000000000001c8e      0x244 ./Drivers/STM32F4xx_HAL_Driver/Src/stm32f4xx_hal_adc.o
 .debug_abbrev  0x0000000000001ed2      0x316 ./Drivers/STM32F4xx_HAL_Driver/Src/stm32f4xx_hal_cortex.o
 .debug_abbrev  0x00000000000021e8      0x25b ./Drivers/STM32F4xx_HAL_Driver/Src/stm32f4xx_hal_dma.o
 .debug_abbrev  0x0000000000002443      0x1c4 ./Drivers/STM32F4xx_HAL_Driver/Src/stm32f4xx_hal_gpio.o
 .debug_abbrev  0x0000000000002607      0x1c9 ./Drivers/STM32F4xx_HAL_Driver/Src/stm32f4xx_hal_pwr_ex.o
 .debug_abbrev  0x00000000000027d0      0x2aa ./Drivers/STM32F4xx_HAL_Driver/Src/stm32f4xx_hal_rcc.o
 .debug_abbrev  0x0000000000002a7a      0x1fb ./Drivers/STM32F4xx_HAL_Driver/Src/stm32f4xx_hal_rcc_ex.o
 .debug_abbrev  0x0000000000002c75      0x25d ./Drivers/STM32F4xx_HAL_Driver/Src/stm32f4xx_hal_tim.o
 .debug_abbrev  0x0000000000002ed2      0x265 ./Drivers/STM32F4xx_HAL_Driver/Src/stm32f4xx_hal_tim_ex.o
 .debug_abbrev  0x0000000000003137      0x2f4 ./Drivers/STM32F4xx_HAL_Driver/Src/stm32f4xx_hal_uart.o
 .debug_abbrev  0x000000000000342b      0x183 ./Drivers/STM32F4xx_HAL_Driver/Src/stm32f4xx_ll_exti.o
 .debug_abbrev  0x00000000000035ae      0x20e ./Drivers/STM32F4xx_HAL_Driver/Src/stm32f4xx_ll_gpio.o

.debug_aranges  0x0000000000000000     0x11a8
 .debug_aranges
                0x0000000000000000       0x38 ./Core/Src/adc.o
 .debug_aranges
                0x0000000000000038       0x30 ./Core/Src/delay.o
 .debug_aranges
                0x0000000000000068       0x68 ./Core/Src/gpio.o
 .debug_aranges
                0x00000000000000d0       0x48 ./Core/Src/main.o
 .debug_aranges
                0x0000000000000118       0x38 ./Core/Src/protocol.o
 .debug_aranges
                0x0000000000000150       0xe0 ./Core/Src/result.o
 .debug_aranges
                0x0000000000000230       0x30 ./Core/Src/ringbuf.o
 .debug_aranges
                0x0000000000000260       0x48 ./Core/Src/status.o
 .debug_aranges
                0x00000000000002a8       0x20 ./Core/Src/stm32f4xx_hal_msp.o
 .debug_aranges
                0x00000000000002c8       0x90 ./Core/Src/stm32f4xx_it.o
 .debug_aranges
                0x0000000000000358       0x40 ./Core/Src/switch.o
 .debug_aranges
                0x0000000000000398       0x28 ./Core/Src/system_stm32f4xx.o
 .debug_aranges
                0x00000000000003c0       0x38 ./Core/Src/tim.o
 .debug_aranges
                0x00000000000003f8       0x38 ./Core/Src/usart.o
 .debug_aranges
                0x0000000000000430       0x28 ./Core/Startup/startup_stm32f446retx.o
 .debug_aranges
                0x0000000000000458       0xf0 ./Drivers/STM32F4xx_HAL_Driver/Src/stm32f4xx_hal.o
 .debug_aranges
                0x0000000000000548       0xe8 ./Drivers/STM32F4xx_HAL_Driver/Src/stm32f4xx_hal_adc.o
 .debug_aranges
                0x0000000000000630      0x118 ./Drivers/STM32F4xx_HAL_Driver/Src/stm32f4xx_hal_cortex.o
 .debug_aranges
                0x0000000000000748       0x90 ./Drivers/STM32F4xx_HAL_Driver/Src/stm32f4xx_hal_dma.o
 .debug_aranges
                0x00000000000007d8       0x58 ./Drivers/STM32F4xx_HAL_Driver/Src/stm32f4xx_hal_gpio.o
 .debug_aranges
                0x0000000000000830       0x60 ./Drivers/STM32F4xx_HAL_Driver/Src/stm32f4xx_hal_pwr_ex.o
 .debug_aranges
                0x0000000000000890       0x88 ./Drivers/STM32F4xx_HAL_Driver/Src/stm32f4xx_hal_rcc.o
 .debug_aranges
                0x0000000000000918       0x78 ./Drivers/STM32F4xx_HAL_Driver/Src/stm32f4xx_hal_rcc_ex.o
 .debug_aranges
                0x0000000000000990      0x3d0 ./Drivers/STM32F4xx_HAL_Driver/Src/stm32f4xx_hal_tim.o
 .debug_aranges
                0x0000000000000d60      0x168 ./Drivers/STM32F4xx_HAL_Driver/Src/stm32f4xx_hal_tim_ex.o
 .debug_aranges
                0x0000000000000ec8      0x200 ./Drivers/STM32F4xx_HAL_Driver/Src/stm32f4xx_hal_uart.o
 .debug_aranges
                0x00000000000010c8       0x70 ./Drivers/STM32F4xx_HAL_Driver/Src/stm32f4xx_ll_exti.o
 .debug_aranges
                0x0000000000001138       0x70 ./Drivers/STM32F4xx_HAL_Driver/Src/stm32f4xx_ll_gpio.o

.debug_ranges   0x0000000000000000     0x1020
 .debug_ranges  0x0000000000000000       0x28 ./Core/Src/adc.o
 .debug_ranges  0x0000000000000028       0x20 ./Core/Src/delay.o
 .debug_ranges  0x0000000000000048       0x58 ./Core/Src/gpio.o
 .debug_ranges  0x00000000000000a0       0x38 ./Core/Src/main.o
 .debug_ranges  0x00000000000000d8       0x28 ./Core/Src/protocol.o
 .debug_ranges  0x0000000000000100       0xd0 ./Core/Src/result.o
 .debug_ranges  0x00000000000001d0       0x20 ./Core/Src/ringbuf.o
 .debug_ranges  0x00000000000001f0       0x38 ./Core/Src/status.o
 .debug_ranges  0x0000000000000228       0x10 ./Core/Src/stm32f4xx_hal_msp.o
 .debug_ranges  0x0000000000000238       0x80 ./Core/Src/stm32f4xx_it.o
 .debug_ranges  0x00000000000002b8       0x30 ./Core/Src/switch.o
 .debug_ranges  0x00000000000002e8       0x18 ./Core/Src/system_stm32f4xx.o
 .debug_ranges  0x0000000000000300       0x28 ./Core/Src/tim.o
 .debug_ranges  0x0000000000000328       0x28 ./Core/Src/usart.o
 .debug_ranges  0x0000000000000350       0x20 ./Core/Startup/startup_stm32f446retx.o
 .debug_ranges  0x0000000000000370       0xe0 ./Drivers/STM32F4xx_HAL_Driver/Src/stm32f4xx_hal.o
 .debug_ranges  0x0000000000000450       0xd8 ./Drivers/STM32F4xx_HAL_Driver/Src/stm32f4xx_hal_adc.o
 .debug_ranges  0x0000000000000528      0x108 ./Drivers/STM32F4xx_HAL_Driver/Src/stm32f4xx_hal_cortex.o
 .debug_ranges  0x0000000000000630       0x80 ./Drivers/STM32F4xx_HAL_Driver/Src/stm32f4xx_hal_dma.o
 .debug_ranges  0x00000000000006b0       0x48 ./Drivers/STM32F4xx_HAL_Driver/Src/stm32f4xx_hal_gpio.o
 .debug_ranges  0x00000000000006f8       0x50 ./Drivers/STM32F4xx_HAL_Driver/Src/stm32f4xx_hal_pwr_ex.o
 .debug_ranges  0x0000000000000748       0x78 ./Drivers/STM32F4xx_HAL_Driver/Src/stm32f4xx_hal_rcc.o
 .debug_ranges  0x00000000000007c0       0x68 ./Drivers/STM32F4xx_HAL_Driver/Src/stm32f4xx_hal_rcc_ex.o
 .debug_ranges  0x0000000000000828      0x3c0 ./Drivers/STM32F4xx_HAL_Driver/Src/stm32f4xx_hal_tim.o
 .debug_ranges  0x0000000000000be8      0x158 ./Drivers/STM32F4xx_HAL_Driver/Src/stm32f4xx_hal_tim_ex.o
 .debug_ranges  0x0000000000000d40      0x220 ./Drivers/STM32F4xx_HAL_Driver/Src/stm32f4xx_hal_uart.o
 .debug_ranges  0x0000000000000f60       0x60 ./Drivers/STM32F4xx_HAL_Driver/Src/stm32f4xx_ll_exti.o
 .debug_ranges  0x0000000000000fc0       0x60 ./Drivers/STM32F4xx_HAL_Driver/Src/stm32f4xx_ll_gpio.o

.debug_macro    0x0000000000000000    0x28399
 .debug_macro   0x0000000000000000      0x457 ./Core/Src/adc.o
 .debug_macro   0x0000000000000457      0xa7e ./Core/Src/adc.o
 .debug_macro   0x0000000000000ed5      0x2a1 ./Core/Src/adc.o
 .debug_macro   0x0000000000001176       0x2e ./Core/Src/adc.o
 .debug_macro   0x00000000000011a4       0x28 ./Core/Src/adc.o
 .debug_macro   0x00000000000011cc       0x22 ./Core/Src/adc.o
 .debug_macro   0x00000000000011ee       0x8e ./Core/Src/adc.o
 .debug_macro   0x000000000000127c       0x51 ./Core/Src/adc.o
 .debug_macro   0x00000000000012cd      0x103 ./Core/Src/adc.o
 .debug_macro   0x00000000000013d0       0x6a ./Core/Src/adc.o
 .debug_macro   0x000000000000143a      0x1df ./Core/Src/adc.o
 .debug_macro   0x0000000000001619       0x1c ./Core/Src/adc.o
 .debug_macro   0x0000000000001635       0x22 ./Core/Src/adc.o
 .debug_macro   0x0000000000001657       0xd9 ./Core/Src/adc.o
 .debug_macro   0x0000000000001730     0x102d ./Core/Src/adc.o
 .debug_macro   0x000000000000275d      0x11f ./Core/Src/adc.o
 .debug_macro   0x000000000000287c    0x16749 ./Core/Src/adc.o
 .debug_macro   0x0000000000018fc5       0x6d ./Core/Src/adc.o
 .debug_macro   0x0000000000019032     0x367e ./Core/Src/adc.o
 .debug_macro   0x000000000001c6b0      0x174 ./Core/Src/adc.o
 .debug_macro   0x000000000001c824       0x5c ./Core/Src/adc.o
 .debug_macro   0x000000000001c880      0xc90 ./Core/Src/adc.o
 .debug_macro   0x000000000001d510      0x9fe ./Core/Src/adc.o
 .debug_macro   0x000000000001df0e      0x115 ./Core/Src/adc.o
 .debug_macro   0x000000000001e023      0x1a0 ./Core/Src/adc.o
 .debug_macro   0x000000000001e1c3       0xa5 ./Core/Src/adc.o
 .debug_macro   0x000000000001e268      0x16d ./Core/Src/adc.o
 .debug_macro   0x000000000001e3d5      0x287 ./Core/Src/adc.o
 .debug_macro   0x000000000001e65c       0x5f ./Core/Src/adc.o
 .debug_macro   0x000000000001e6bb      0x236 ./Core/Src/adc.o
 .debug_macro   0x000000000001e8f1      0xb5b ./Core/Src/adc.o
 .debug_macro   0x000000000001f44c      0x38b ./Core/Src/adc.o
 .debug_macro   0x000000000001f7d7      0x17d ./Core/Src/adc.o
 .debug_macro   0x000000000001f954       0xf9 ./Core/Src/adc.o
 .debug_macro   0x000000000001fa4d      0x132 ./Core/Src/adc.o
 .debug_macro   0x000000000001fb7f      0x29c ./Core/Src/adc.o
 .debug_macro   0x000000000001fe1b       0x2e ./Core/Src/adc.o
 .debug_macro   0x000000000001fe49      0x11a ./Core/Src/adc.o
 .debug_macro   0x000000000001ff63       0xe8 ./Core/Src/adc.o
 .debug_macro   0x000000000002004b       0x89 ./Core/Src/adc.o
 .debug_macro   0x00000000000200d4      0x8e6 ./Core/Src/adc.o
 .debug_macro   0x00000000000209ba       0x4d ./Core/Src/adc.o
 .debug_macro   0x0000000000020a07      0x295 ./Core/Src/adc.o
 .debug_macro   0x0000000000020c9c      0x126 ./Core/Src/adc.o
 .debug_macro   0x0000000000020dc2      0x21c ./Core/Src/adc.o
 .debug_macro   0x0000000000020fde      0x149 ./Core/Src/adc.o
 .debug_macro   0x0000000000021127       0xe8 ./Core/Src/adc.o
 .debug_macro   0x000000000002120f      0x1db ./Core/Src/adc.o
 .debug_macro   0x00000000000213ea      0x1a6 ./Core/Src/adc.o
 .debug_macro   0x0000000000021590      0xd69 ./Core/Src/adc.o
 .debug_macro   0x00000000000222f9       0x61 ./Core/Src/adc.o
 .debug_macro   0x000000000002235a       0xd5 ./Core/Src/adc.o
 .debug_macro   0x000000000002242f      0x1e6 ./Core/Src/adc.o
 .debug_macro   0x0000000000022615       0x52 ./Core/Src/adc.o
 .debug_macro   0x0000000000022667       0x1e ./Core/Src/adc.o
 .debug_macro   0x0000000000022685       0x3c ./Core/Src/adc.o
 .debug_macro   0x00000000000226c1       0x34 ./Core/Src/adc.o
 .debug_macro   0x00000000000226f5       0x16 ./Core/Src/adc.o
 .debug_macro   0x000000000002270b       0x35 ./Core/Src/adc.o
 .debug_macro   0x0000000000022740      0x341 ./Core/Src/adc.o
 .debug_macro   0x0000000000022a81       0x10 ./Core/Src/adc.o
 .debug_macro   0x0000000000022a91       0x16 ./Core/Src/adc.o
 .debug_macro   0x0000000000022aa7       0x43 ./Core/Src/adc.o
 .debug_macro   0x0000000000022aea       0x34 ./Core/Src/adc.o
 .debug_macro   0x0000000000022b1e       0x10 ./Core/Src/adc.o
 .debug_macro   0x0000000000022b2e       0x58 ./Core/Src/adc.o
 .debug_macro   0x0000000000022b86       0x71 ./Core/Src/adc.o
 .debug_macro   0x0000000000022bf7       0x1c ./Core/Src/adc.o
 .debug_macro   0x0000000000022c13      0x12a ./Core/Src/adc.o
 .debug_macro   0x0000000000022d3d       0x10 ./Core/Src/adc.o
 .debug_macro   0x0000000000022d4d       0x1c ./Core/Src/adc.o
 .debug_macro   0x0000000000022d69       0x52 ./Core/Src/adc.o
 .debug_macro   0x0000000000022dbb       0x22 ./Core/Src/adc.o
 .debug_macro   0x0000000000022ddd       0x10 ./Core/Src/adc.o
 .debug_macro   0x0000000000022ded       0x52 ./Core/Src/adc.o
 .debug_macro   0x0000000000022e3f       0xd5 ./Core/Src/adc.o
 .debug_macro   0x0000000000022f14       0x1c ./Core/Src/adc.o
 .debug_macro   0x0000000000022f30       0x3d ./Core/Src/adc.o
 .debug_macro   0x0000000000022f6d       0x16 ./Core/Src/adc.o
 .debug_macro   0x0000000000022f83      0x145 ./Core/Src/adc.o
 .debug_macro   0x00000000000230c8       0x16 ./Core/Src/adc.o
 .debug_macro   0x00000000000230de       0x20 ./Core/Src/adc.o
 .debug_macro   0x00000000000230fe       0x82 ./Core/Src/adc.o
 .debug_macro   0x0000000000023180       0x1c ./Core/Src/adc.o
 .debug_macro   0x000000000002319c      0x15f ./Core/Src/adc.o
 .debug_macro   0x00000000000232fb      0x200 ./Core/Src/delay.o
 .debug_macro   0x00000000000234fb      0x45d ./Core/Src/gpio.o
 .debug_macro   0x0000000000023958      0x477 ./Core/Src/main.o
 .debug_macro   0x0000000000023dcf      0x457 ./Core/Src/protocol.o
 .debug_macro   0x0000000000024226      0x457 ./Core/Src/result.o
 .debug_macro   0x000000000002467d      0x45d ./Core/Src/ringbuf.o
 .debug_macro   0x0000000000024ada       0x16 ./Core/Src/ringbuf.o
 .debug_macro   0x0000000000024af0      0x44f ./Core/Src/status.o
 .debug_macro   0x0000000000024f3f      0x453 ./Core/Src/stm32f4xx_hal_msp.o
 .debug_macro   0x0000000000025392      0x45b ./Core/Src/stm32f4xx_it.o
 .debug_macro   0x00000000000257ed      0x453 ./Core/Src/switch.o
 .debug_macro   0x0000000000025c40      0x1f6 ./Core/Src/system_stm32f4xx.o
 .debug_macro   0x0000000000025e36      0x45d ./Core/Src/tim.o
 .debug_macro   0x0000000000026293      0x44f ./Core/Src/usart.o
 .debug_macro   0x00000000000266e2      0x256 ./Drivers/STM32F4xx_HAL_Driver/Src/stm32f4xx_hal.o
 .debug_macro   0x0000000000026938      0x1f7 ./Drivers/STM32F4xx_HAL_Driver/Src/stm32f4xx_hal_adc.o
 .debug_macro   0x0000000000026b2f      0x1f6 ./Drivers/STM32F4xx_HAL_Driver/Src/stm32f4xx_hal_cortex.o
 .debug_macro   0x0000000000026d25      0x1fc ./Drivers/STM32F4xx_HAL_Driver/Src/stm32f4xx_hal_dma.o
 .debug_macro   0x0000000000026f21      0x1fc ./Drivers/STM32F4xx_HAL_Driver/Src/stm32f4xx_hal_gpio.o
 .debug_macro   0x000000000002711d      0x20e ./Drivers/STM32F4xx_HAL_Driver/Src/stm32f4xx_hal_pwr_ex.o
 .debug_macro   0x000000000002732b      0x21a ./Drivers/STM32F4xx_HAL_Driver/Src/stm32f4xx_hal_rcc.o
 .debug_macro   0x0000000000027545      0x1f6 ./Drivers/STM32F4xx_HAL_Driver/Src/stm32f4xx_hal_rcc_ex.o
 .debug_macro   0x000000000002773b      0x1f7 ./Drivers/STM32F4xx_HAL_Driver/Src/stm32f4xx_hal_tim.o
 .debug_macro   0x0000000000027932      0x1f6 ./Drivers/STM32F4xx_HAL_Driver/Src/stm32f4xx_hal_tim_ex.o
 .debug_macro   0x0000000000027b28      0x1f7 ./Drivers/STM32F4xx_HAL_Driver/Src/stm32f4xx_hal_uart.o
 .debug_macro   0x0000000000027d1f      0x21d ./Drivers/STM32F4xx_HAL_Driver/Src/stm32f4xx_ll_exti.o
 .debug_macro   0x0000000000027f3c       0xe2 ./Drivers/STM32F4xx_HAL_Driver/Src/stm32f4xx_ll_exti.o
 .debug_macro   0x000000000002801e      0x238 ./Drivers/STM32F4xx_HAL_Driver/Src/stm32f4xx_ll_gpio.o
 .debug_macro   0x0000000000028256      0x143 ./Drivers/STM32F4xx_HAL_Driver/Src/stm32f4xx_ll_gpio.o

.debug_line     0x0000000000000000    0x19cf6
 .debug_line    0x0000000000000000      0xb12 ./Core/Src/adc.o
 .debug_line    0x0000000000000b12      0x769 ./Core/Src/delay.o
 .debug_line    0x000000000000127b      0xcf9 ./Core/Src/gpio.o
 .debug_line    0x0000000000001f74      0xbb1 ./Core/Src/main.o
 .debug_line    0x0000000000002b25      0xcaa ./Core/Src/protocol.o
 .debug_line    0x00000000000037cf     0x12e2 ./Core/Src/result.o
 .debug_line    0x0000000000004ab1      0xb0e ./Core/Src/ringbuf.o
 .debug_line    0x00000000000055bf      0xc4a ./Core/Src/status.o
 .debug_line    0x0000000000006209      0xa57 ./Core/Src/stm32f4xx_hal_msp.o
 .debug_line    0x0000000000006c60      0xc08 ./Core/Src/stm32f4xx_it.o
 .debug_line    0x0000000000007868      0xacf ./Core/Src/switch.o
 .debug_line    0x0000000000008337      0x780 ./Core/Src/system_stm32f4xx.o
 .debug_line    0x0000000000008ab7      0xb13 ./Core/Src/tim.o
 .debug_line    0x00000000000095ca      0xb3c ./Core/Src/usart.o
 .debug_line    0x000000000000a106       0x88 ./Core/Startup/startup_stm32f446retx.o
 .debug_line    0x000000000000a18e      0x9e6 ./Drivers/STM32F4xx_HAL_Driver/Src/stm32f4xx_hal.o
 .debug_line    0x000000000000ab74     0x1262 ./Drivers/STM32F4xx_HAL_Driver/Src/stm32f4xx_hal_adc.o
 .debug_line    0x000000000000bdd6      0xc95 ./Drivers/STM32F4xx_HAL_Driver/Src/stm32f4xx_hal_cortex.o
 .debug_line    0x000000000000ca6b      0xf4a ./Drivers/STM32F4xx_HAL_Driver/Src/stm32f4xx_hal_dma.o
 .debug_line    0x000000000000d9b5      0xb46 ./Drivers/STM32F4xx_HAL_Driver/Src/stm32f4xx_hal_gpio.o
 .debug_line    0x000000000000e4fb      0x915 ./Drivers/STM32F4xx_HAL_Driver/Src/stm32f4xx_hal_pwr_ex.o
 .debug_line    0x000000000000ee10      0xd6c ./Drivers/STM32F4xx_HAL_Driver/Src/stm32f4xx_hal_rcc.o
 .debug_line    0x000000000000fb7c     0x13f6 ./Drivers/STM32F4xx_HAL_Driver/Src/stm32f4xx_hal_rcc_ex.o
 .debug_line    0x0000000000010f72     0x36da ./Drivers/STM32F4xx_HAL_Driver/Src/stm32f4xx_hal_tim.o
 .debug_line    0x000000000001464c     0x19e3 ./Drivers/STM32F4xx_HAL_Driver/Src/stm32f4xx_hal_tim_ex.o
 .debug_line    0x000000000001602f     0x2a8b ./Drivers/STM32F4xx_HAL_Driver/Src/stm32f4xx_hal_uart.o
 .debug_line    0x0000000000018aba      0x874 ./Drivers/STM32F4xx_HAL_Driver/Src/stm32f4xx_ll_exti.o
 .debug_line    0x000000000001932e      0x9c8 ./Drivers/STM32F4xx_HAL_Driver/Src/stm32f4xx_ll_gpio.o

.debug_str      0x0000000000000000    0xed872
 .debug_str     0x0000000000000000    0xe894d ./Core/Src/adc.o
                                      0xe9043 (size before relaxing)
 .debug_str     0x00000000000e894d      0x105 ./Core/Src/delay.o
                                      0xd55ef (size before relaxing)
 .debug_str     0x00000000000e8a52      0x73b ./Core/Src/gpio.o
                                      0xe92f1 (size before relaxing)
 .debug_str     0x00000000000e918d      0x62a ./Core/Src/main.o
                                      0xe94e0 (size before relaxing)
 .debug_str     0x00000000000e97b7       0x93 ./Core/Src/protocol.o
                                      0xe8e4f (size before relaxing)
 .debug_str     0x00000000000e984a      0x369 ./Core/Src/result.o
                                      0xe90df (size before relaxing)
 .debug_str     0x00000000000e9bb3       0x4b ./Core/Src/ringbuf.o
                                      0xe8dff (size before relaxing)
 .debug_str     0x00000000000e9bfe      0x17d ./Core/Src/status.o
                                      0xe9128 (size before relaxing)
 .debug_str     0x00000000000e9d7b       0x2c ./Core/Src/stm32f4xx_hal_msp.o
                                      0xe8a83 (size before relaxing)
 .debug_str     0x00000000000e9da7      0x172 ./Core/Src/stm32f4xx_it.o
                                      0xe8fa5 (size before relaxing)
 .debug_str     0x00000000000e9f19       0x42 ./Core/Src/switch.o
                                      0xe8a71 (size before relaxing)
 .debug_str     0x00000000000e9f5b       0x87 ./Core/Src/system_stm32f4xx.o
                                      0xd56ad (size before relaxing)
 .debug_str     0x00000000000e9fe2      0x1db ./Core/Src/tim.o
                                      0xe925c (size before relaxing)
 .debug_str     0x00000000000ea1bd       0x8d ./Core/Src/usart.o
                                      0xe954e (size before relaxing)
 .debug_str     0x00000000000ea24a       0x36 ./Core/Startup/startup_stm32f446retx.o
                                         0x76 (size before relaxing)
 .debug_str     0x00000000000ea280      0x612 ./Drivers/STM32F4xx_HAL_Driver/Src/stm32f4xx_hal.o
                                      0xd6272 (size before relaxing)
 .debug_str     0x00000000000ea892      0x28a ./Drivers/STM32F4xx_HAL_Driver/Src/stm32f4xx_hal_adc.o
                                      0xd5c75 (size before relaxing)
 .debug_str     0x00000000000eab1c      0x28b ./Drivers/STM32F4xx_HAL_Driver/Src/stm32f4xx_hal_cortex.o
                                      0xd5f80 (size before relaxing)
 .debug_str     0x00000000000eada7      0x304 ./Drivers/STM32F4xx_HAL_Driver/Src/stm32f4xx_hal_dma.o
                                      0xd5aa2 (size before relaxing)
 .debug_str     0x00000000000eb0ab       0xd7 ./Drivers/STM32F4xx_HAL_Driver/Src/stm32f4xx_hal_gpio.o
                                      0xd5828 (size before relaxing)
 .debug_str     0x00000000000eb182      0x135 ./Drivers/STM32F4xx_HAL_Driver/Src/stm32f4xx_hal_pwr_ex.o
                                      0xd5885 (size before relaxing)
 .debug_str     0x00000000000eb2b7      0x21f ./Drivers/STM32F4xx_HAL_Driver/Src/stm32f4xx_hal_rcc.o
                                      0xd5ae6 (size before relaxing)
 .debug_str     0x00000000000eb4d6      0x31c ./Drivers/STM32F4xx_HAL_Driver/Src/stm32f4xx_hal_rcc_ex.o
                                      0xd5b19 (size before relaxing)
 .debug_str     0x00000000000eb7f2      0xd38 ./Drivers/STM32F4xx_HAL_Driver/Src/stm32f4xx_hal_tim.o
                                      0xd6a02 (size before relaxing)
 .debug_str     0x00000000000ec52a      0x493 ./Drivers/STM32F4xx_HAL_Driver/Src/stm32f4xx_hal_tim_ex.o
                                      0xd621e (size before relaxing)
 .debug_str     0x00000000000ec9bd      0x5cb ./Drivers/STM32F4xx_HAL_Driver/Src/stm32f4xx_hal_uart.o
                                      0xd605b (size before relaxing)
 .debug_str     0x00000000000ecf88      0x2c0 ./Drivers/STM32F4xx_HAL_Driver/Src/stm32f4xx_ll_exti.o
                                      0xd5d10 (size before relaxing)
 .debug_str     0x00000000000ed248      0x62a ./Drivers/STM32F4xx_HAL_Driver/Src/stm32f4xx_ll_gpio.o
                                      0xd708d (size before relaxing)

.comment        0x0000000000000000       0x50
 .comment       0x0000000000000000       0x50 ./Core/Src/adc.o
                                         0x51 (size before relaxing)
 .comment       0x0000000000000050       0x51 ./Core/Src/delay.o
 .comment       0x0000000000000050       0x51 ./Core/Src/gpio.o
 .comment       0x0000000000000050       0x51 ./Core/Src/main.o
 .comment       0x0000000000000050       0x51 ./Core/Src/protocol.o
 .comment       0x0000000000000050       0x51 ./Core/Src/result.o
 .comment       0x0000000000000050       0x51 ./Core/Src/ringbuf.o
 .comment       0x0000000000000050       0x51 ./Core/Src/status.o
 .comment       0x0000000000000050       0x51 ./Core/Src/stm32f4xx_hal_msp.o
 .comment       0x0000000000000050       0x51 ./Core/Src/stm32f4xx_it.o
 .comment       0x0000000000000050       0x51 ./Core/Src/switch.o
 .comment       0x0000000000000050       0x51 ./Core/Src/system_stm32f4xx.o
 .comment       0x0000000000000050       0x51 ./Core/Src/tim.o
 .comment       0x0000000000000050       0x51 ./Core/Src/usart.o
 .comment       0x0000000000000050       0x51 ./Drivers/STM32F4xx_HAL_Driver/Src/stm32f4xx_hal.o
 .comment       0x0000000000000050       0x51 ./Drivers/STM32F4xx_HAL_Driver/Src/stm32f4xx_hal_adc.o
 .comment       0x0000000000000050       0x51 ./Drivers/STM32F4xx_HAL_Driver/Src/stm32f4xx_hal_cortex.o
 .comment       0x0000000000000050       0x51 ./Drivers/STM32F4xx_HAL_Driver/Src/stm32f4xx_hal_dma.o
 .comment       0x0000000000000050       0x51 ./Drivers/STM32F4xx_HAL_Driver/Src/stm32f4xx_hal_gpio.o
 .comment       0x0000000000000050       0x51 ./Drivers/STM32F4xx_HAL_Driver/Src/stm32f4xx_hal_pwr_ex.o
 .comment       0x0000000000000050       0x51 ./Drivers/STM32F4xx_HAL_Driver/Src/stm32f4xx_hal_rcc.o
 .comment       0x0000000000000050       0x51 ./Drivers/STM32F4xx_HAL_Driver/Src/stm32f4xx_hal_rcc_ex.o
 .comment       0x0000000000000050       0x51 ./Drivers/STM32F4xx_HAL_Driver/Src/stm32f4xx_hal_tim.o
 .comment       0x0000000000000050       0x51 ./Drivers/STM32F4xx_HAL_Driver/Src/stm32f4xx_hal_tim_ex.o
 .comment       0x0000000000000050       0x51 ./Drivers/STM32F4xx_HAL_Driver/Src/stm32f4xx_hal_uart.o
 .comment       0x0000000000000050       0x51 ./Drivers/STM32F4xx_HAL_Driver/Src/stm32f4xx_ll_exti.o
 .comment       0x0000000000000050       0x51 ./Drivers/STM32F4xx_HAL_Driver/Src/stm32f4xx_ll_gpio.o

.debug_frame    0x0000000000000000     0x4734
 .debug_frame   0x0000000000000000       0x98 ./Core/Src/adc.o
 .debug_frame   0x0000000000000098       0x78 ./Core/Src/delay.o
 .debug_frame   0x0000000000000110      0x198 ./Core/Src/gpio.o
 .debug_frame   0x00000000000002a8       0xdc ./Core/Src/main.o
 .debug_frame   0x0000000000000384       0xa0 ./Core/Src/protocol.o
 .debug_frame   0x0000000000000424      0x30c ./Core/Src/result.o
 .debug_frame   0x0000000000000730       0x88 ./Core/Src/ringbuf.o
 .debug_frame   0x00000000000007b8       0xd0 ./Core/Src/status.o
 .debug_frame   0x0000000000000888       0x38 ./Core/Src/stm32f4xx_hal_msp.o
 .debug_frame   0x00000000000008c0      0x1d4 ./Core/Src/stm32f4xx_it.o
 .debug_frame   0x0000000000000a94       0xcc ./Core/Src/switch.o
 .debug_frame   0x0000000000000b60       0x58 ./Core/Src/system_stm32f4xx.o
 .debug_frame   0x0000000000000bb8       0xa8 ./Core/Src/tim.o
 .debug_frame   0x0000000000000c60       0x90 ./Core/Src/usart.o
 .debug_frame   0x0000000000000cf0      0x374 ./Drivers/STM32F4xx_HAL_Driver/Src/stm32f4xx_hal.o
 .debug_frame   0x0000000000001064      0x3fc ./Drivers/STM32F4xx_HAL_Driver/Src/stm32f4xx_hal_adc.o
 .debug_frame   0x0000000000001460      0x498 ./Drivers/STM32F4xx_HAL_Driver/Src/stm32f4xx_hal_cortex.o
 .debug_frame   0x00000000000018f8      0x250 ./Drivers/STM32F4xx_HAL_Driver/Src/stm32f4xx_hal_dma.o
 .debug_frame   0x0000000000001b48      0x14c ./Drivers/STM32F4xx_HAL_Driver/Src/stm32f4xx_hal_gpio.o
 .debug_frame   0x0000000000001c94      0x14c ./Drivers/STM32F4xx_HAL_Driver/Src/stm32f4xx_hal_pwr_ex.o
 .debug_frame   0x0000000000001de0      0x1f4 ./Drivers/STM32F4xx_HAL_Driver/Src/stm32f4xx_hal_rcc.o
 .debug_frame   0x0000000000001fd4      0x1e8 ./Drivers/STM32F4xx_HAL_Driver/Src/stm32f4xx_hal_rcc_ex.o
 .debug_frame   0x00000000000021bc     0x11c4 ./Drivers/STM32F4xx_HAL_Driver/Src/stm32f4xx_hal_tim.o
 .debug_frame   0x0000000000003380      0x638 ./Drivers/STM32F4xx_HAL_Driver/Src/stm32f4xx_hal_tim_ex.o
 .debug_frame   0x00000000000039b8      0x92c ./Drivers/STM32F4xx_HAL_Driver/Src/stm32f4xx_hal_uart.o
 .debug_frame   0x00000000000042e4      0x1bc ./Drivers/STM32F4xx_HAL_Driver/Src/stm32f4xx_ll_exti.o
 .debug_frame   0x00000000000044a0      0x1c0 ./Drivers/STM32F4xx_HAL_Driver/Src/stm32f4xx_ll_gpio.o
 .debug_frame   0x0000000000004660       0x2c c:/st/stm32cubeide_1.7.0/stm32cubeide/plugins/com.st.stm32cube.ide.mcu.externaltools.gnu-tools-for-stm32.10.3-2021.10.win32_1.0.0.202111181127/tools/bin/../lib/gcc/arm-none-eabi/10.3.1/../../../../arm-none-eabi/lib/thumb/v7e-m+fp/hard\libc_nano.a(lib_a-init.o)
 .debug_frame   0x000000000000468c       0x28 c:/st/stm32cubeide_1.7.0/stm32cubeide/plugins/com.st.stm32cube.ide.mcu.externaltools.gnu-tools-for-stm32.10.3-2021.10.win32_1.0.0.202111181127/tools/bin/../lib/gcc/arm-none-eabi/10.3.1/../../../../arm-none-eabi/lib/thumb/v7e-m+fp/hard\libc_nano.a(lib_a-memcmp.o)
 .debug_frame   0x00000000000046b4       0x20 c:/st/stm32cubeide_1.7.0/stm32cubeide/plugins/com.st.stm32cube.ide.mcu.externaltools.gnu-tools-for-stm32.10.3-2021.10.win32_1.0.0.202111181127/tools/bin/../lib/gcc/arm-none-eabi/10.3.1/../../../../arm-none-eabi/lib/thumb/v7e-m+fp/hard\libc_nano.a(lib_a-memset.o)
 .debug_frame   0x00000000000046d4       0x2c c:/st/stm32cubeide_1.7.0/stm32cubeide/plugins/com.st.stm32cube.ide.mcu.externaltools.gnu-tools-for-stm32.10.3-2021.10.win32_1.0.0.202111181127/tools/bin/../lib/gcc/arm-none-eabi/10.3.1/thumb/v7e-m+fp/hard\libgcc.a(_aeabi_uldivmod.o)
 .debug_frame   0x0000000000004700       0x34 c:/st/stm32cubeide_1.7.0/stm32cubeide/plugins/com.st.stm32cube.ide.mcu.externaltools.gnu-tools-for-stm32.10.3-2021.10.win32_1.0.0.202111181127/tools/bin/../lib/gcc/arm-none-eabi/10.3.1/thumb/v7e-m+fp/hard\libgcc.a(_udivmoddi4.o)
