Archive member included to satisfy reference by file (symbol)

c:/st/stm32cubeide_1.7.0/stm32cubeide/plugins/com.st.stm32cube.ide.mcu.externaltools.gnu-tools-for-stm32.10.3-2021.10.win32_1.0.0.202111181127/tools/bin/../lib/gcc/arm-none-eabi/10.3.1/../../../../arm-none-eabi/lib/thumb/v7e-m+fp/hard\libc_nano.a(lib_a-errno.o)
                              ./Core/Src/syscalls.o (__errno)
c:/st/stm32cubeide_1.7.0/stm32cubeide/plugins/com.st.stm32cube.ide.mcu.externaltools.gnu-tools-for-stm32.10.3-2021.10.win32_1.0.0.202111181127/tools/bin/../lib/gcc/arm-none-eabi/10.3.1/../../../../arm-none-eabi/lib/thumb/v7e-m+fp/hard\libc_nano.a(lib_a-exit.o)
                              c:/st/stm32cubeide_1.7.0/stm32cubeide/plugins/com.st.stm32cube.ide.mcu.externaltools.gnu-tools-for-stm32.10.3-2021.10.win32_1.0.0.202111181127/tools/bin/../lib/gcc/arm-none-eabi/10.3.1/../../../../arm-none-eabi/lib/thumb/v7e-m+fp/hard/crt0.o (exit)
c:/st/stm32cubeide_1.7.0/stm32cubeide/plugins/com.st.stm32cube.ide.mcu.externaltools.gnu-tools-for-stm32.10.3-2021.10.win32_1.0.0.202111181127/tools/bin/../lib/gcc/arm-none-eabi/10.3.1/../../../../arm-none-eabi/lib/thumb/v7e-m+fp/hard\libc_nano.a(lib_a-impure.o)
                              c:/st/stm32cubeide_1.7.0/stm32cubeide/plugins/com.st.stm32cube.ide.mcu.externaltools.gnu-tools-for-stm32.10.3-2021.10.win32_1.0.0.202111181127/tools/bin/../lib/gcc/arm-none-eabi/10.3.1/../../../../arm-none-eabi/lib/thumb/v7e-m+fp/hard\libc_nano.a(lib_a-exit.o) (_global_impure_ptr)
c:/st/stm32cubeide_1.7.0/stm32cubeide/plugins/com.st.stm32cube.ide.mcu.externaltools.gnu-tools-for-stm32.10.3-2021.10.win32_1.0.0.202111181127/tools/bin/../lib/gcc/arm-none-eabi/10.3.1/../../../../arm-none-eabi/lib/thumb/v7e-m+fp/hard\libc_nano.a(lib_a-init.o)
                              c:/st/stm32cubeide_1.7.0/stm32cubeide/plugins/com.st.stm32cube.ide.mcu.externaltools.gnu-tools-for-stm32.10.3-2021.10.win32_1.0.0.202111181127/tools/bin/../lib/gcc/arm-none-eabi/10.3.1/../../../../arm-none-eabi/lib/thumb/v7e-m+fp/hard/crt0.o (__libc_init_array)
c:/st/stm32cubeide_1.7.0/stm32cubeide/plugins/com.st.stm32cube.ide.mcu.externaltools.gnu-tools-for-stm32.10.3-2021.10.win32_1.0.0.202111181127/tools/bin/../lib/gcc/arm-none-eabi/10.3.1/../../../../arm-none-eabi/lib/thumb/v7e-m+fp/hard\libc_nano.a(lib_a-memset.o)
                              c:/st/stm32cubeide_1.7.0/stm32cubeide/plugins/com.st.stm32cube.ide.mcu.externaltools.gnu-tools-for-stm32.10.3-2021.10.win32_1.0.0.202111181127/tools/bin/../lib/gcc/arm-none-eabi/10.3.1/../../../../arm-none-eabi/lib/thumb/v7e-m+fp/hard/crt0.o (memset)
c:/st/stm32cubeide_1.7.0/stm32cubeide/plugins/com.st.stm32cube.ide.mcu.externaltools.gnu-tools-for-stm32.10.3-2021.10.win32_1.0.0.202111181127/tools/bin/../lib/gcc/arm-none-eabi/10.3.1/thumb/v7e-m+fp/hard\libgcc.a(_aeabi_uldivmod.o)
                              ./Drivers/STM32F4xx_HAL_Driver/Src/stm32f4xx_hal_rcc.o (__aeabi_uldivmod)
c:/st/stm32cubeide_1.7.0/stm32cubeide/plugins/com.st.stm32cube.ide.mcu.externaltools.gnu-tools-for-stm32.10.3-2021.10.win32_1.0.0.202111181127/tools/bin/../lib/gcc/arm-none-eabi/10.3.1/thumb/v7e-m+fp/hard\libgcc.a(_udivmoddi4.o)
                              c:/st/stm32cubeide_1.7.0/stm32cubeide/plugins/com.st.stm32cube.ide.mcu.externaltools.gnu-tools-for-stm32.10.3-2021.10.win32_1.0.0.202111181127/tools/bin/../lib/gcc/arm-none-eabi/10.3.1/thumb/v7e-m+fp/hard\libgcc.a(_aeabi_uldivmod.o) (__udivmoddi4)
c:/st/stm32cubeide_1.7.0/stm32cubeide/plugins/com.st.stm32cube.ide.mcu.externaltools.gnu-tools-for-stm32.10.3-2021.10.win32_1.0.0.202111181127/tools/bin/../lib/gcc/arm-none-eabi/10.3.1/thumb/v7e-m+fp/hard\libgcc.a(_dvmd_tls.o)
                              c:/st/stm32cubeide_1.7.0/stm32cubeide/plugins/com.st.stm32cube.ide.mcu.externaltools.gnu-tools-for-stm32.10.3-2021.10.win32_1.0.0.202111181127/tools/bin/../lib/gcc/arm-none-eabi/10.3.1/thumb/v7e-m+fp/hard\libgcc.a(_aeabi_uldivmod.o) (__aeabi_ldiv0)

Discarded input sections

 .text          0x0000000000000000        0x0 c:/st/stm32cubeide_1.7.0/stm32cubeide/plugins/com.st.stm32cube.ide.mcu.externaltools.gnu-tools-for-stm32.10.3-2021.10.win32_1.0.0.202111181127/tools/bin/../lib/gcc/arm-none-eabi/10.3.1/thumb/v7e-m+fp/hard/crti.o
 .data          0x0000000000000000        0x0 c:/st/stm32cubeide_1.7.0/stm32cubeide/plugins/com.st.stm32cube.ide.mcu.externaltools.gnu-tools-for-stm32.10.3-2021.10.win32_1.0.0.202111181127/tools/bin/../lib/gcc/arm-none-eabi/10.3.1/thumb/v7e-m+fp/hard/crti.o
 .bss           0x0000000000000000        0x0 c:/st/stm32cubeide_1.7.0/stm32cubeide/plugins/com.st.stm32cube.ide.mcu.externaltools.gnu-tools-for-stm32.10.3-2021.10.win32_1.0.0.202111181127/tools/bin/../lib/gcc/arm-none-eabi/10.3.1/thumb/v7e-m+fp/hard/crti.o
[...]
Memory Configuration

Name             Origin             Length             Attributes
RAM              0x0000000020000000 0x0000000000020000 xrw
FLASH            0x0000000008000000 0x0000000000080000 xr
*default*        0x0000000000000000 0xffffffffffffffff

Linker script and memory map

LOAD c:/st/stm32cubeide_1.7.0/stm32cubeide/plugins/com.st.stm32cube.ide.mcu.externaltools.gnu-tools-for-stm32.10.3-2021.10.win32_1.0.0.202111181127/tools/bin/../lib/gcc/arm-none-eabi/10.3.1/thumb/v7e-m+fp/hard/crti.o
LOAD c:/st/stm32cubeide_1.7.0/stm32cubeide/plugins/com.st.stm32cube.ide.mcu.externaltools.gnu-tools-for-stm32.10.3-2021.10.win32_1.0.0.202111181127/tools/bin/../lib/gcc/arm-none-eabi/10.3.1/thumb/v7e-m+fp/hard/crtbegin.o
LOAD c:/st/stm32cubeide_1.7.0/stm32cubeide/plugins/com.st.stm32cube.ide.mcu.externaltools.gnu-tools-for-stm32.10.3-2021.10.win32_1.0.0.202111181127/tools/bin/../lib/gcc/arm-none-eabi/10.3.1/../../../../arm-none-eabi/lib/thumb/v7e-m+fp/hard/crt0.o
LOAD ./Core/Src/adc.o
LOAD ./Core/Src/delay.o
LOAD ./Core/Src/gpio.o
LOAD ./Core/Src/main.o
LOAD ./Core/Src/result.o
LOAD ./Core/Src/stm32f4xx_hal_msp.o
LOAD ./Core/Src/stm32f4xx_it.o
LOAD ./Core/Src/switch.o
LOAD ./Core/Src/syscalls.o
LOAD ./Core/Src/sysmem.o
LOAD ./Core/Src/system_stm32f4xx.o
LOAD ./Core/Src/tim.o
LOAD ./Core/Src/usart.o
LOAD ./Core/Startup/startup_stm32f446retx.o
LOAD ./Drivers/STM32F4xx_HAL_Driver/Src/stm32f4xx_hal.o
LOAD ./Drivers/STM32F4xx_HAL_Driver/Src/stm32f4xx_hal_adc.o
LOAD ./Drivers/STM32F4xx_HAL_Driver/Src/stm32f4xx_hal_adc_ex.o
LOAD ./Drivers/STM32F4xx_HAL_Driver/Src/stm32f4xx_hal_cortex.o
LOAD ./Drivers/STM32F4xx_HAL_Driver/Src/stm32f4xx_hal_dma.o
LOAD ./Drivers/STM32F4xx_HAL_Driver/Src/stm32f4xx_hal_dma_ex.o
LOAD ./Drivers/STM32F4xx_HAL_Driver/Src/stm32f4xx_hal_exti.o
LOAD ./Drivers/STM32F4xx_HAL_Driver/Src/stm32f4xx_hal_flash.o
LOAD ./Drivers/STM32F4xx_HAL_Driver/Src/stm32f4xx_hal_flash_ex.o
LOAD ./Drivers/STM32F4xx_HAL_Driver/Src/stm32f4xx_hal_flash_ramfunc.o
LOAD ./Drivers/STM32F4xx_HAL_Driver/Src/stm32f4xx_hal_gpio.o
LOAD ./Drivers/STM32F4xx_HAL_Driver/Src/stm32f4xx_hal_pwr.o
LOAD ./Drivers/STM32F4xx_HAL_Driver/Src/stm32f4xx_hal_pwr_ex.o
LOAD ./Drivers/STM32F4xx_HAL_Driver/Src/stm32f4xx_hal_rcc.o
LOAD ./Drivers/STM32F4xx_HAL_Driver/Src/stm32f4xx_hal_rcc_ex.o
LOAD ./Drivers/STM32F4xx_HAL_Driver/Src/stm32f4xx_hal_tim.o
LOAD ./Drivers/STM32F4xx_HAL_Driver/Src/stm32f4xx_hal_tim_ex.o
LOAD ./Drivers/STM32F4xx_HAL_Driver/Src/stm32f4xx_hal_uart.o
LOAD ./Drivers/STM32F4xx_HAL_Driver/Src/stm32f4xx_ll_adc.o
LOAD ./Drivers/STM32F4xx_HAL_Driver/Src/stm32f4xx_ll_dma.o
LOAD ./Drivers/STM32F4xx_HAL_Driver/Src/stm32f4xx_ll_exti.o
LOAD ./Drivers/STM32F4xx_HAL_Driver/Src/stm32f4xx_ll_gpio.o
LOAD ./Drivers/STM32F4xx_HAL_Driver/Src/stm32f4xx_ll_rcc.o
LOAD ./Drivers/STM32F4xx_HAL_Driver/Src/stm32f4xx_ll_usart.o
LOAD ./Drivers/STM32F4xx_HAL_Driver/Src/stm32f4xx_ll_utils.o
START GROUP
LOAD c:/st/stm32cubeide_1.7.0/stm32cubeide/plugins/com.st.stm32cube.ide.mcu.externaltools.gnu-tools-for-stm32.10.3-2021.10.win32_1.0.0.202111181127/tools/bin/../lib/gcc/arm-none-eabi/10.3.1/../../../../arm-none-eabi/lib/thumb/v7e-m+fp/hard\libc_nano.a
LOAD c:/st/stm32cubeide_1.7.0/stm32cubeide/plugins/com.st.stm32cube.ide.mcu.externaltools.gnu-tools-for-stm32.10.3-2021.10.win32_1.0.0.202111181127/tools/bin/../lib/gcc/arm-none-eabi/10.3.1/../../../../arm-none-eabi/lib/thumb/v7e-m+fp/hard\libm.a
END GROUP
START GROUP
LOAD c:/st/stm32cubeide_1.7.0/stm32cubeide/plugins/com.st.stm32cube.ide.mcu.externaltools.gnu-tools-for-stm32.10.3-2021.10.win32_1.0.0.202111181127/tools/bin/../lib/gcc/arm-none-eabi/10.3.1/thumb/v7e-m+fp/hard\libgcc.a
LOAD c:/st/stm32cubeide_1.7.0/stm32cubeide/plugins/com.st.stm32cube.ide.mcu.externaltools.gnu-tools-for-stm32.10.3-2021.10.win32_1.0.0.202111181127/tools/bin/../lib/gcc/arm-none-eabi/10.3.1/../../../../arm-none-eabi/lib/thumb/v7e-m+fp/hard\libc_nano.a
END GROUP
START GROUP
LOAD c:/st/stm32cubeide_1.7.0/stm32cubeide/plugins/com.st.stm32cube.ide.mcu.externaltools.gnu-tools-for-stm32.10.3-2021.10.win32_1.0.0.202111181127/tools/bin/../lib/gcc/arm-none-eabi/10.3.1/thumb/v7e-m+fp/hard\libgcc.a
LOAD c:/st/stm32cubeide_1.7.0/stm32cubeide/plugins/com.st.stm32cube.ide.mcu.externaltools.gnu-tools-for-stm32.10.3-2021.10.win32_1.0.0.202111181127/tools/bin/../lib/gcc/arm-none-eabi/10.3.1/../../../../arm-none-eabi/lib/thumb/v7e-m+fp/hard\libc_nano.a
LOAD c:/st/stm32cubeide_1.7.0/stm32cubeide/plugins/com.st.stm32cube.ide.mcu.externaltools.gnu-tools-for-stm32.10.3-2021.10.win32_1.0.0.202111181127/tools/bin/../lib/gcc/arm-none-eabi/10.3.1/../../../../arm-none-eabi/lib/thumb/v7e-m+fp/hard\libnosys.a
END GROUP
START GROUP
LOAD c:/st/stm32cubeide_1.7.0/stm32cubeide/plugins/com.st.stm32cube.ide.mcu.externaltools.gnu-tools-for-stm32.10.3-2021.10.win32_1.0.0.202111181127/tools/bin/../lib/gcc/arm-none-eabi/10.3.1/thumb/v7e-m+fp/hard\libgcc.a
LOAD c:/st/stm32cubeide_1.7.0/stm32cubeide/plugins/com.st.stm32cube.ide.mcu.externaltools.gnu-tools-for-stm32.10.3-2021.10.win32_1.0.0.202111181127/tools/bin/../lib/gcc/arm-none-eabi/10.3.1/../../../../arm-none-eabi/lib/thumb/v7e-m+fp/hard\libc_nano.a
LOAD c:/st/stm32cubeide_1.7.0/stm32cubeide/plugins/com.st.stm32cube.ide.mcu.externaltools.gnu-tools-for-stm32.10.3-2021.10.win32_1.0.0.202111181127/tools/bin/../lib/gcc/arm-none-eabi/10.3.1/../../../../arm-none-eabi/lib/thumb/v7e-m+fp/hard\libnosys.a
END GROUP
LOAD c:/st/stm32cubeide_1.7.0/stm32cubeide/plugins/com.st.stm32cube.ide.mcu.externaltools.gnu-tools-for-stm32.10.3-2021.10.win32_1.0.0.202111181127/tools/bin/../lib/gcc/arm-none-eabi/10.3.1/thumb/v7e-m+fp/hard/crtend.o
LOAD c:/st/stm32cubeide_1.7.0/stm32cubeide/plugins/com.st.stm32cube.ide.mcu.externaltools.gnu-tools-for-stm32.10.3-2021.10.win32_1.0.0.202111181127/tools/bin/../lib/gcc/arm-none-eabi/10.3.1/thumb/v7e-m+fp/hard/crtn.o
                0x0000000020020000                _estack = (ORIGIN (RAM) + LENGTH (RAM))
                0x0000000000000200                _Min_Heap_Size = 0x200
                0x0000000000000400                _Min_Stack_Size = 0x400

.isr_vector     0x0000000008000000      0x1c4
                0x0000000008000000                . = ALIGN (0x4)
 *(.isr_vector)
 .isr_vector    0x0000000008000000      0x1c4 ./Core/Startup/startup_stm32f446retx.o
                0x0000000008000000                g_pfnVectors
                0x00000000080001c4                . = ALIGN (0x4)

.text           0x00000000080001c4     0x5818
                0x00000000080001c4                . = ALIGN (0x4)
 *(.text)
 .text          0x00000000080001c4       0x40 c:/st/stm32cubeide_1.7.0/stm32cubeide/plugins/com.st.stm32cube.ide.mcu.externaltools.gnu-tools-for-stm32.10.3-2021.10.win32_1.0.0.202111181127/tools/bin/../lib/gcc/arm-none-eabi/10.3.1/thumb/v7e-m+fp/hard/crtbegin.o
 .text          0x0000000008000204       0x30 c:/st/stm32cubeide_1.7.0/stm32cubeide/plugins/com.st.stm32cube.ide.mcu.externaltools.gnu-tools-for-stm32.10.3-2021.10.win32_1.0.0.202111181127/tools/bin/../lib/gcc/arm-none-eabi/10.3.1/thumb/v7e-m+fp/hard\libgcc.a(_aeabi_uldivmod.o)
                0x0000000008000204                __aeabi_uldivmod
 .text          0x0000000008000234      0x2d0 c:/st/stm32cubeide_1.7.0/stm32cubeide/plugins/com.st.stm32cube.ide.mcu.externaltools.gnu-tools-for-stm32.10.3-2021.10.win32_1.0.0.202111181127/tools/bin/../lib/gcc/arm-none-eabi/10.3.1/thumb/v7e-m+fp/hard\libgcc.a(_udivmoddi4.o)
                0x0000000008000234                __udivmoddi4
 .text          0x0000000008000504        0x4 c:/st/stm32cubeide_1.7.0/stm32cubeide/plugins/com.st.stm32cube.ide.mcu.externaltools.gnu-tools-for-stm32.10.3-2021.10.win32_1.0.0.202111181127/tools/bin/../lib/gcc/arm-none-eabi/10.3.1/thumb/v7e-m+fp/hard\libgcc.a(_dvmd_tls.o)
                0x0000000008000504                __aeabi_idiv0
                0x0000000008000504                __aeabi_ldiv0
 *(.text*)
 .text.MX_ADC1_Init
                0x0000000008000508       0xa8 ./Core/Src/adc.o
                0x0000000008000508                MX_ADC1_Init
 .text.HAL_ADC_MspInit
                0x00000000080005b0       0x88 ./Core/Src/adc.o
                0x00000000080005b0                HAL_ADC_MspInit
 .text.Delay_us
                0x0000000008000638       0x48 ./Core/Src/delay.o
 .text.Delay_ms
                0x0000000008000680       0x20 ./Core/Src/delay.o
                0x0000000008000680                Delay_ms
 .text.__NVIC_GetPriorityGrouping
                0x00000000080006a0       0x1c ./Core/Src/gpio.o
 .text.__NVIC_EnableIRQ
                0x00000000080006bc       0x3c ./Core/Src/gpio.o
 .text.__NVIC_SetPriority
                0x00000000080006f8       0x54 ./Core/Src/gpio.o
 .text.NVIC_EncodePriority
                0x000000000800074c       0x66 ./Core/Src/gpio.o
 *fill*         0x00000000080007b2        0x2 
 .text.LL_SYSCFG_SetEXTISource
                0x00000000080007b4       0x5c ./Core/Src/gpio.o
 .text.LL_GPIO_SetPinMode
                0x0000000008000810       0x5e ./Core/Src/gpio.o
 .text.LL_GPIO_SetPinPull
                0x000000000800086e       0x5e ./Core/Src/gpio.o
 .text.LL_GPIO_ResetOutputPin
                0x00000000080008cc       0x1e ./Core/Src/gpio.o
 *fill*         0x00000000080008ea        0x2 
 .text.LL_AHB1_GRP1_EnableClock
                0x00000000080008ec       0x30 ./Core/Src/gpio.o
 .text.MX_GPIO_Init
                0x000000000800091c      0x258 ./Core/Src/gpio.o
                0x000000000800091c                MX_GPIO_Init
 .text.LL_USART_EnableIT_RXNE
                0x0000000008000b74       0x46 ./Core/Src/main.o
 *fill*         0x0000000008000bba        0x2 
 .text.main     0x0000000008000bbc       0x38 ./Core/Src/main.o
                0x0000000008000bbc                main
 .text.SystemClock_Config
                0x0000000008000bf4       0xe4 ./Core/Src/main.o
                0x0000000008000bf4                SystemClock_Config
 .text.Error_Handler
                0x0000000008000cd8        0xa ./Core/Src/main.o
                0x0000000008000cd8                Error_Handler
 .text.LL_GPIO_SetOutputPin
                0x0000000008000ce2       0x1c ./Core/Src/result.o
 .text.LL_GPIO_ResetOutputPin
                0x0000000008000cfe       0x1e ./Core/Src/result.o
 .text.fail_sound
                0x0000000008000d1c       0x98 ./Core/Src/result.o
                0x0000000008000d1c                fail_sound
 .text.pass_sound
                0x0000000008000db4       0x80 ./Core/Src/result.o
                0x0000000008000db4                pass_sound
 .text.result   0x0000000008000e34      0x5e0 ./Core/Src/result.o
                0x0000000008000e34                result
 .text.FND_1    0x0000000008001414       0x34 ./Core/Src/result.o
                0x0000000008001414                FND_1
 .text.FND_2    0x0000000008001448       0x34 ./Core/Src/result.o
                0x0000000008001448                FND_2
 .text.FND_3    0x000000000800147c       0x34 ./Core/Src/result.o
                0x000000000800147c                FND_3
 .text.FND_4    0x00000000080014b0       0x34 ./Core/Src/result.o
                0x00000000080014b0                FND_4
 .text.FND_P    0x00000000080014e4       0x50 ./Core/Src/result.o
                0x00000000080014e4                FND_P
 .text.FND_A    0x0000000008001534       0x50 ./Core/Src/result.o
                0x0000000008001534                FND_A
 .text.FND_S    0x0000000008001584       0x50 ./Core/Src/result.o
                0x0000000008001584                FND_S
 .text.FND_E    0x00000000080015d4       0x50 ./Core/Src/result.o
                0x00000000080015d4                FND_E
 .text.FND_r    0x0000000008001624       0x50 ./Core/Src/result.o
                0x0000000008001624                FND_r
 .text.FND_zero
                0x0000000008001674       0x50 ./Core/Src/result.o
                0x0000000008001674                FND_zero
 .text.FND_one  0x00000000080016c4       0x50 ./Core/Src/result.o
                0x00000000080016c4                FND_one
 .text.FND_two  0x0000000008001714       0x50 ./Core/Src/result.o
                0x0000000008001714                FND_two
 .text.FND_three
                0x0000000008001764       0x50 ./Core/Src/result.o
                0x0000000008001764                FND_three
 .text.FND_four
                0x00000000080017b4       0x50 ./Core/Src/result.o
                0x00000000080017b4                FND_four
 .text.FND_five
                0x0000000008001804       0x50 ./Core/Src/result.o
                0x0000000008001804                FND_five
 .text.FND_six  0x0000000008001854       0x50 ./Core/Src/result.o
                0x0000000008001854                FND_six
 .text.FND_seven
                0x00000000080018a4       0x50 ./Core/Src/result.o
                0x00000000080018a4                FND_seven
 .text.FND_eight
                0x00000000080018f4       0x50 ./Core/Src/result.o
                0x00000000080018f4                FND_eight
 .text.FND_nine
                0x0000000008001944       0x50 ./Core/Src/result.o
                0x0000000008001944                FND_nine
 .text.turn_off
                0x0000000008001994       0x34 ./Core/Src/result.o
                0x0000000008001994                turn_off
 .text.HAL_MspInit
                0x00000000080019c8       0x50 ./Core/Src/stm32f4xx_hal_msp.o
                0x00000000080019c8                HAL_MspInit
 .text.LL_EXTI_IsActiveFlag_0_31
                0x0000000008001a18       0x2c ./Core/Src/stm32f4xx_it.o
 .text.LL_EXTI_ClearFlag_0_31
                0x0000000008001a44       0x20 ./Core/Src/stm32f4xx_it.o
 .text.NMI_Handler
                0x0000000008001a64        0x6 ./Core/Src/stm32f4xx_it.o
                0x0000000008001a64                NMI_Handler
 .text.HardFault_Handler
                0x0000000008001a6a        0x6 ./Core/Src/stm32f4xx_it.o
                0x0000000008001a6a                HardFault_Handler
 .text.MemManage_Handler
                0x0000000008001a70        0x6 ./Core/Src/stm32f4xx_it.o
                0x0000000008001a70                MemManage_Handler
 .text.BusFault_Handler
                0x0000000008001a76        0x6 ./Core/Src/stm32f4xx_it.o
                0x0000000008001a76                BusFault_Handler
 .text.UsageFault_Handler
                0x0000000008001a7c        0x6 ./Core/Src/stm32f4xx_it.o
                0x0000000008001a7c                UsageFault_Handler
 .text.SVC_Handler
                0x0000000008001a82        0xe ./Core/Src/stm32f4xx_it.o
                0x0000000008001a82                SVC_Handler
 .text.DebugMon_Handler
                0x0000000008001a90        0xe ./Core/Src/stm32f4xx_it.o
                0x0000000008001a90                DebugMon_Handler
 .text.PendSV_Handler
                0x0000000008001a9e        0xe ./Core/Src/stm32f4xx_it.o
                0x0000000008001a9e                PendSV_Handler
 .text.SysTick_Handler
                0x0000000008001aac        0xc ./Core/Src/stm32f4xx_it.o
                0x0000000008001aac                SysTick_Handler
 .text.EXTI0_IRQHandler
                0x0000000008001ab8       0x1e ./Core/Src/stm32f4xx_it.o
                0x0000000008001ab8                EXTI0_IRQHandler
 *fill*         0x0000000008001ad6        0x2 
 .text.EXTI15_10_IRQHandler
                0x0000000008001ad8       0x2c ./Core/Src/stm32f4xx_it.o
                0x0000000008001ad8                EXTI15_10_IRQHandler
 .text.UART5_IRQHandler
                0x0000000008001b04       0x14 ./Core/Src/stm32f4xx_it.o
                0x0000000008001b04                UART5_IRQHandler
 .text.LL_GPIO_SetOutputPin
                0x0000000008001b18       0x1c ./Core/Src/switch.o
 .text.LL_GPIO_ResetOutputPin
                0x0000000008001b34       0x1e ./Core/Src/switch.o
 *fill*         0x0000000008001b52        0x2 
 .text.switch_check
                0x0000000008001b54       0x54 ./Core/Src/switch.o
                0x0000000008001b54                switch_check
 .text.SystemInit
                0x0000000008001ba8       0x24 ./Core/Src/system_stm32f4xx.o
                0x0000000008001ba8                SystemInit
 .text.MX_TIM3_Init
                0x0000000008001bcc       0xec ./Core/Src/tim.o
                0x0000000008001bcc                MX_TIM3_Init
 .text.HAL_TIM_Base_MspInit
                0x0000000008001cb8       0x44 ./Core/Src/tim.o
                0x0000000008001cb8                HAL_TIM_Base_MspInit
 .text.HAL_TIM_MspPostInit
                0x0000000008001cfc       0x74 ./Core/Src/tim.o
                0x0000000008001cfc                HAL_TIM_MspPostInit
 .text.__NVIC_GetPriorityGrouping
                0x0000000008001d70       0x1c ./Core/Src/usart.o
 .text.__NVIC_EnableIRQ
                0x0000000008001d8c       0x3c ./Core/Src/usart.o
 .text.__NVIC_SetPriority
                0x0000000008001dc8       0x54 ./Core/Src/usart.o
 .text.NVIC_EncodePriority
                0x0000000008001e1c       0x66 ./Core/Src/usart.o
 .text.LL_USART_Enable
                0x0000000008001e82       0x20 ./Core/Src/usart.o
 .text.LL_USART_ConfigAsyncMode
                0x0000000008001ea2       0x2c ./Core/Src/usart.o
 .text.LL_USART_ReceiveData8
                0x0000000008001ece       0x1a ./Core/Src/usart.o
 .text.LL_AHB1_GRP1_EnableClock
                0x0000000008001ee8       0x30 ./Core/Src/usart.o
 .text.LL_APB1_GRP1_EnableClock
                0x0000000008001f18       0x30 ./Core/Src/usart.o
 .text.MX_UART5_Init
                0x0000000008001f48       0xf0 ./Core/Src/usart.o
                0x0000000008001f48                MX_UART5_Init
 .text.MX_USART6_UART_Init
                0x0000000008002038       0x54 ./Core/Src/usart.o
                0x0000000008002038                MX_USART6_UART_Init
 .text.HAL_UART_MspInit
                0x000000000800208c       0x90 ./Core/Src/usart.o
                0x000000000800208c                HAL_UART_MspInit
 .text.UART5_Rx_Callback
                0x000000000800211c       0x5c ./Core/Src/usart.o
                0x000000000800211c                UART5_Rx_Callback
 .text.Reset_Handler
                0x0000000008002178       0x50 ./Core/Startup/startup_stm32f446retx.o
                0x0000000008002178                Reset_Handler
 .text.Default_Handler
                0x00000000080021c8        0x2 ./Core/Startup/startup_stm32f446retx.o
                0x00000000080021c8                RTC_Alarm_IRQHandler
                0x00000000080021c8                EXTI2_IRQHandler
                0x00000000080021c8                TIM8_CC_IRQHandler
                0x00000000080021c8                FMPI2C1_EV_IRQHandler
                0x00000000080021c8                SPI4_IRQHandler
                0x00000000080021c8                TIM1_CC_IRQHandler
                0x00000000080021c8                DMA2_Stream5_IRQHandler
                0x00000000080021c8                DMA1_Stream5_IRQHandler
                0x00000000080021c8                PVD_IRQHandler
                0x00000000080021c8                SDIO_IRQHandler
                0x00000000080021c8                TAMP_STAMP_IRQHandler
                0x00000000080021c8                CAN2_RX1_IRQHandler
                0x00000000080021c8                EXTI3_IRQHandler
                0x00000000080021c8                TIM8_TRG_COM_TIM14_IRQHandler
                0x00000000080021c8                TIM1_UP_TIM10_IRQHandler
                0x00000000080021c8                TIM8_UP_TIM13_IRQHandler
                0x00000000080021c8                I2C3_ER_IRQHandler
                0x00000000080021c8                I2C2_EV_IRQHandler
                0x00000000080021c8                DMA1_Stream2_IRQHandler
                0x00000000080021c8                CAN1_RX0_IRQHandler
                0x00000000080021c8                FPU_IRQHandler
                0x00000000080021c8                OTG_HS_WKUP_IRQHandler
                0x00000000080021c8                CAN2_SCE_IRQHandler
                0x00000000080021c8                DMA2_Stream2_IRQHandler
                0x00000000080021c8                SPI1_IRQHandler
                0x00000000080021c8                TIM6_DAC_IRQHandler
                0x00000000080021c8                TIM1_BRK_TIM9_IRQHandler
                0x00000000080021c8                DCMI_IRQHandler
                0x00000000080021c8                CAN2_RX0_IRQHandler
                0x00000000080021c8                DMA2_Stream3_IRQHandler
                0x00000000080021c8                SAI2_IRQHandler
                0x00000000080021c8                USART6_IRQHandler
                0x00000000080021c8                USART3_IRQHandler
                0x00000000080021c8                CAN1_RX1_IRQHandler
                0x00000000080021c8                DMA2_Stream0_IRQHandler
                0x00000000080021c8                TIM4_IRQHandler
                0x00000000080021c8                QUADSPI_IRQHandler
                0x00000000080021c8                I2C1_EV_IRQHandler
                0x00000000080021c8                DMA1_Stream6_IRQHandler
                0x00000000080021c8                DMA1_Stream1_IRQHandler
                0x00000000080021c8                UART4_IRQHandler
                0x00000000080021c8                TIM3_IRQHandler
                0x00000000080021c8                RCC_IRQHandler
                0x00000000080021c8                TIM8_BRK_TIM12_IRQHandler
                0x00000000080021c8                Default_Handler
                0x00000000080021c8                CEC_IRQHandler
                0x00000000080021c8                ADC_IRQHandler
                0x00000000080021c8                DMA1_Stream7_IRQHandler
                0x00000000080021c8                TIM7_IRQHandler
                0x00000000080021c8                CAN2_TX_IRQHandler
                0x00000000080021c8                TIM5_IRQHandler
                0x00000000080021c8                DMA2_Stream7_IRQHandler
                0x00000000080021c8                I2C3_EV_IRQHandler
                0x00000000080021c8                EXTI9_5_IRQHandler
                0x00000000080021c8                RTC_WKUP_IRQHandler
                0x00000000080021c8                SPDIF_RX_IRQHandler
                0x00000000080021c8                SPI2_IRQHandler
                0x00000000080021c8                OTG_HS_EP1_IN_IRQHandler
                0x00000000080021c8                DMA1_Stream0_IRQHandler
                0x00000000080021c8                CAN1_TX_IRQHandler
                0x00000000080021c8                FMPI2C1_ER_IRQHandler
                0x00000000080021c8                EXTI4_IRQHandler
                0x00000000080021c8                OTG_HS_EP1_OUT_IRQHandler
                0x00000000080021c8                WWDG_IRQHandler
                0x00000000080021c8                TIM2_IRQHandler
                0x00000000080021c8                OTG_FS_WKUP_IRQHandler
                0x00000000080021c8                TIM1_TRG_COM_TIM11_IRQHandler
                0x00000000080021c8                OTG_HS_IRQHandler
                0x00000000080021c8                EXTI1_IRQHandler
                0x00000000080021c8                USART2_IRQHandler
                0x00000000080021c8                I2C2_ER_IRQHandler
                0x00000000080021c8                DMA2_Stream1_IRQHandler
                0x00000000080021c8                CAN1_SCE_IRQHandler
                0x00000000080021c8                FLASH_IRQHandler
                0x00000000080021c8                DMA2_Stream4_IRQHandler
                0x00000000080021c8                USART1_IRQHandler
                0x00000000080021c8                OTG_FS_IRQHandler
                0x00000000080021c8                SPI3_IRQHandler
                0x00000000080021c8                DMA1_Stream4_IRQHandler
                0x00000000080021c8                I2C1_ER_IRQHandler
                0x00000000080021c8                FMC_IRQHandler
                0x00000000080021c8                DMA2_Stream6_IRQHandler
                0x00000000080021c8                SAI1_IRQHandler
                0x00000000080021c8                DMA1_Stream3_IRQHandler
 *fill*         0x00000000080021ca        0x2 
 .text.HAL_Init
                0x00000000080021cc       0x44 ./Drivers/STM32F4xx_HAL_Driver/Src/stm32f4xx_hal.o
                0x00000000080021cc                HAL_Init
 .text.HAL_InitTick
                0x0000000008002210       0x60 ./Drivers/STM32F4xx_HAL_Driver/Src/stm32f4xx_hal.o
                0x0000000008002210                HAL_InitTick
 .text.HAL_IncTick
                0x0000000008002270       0x28 ./Drivers/STM32F4xx_HAL_Driver/Src/stm32f4xx_hal.o
                0x0000000008002270                HAL_IncTick
 .text.HAL_GetTick
                0x0000000008002298       0x18 ./Drivers/STM32F4xx_HAL_Driver/Src/stm32f4xx_hal.o
                0x0000000008002298                HAL_GetTick
 .text.HAL_ADC_Init
                0x00000000080022b0       0x86 ./Drivers/STM32F4xx_HAL_Driver/Src/stm32f4xx_hal_adc.o
                0x00000000080022b0                HAL_ADC_Init
 *fill*         0x0000000008002336        0x2 
 .text.HAL_ADC_ConfigChannel
                0x0000000008002338      0x264 ./Drivers/STM32F4xx_HAL_Driver/Src/stm32f4xx_hal_adc.o
                0x0000000008002338                HAL_ADC_ConfigChannel
 .text.ADC_Init
                0x000000000800259c      0x1f8 ./Drivers/STM32F4xx_HAL_Driver/Src/stm32f4xx_hal_adc.o
 .text.__NVIC_SetPriorityGrouping
                0x0000000008002794       0x48 ./Drivers/STM32F4xx_HAL_Driver/Src/stm32f4xx_hal_cortex.o
 .text.__NVIC_GetPriorityGrouping
                0x00000000080027dc       0x1c ./Drivers/STM32F4xx_HAL_Driver/Src/stm32f4xx_hal_cortex.o
 .text.__NVIC_SetPriority
                0x00000000080027f8       0x54 ./Drivers/STM32F4xx_HAL_Driver/Src/stm32f4xx_hal_cortex.o
 .text.NVIC_EncodePriority
                0x000000000800284c       0x66 ./Drivers/STM32F4xx_HAL_Driver/Src/stm32f4xx_hal_cortex.o
 *fill*         0x00000000080028b2        0x2 
 .text.SysTick_Config
                0x00000000080028b4       0x44 ./Drivers/STM32F4xx_HAL_Driver/Src/stm32f4xx_hal_cortex.o
 .text.HAL_NVIC_SetPriorityGrouping
                0x00000000080028f8       0x16 ./Drivers/STM32F4xx_HAL_Driver/Src/stm32f4xx_hal_cortex.o
                0x00000000080028f8                HAL_NVIC_SetPriorityGrouping
 .text.HAL_NVIC_SetPriority
                0x000000000800290e       0x38 ./Drivers/STM32F4xx_HAL_Driver/Src/stm32f4xx_hal_cortex.o
                0x000000000800290e                HAL_NVIC_SetPriority
 .text.HAL_SYSTICK_Config
                0x0000000008002946       0x18 ./Drivers/STM32F4xx_HAL_Driver/Src/stm32f4xx_hal_cortex.o
                0x0000000008002946                HAL_SYSTICK_Config
 *fill*         0x000000000800295e        0x2 
 .text.HAL_GPIO_Init
                0x0000000008002960      0x328 ./Drivers/STM32F4xx_HAL_Driver/Src/stm32f4xx_hal_gpio.o
                0x0000000008002960                HAL_GPIO_Init
 .text.HAL_GPIO_ReadPin
                0x0000000008002c88       0x30 ./Drivers/STM32F4xx_HAL_Driver/Src/stm32f4xx_hal_gpio.o
                0x0000000008002c88                HAL_GPIO_ReadPin
 .text.HAL_PWREx_EnableOverDrive
                0x0000000008002cb8       0xa0 ./Drivers/STM32F4xx_HAL_Driver/Src/stm32f4xx_hal_pwr_ex.o
                0x0000000008002cb8                HAL_PWREx_EnableOverDrive
 .text.HAL_RCC_ClockConfig
                0x0000000008002d58      0x1cc ./Drivers/STM32F4xx_HAL_Driver/Src/stm32f4xx_hal_rcc.o
                0x0000000008002d58                HAL_RCC_ClockConfig
 .text.HAL_RCC_GetHCLKFreq
                0x0000000008002f24       0x18 ./Drivers/STM32F4xx_HAL_Driver/Src/stm32f4xx_hal_rcc.o
                0x0000000008002f24                HAL_RCC_GetHCLKFreq
 .text.HAL_RCC_GetPCLK1Freq
                0x0000000008002f3c       0x28 ./Drivers/STM32F4xx_HAL_Driver/Src/stm32f4xx_hal_rcc.o
                0x0000000008002f3c                HAL_RCC_GetPCLK1Freq
 .text.HAL_RCC_GetPCLK2Freq
                0x0000000008002f64       0x28 ./Drivers/STM32F4xx_HAL_Driver/Src/stm32f4xx_hal_rcc.o
                0x0000000008002f64                HAL_RCC_GetPCLK2Freq
 .text.HAL_RCC_GetSysClockFreq
                0x0000000008002f8c      0x354 ./Drivers/STM32F4xx_HAL_Driver/Src/stm32f4xx_hal_rcc_ex.o
                0x0000000008002f8c                HAL_RCC_GetSysClockFreq
 .text.HAL_RCC_OscConfig
                0x00000000080032e0      0x53c ./Drivers/STM32F4xx_HAL_Driver/Src/stm32f4xx_hal_rcc_ex.o
                0x00000000080032e0                HAL_RCC_OscConfig
 .text.HAL_TIM_Base_Init
                0x000000000800381c       0x9e ./Drivers/STM32F4xx_HAL_Driver/Src/stm32f4xx_hal_tim.o
                0x000000000800381c                HAL_TIM_Base_Init
 .text.HAL_TIM_PWM_Init
                0x00000000080038ba       0x9e ./Drivers/STM32F4xx_HAL_Driver/Src/stm32f4xx_hal_tim.o
                0x00000000080038ba                HAL_TIM_PWM_Init
 .text.HAL_TIM_PWM_MspInit
                0x0000000008003958       0x14 ./Drivers/STM32F4xx_HAL_Driver/Src/stm32f4xx_hal_tim.o
                0x0000000008003958                HAL_TIM_PWM_MspInit
 .text.HAL_TIM_PWM_Start
                0x000000000800396c      0x190 ./Drivers/STM32F4xx_HAL_Driver/Src/stm32f4xx_hal_tim.o
                0x000000000800396c                HAL_TIM_PWM_Start
 .text.HAL_TIM_PWM_Stop
                0x0000000008003afc       0xe0 ./Drivers/STM32F4xx_HAL_Driver/Src/stm32f4xx_hal_tim.o
                0x0000000008003afc                HAL_TIM_PWM_Stop
 .text.HAL_TIM_PWM_ConfigChannel
                0x0000000008003bdc      0x184 ./Drivers/STM32F4xx_HAL_Driver/Src/stm32f4xx_hal_tim.o
                0x0000000008003bdc                HAL_TIM_PWM_ConfigChannel
 .text.HAL_TIM_ConfigClockSource
                0x0000000008003d60      0x18e ./Drivers/STM32F4xx_HAL_Driver/Src/stm32f4xx_hal_tim.o
                0x0000000008003d60                HAL_TIM_ConfigClockSource
 *fill*         0x0000000008003eee        0x2 
 .text.TIM_Base_SetConfig
                0x0000000008003ef0      0x140 ./Drivers/STM32F4xx_HAL_Driver/Src/stm32f4xx_hal_tim.o
                0x0000000008003ef0                TIM_Base_SetConfig
 .text.TIM_OC1_SetConfig
                0x0000000008004030       0xe0 ./Drivers/STM32F4xx_HAL_Driver/Src/stm32f4xx_hal_tim.o
 .text.TIM_OC2_SetConfig
                0x0000000008004110       0xec ./Drivers/STM32F4xx_HAL_Driver/Src/stm32f4xx_hal_tim.o
                0x0000000008004110                TIM_OC2_SetConfig
 .text.TIM_OC3_SetConfig
                0x00000000080041fc       0xe8 ./Drivers/STM32F4xx_HAL_Driver/Src/stm32f4xx_hal_tim.o
 .text.TIM_OC4_SetConfig
                0x00000000080042e4       0xac ./Drivers/STM32F4xx_HAL_Driver/Src/stm32f4xx_hal_tim.o
 .text.TIM_TI1_ConfigInputStage
                0x0000000008004390       0x5e ./Drivers/STM32F4xx_HAL_Driver/Src/stm32f4xx_hal_tim.o
 .text.TIM_TI2_ConfigInputStage
                0x00000000080043ee       0x60 ./Drivers/STM32F4xx_HAL_Driver/Src/stm32f4xx_hal_tim.o
 .text.TIM_ITRx_SetConfig
                0x000000000800444e       0x36 ./Drivers/STM32F4xx_HAL_Driver/Src/stm32f4xx_hal_tim.o
 .text.TIM_ETR_SetConfig
                0x0000000008004484       0x40 ./Drivers/STM32F4xx_HAL_Driver/Src/stm32f4xx_hal_tim.o
                0x0000000008004484                TIM_ETR_SetConfig
 .text.TIM_CCxChannelCmd
                0x00000000080044c4       0x4a ./Drivers/STM32F4xx_HAL_Driver/Src/stm32f4xx_hal_tim.o
                0x00000000080044c4                TIM_CCxChannelCmd
 *fill*         0x000000000800450e        0x2 
 .text.HAL_TIMEx_MasterConfigSynchronization
                0x0000000008004510       0xf8 ./Drivers/STM32F4xx_HAL_Driver/Src/stm32f4xx_hal_tim_ex.o
                0x0000000008004510                HAL_TIMEx_MasterConfigSynchronization
 .text.HAL_UART_Init
                0x0000000008004608       0x9a ./Drivers/STM32F4xx_HAL_Driver/Src/stm32f4xx_hal_uart.o
                0x0000000008004608                HAL_UART_Init
 *fill*         0x00000000080046a2        0x2 
 .text.UART_SetConfig
                0x00000000080046a4      0x4e8 ./Drivers/STM32F4xx_HAL_Driver/Src/stm32f4xx_hal_uart.o
 .text.LL_EXTI_EnableIT_0_31
                0x0000000008004b8c       0x24 ./Drivers/STM32F4xx_HAL_Driver/Src/stm32f4xx_ll_exti.o
 .text.LL_EXTI_DisableIT_0_31
                0x0000000008004bb0       0x28 ./Drivers/STM32F4xx_HAL_Driver/Src/stm32f4xx_ll_exti.o
 .text.LL_EXTI_EnableEvent_0_31
                0x0000000008004bd8       0x24 ./Drivers/STM32F4xx_HAL_Driver/Src/stm32f4xx_ll_exti.o
 .text.LL_EXTI_DisableEvent_0_31
                0x0000000008004bfc       0x28 ./Drivers/STM32F4xx_HAL_Driver/Src/stm32f4xx_ll_exti.o
 .text.LL_EXTI_EnableRisingTrig_0_31
                0x0000000008004c24       0x24 ./Drivers/STM32F4xx_HAL_Driver/Src/stm32f4xx_ll_exti.o
 .text.LL_EXTI_DisableRisingTrig_0_31
                0x0000000008004c48       0x28 ./Drivers/STM32F4xx_HAL_Driver/Src/stm32f4xx_ll_exti.o
 .text.LL_EXTI_EnableFallingTrig_0_31
                0x0000000008004c70       0x24 ./Drivers/STM32F4xx_HAL_Driver/Src/stm32f4xx_ll_exti.o
 .text.LL_EXTI_DisableFallingTrig_0_31
                0x0000000008004c94       0x28 ./Drivers/STM32F4xx_HAL_Driver/Src/stm32f4xx_ll_exti.o
 .text.LL_EXTI_Init
                0x0000000008004cbc      0x102 ./Drivers/STM32F4xx_HAL_Driver/Src/stm32f4xx_ll_exti.o
                0x0000000008004cbc                LL_EXTI_Init
 .text.LL_GPIO_SetPinMode
                0x0000000008004dbe       0x5e ./Drivers/STM32F4xx_HAL_Driver/Src/stm32f4xx_ll_gpio.o
 .text.LL_GPIO_SetPinOutputType
                0x0000000008004e1c       0x30 ./Drivers/STM32F4xx_HAL_Driver/Src/stm32f4xx_ll_gpio.o
 .text.LL_GPIO_SetPinSpeed
                0x0000000008004e4c       0x5e ./Drivers/STM32F4xx_HAL_Driver/Src/stm32f4xx_ll_gpio.o
 .text.LL_GPIO_SetPinPull
                0x0000000008004eaa       0x5e ./Drivers/STM32F4xx_HAL_Driver/Src/stm32f4xx_ll_gpio.o
 .text.LL_GPIO_SetAFPin_0_7
                0x0000000008004f08       0x5e ./Drivers/STM32F4xx_HAL_Driver/Src/stm32f4xx_ll_gpio.o
 .text.LL_GPIO_SetAFPin_8_15
                0x0000000008004f66       0x62 ./Drivers/STM32F4xx_HAL_Driver/Src/stm32f4xx_ll_gpio.o
 .text.LL_GPIO_Init
                0x0000000008004fc8       0xe6 ./Drivers/STM32F4xx_HAL_Driver/Src/stm32f4xx_ll_gpio.o
                0x0000000008004fc8                LL_GPIO_Init
 *fill*         0x00000000080050ae        0x2 
 .text.LL_RCC_GetSysClkSource
                0x00000000080050b0       0x1c ./Drivers/STM32F4xx_HAL_Driver/Src/stm32f4xx_ll_rcc.o
 .text.LL_RCC_GetAHBPrescaler
                0x00000000080050cc       0x1c ./Drivers/STM32F4xx_HAL_Driver/Src/stm32f4xx_ll_rcc.o
 .text.LL_RCC_GetAPB1Prescaler
                0x00000000080050e8       0x1c ./Drivers/STM32F4xx_HAL_Driver/Src/stm32f4xx_ll_rcc.o
 .text.LL_RCC_GetAPB2Prescaler
                0x0000000008005104       0x1c ./Drivers/STM32F4xx_HAL_Driver/Src/stm32f4xx_ll_rcc.o
 .text.LL_RCC_PLL_GetMainSource
                0x0000000008005120       0x1c ./Drivers/STM32F4xx_HAL_Driver/Src/stm32f4xx_ll_rcc.o
 .text.LL_RCC_PLL_GetN
                0x000000000800513c       0x1c ./Drivers/STM32F4xx_HAL_Driver/Src/stm32f4xx_ll_rcc.o
 .text.LL_RCC_PLL_GetP
                0x0000000008005158       0x1c ./Drivers/STM32F4xx_HAL_Driver/Src/stm32f4xx_ll_rcc.o
 .text.LL_RCC_PLL_GetR
                0x0000000008005174       0x1c ./Drivers/STM32F4xx_HAL_Driver/Src/stm32f4xx_ll_rcc.o
 .text.LL_RCC_PLL_GetDivider
                0x0000000008005190       0x1c ./Drivers/STM32F4xx_HAL_Driver/Src/stm32f4xx_ll_rcc.o
 .text.LL_RCC_GetSystemClocksFreq
                0x00000000080051ac       0x4a ./Drivers/STM32F4xx_HAL_Driver/Src/stm32f4xx_ll_rcc.o
                0x00000000080051ac                LL_RCC_GetSystemClocksFreq
 *fill*         0x00000000080051f6        0x2 
 .text.RCC_GetSystemClockFreq
                0x00000000080051f8       0x88 ./Drivers/STM32F4xx_HAL_Driver/Src/stm32f4xx_ll_rcc.o
                0x00000000080051f8                RCC_GetSystemClockFreq
 .text.RCC_GetHCLKClockFreq
                0x0000000008005280       0x2c ./Drivers/STM32F4xx_HAL_Driver/Src/stm32f4xx_ll_rcc.o
                0x0000000008005280                RCC_GetHCLKClockFreq
 .text.RCC_GetPCLK1ClockFreq
                0x00000000080052ac       0x28 ./Drivers/STM32F4xx_HAL_Driver/Src/stm32f4xx_ll_rcc.o
                0x00000000080052ac                RCC_GetPCLK1ClockFreq
 .text.RCC_GetPCLK2ClockFreq
                0x00000000080052d4       0x28 ./Drivers/STM32F4xx_HAL_Driver/Src/stm32f4xx_ll_rcc.o
                0x00000000080052d4                RCC_GetPCLK2ClockFreq
 .text.RCC_PLL_GetFreqDomain_SYS
                0x00000000080052fc       0xa4 ./Drivers/STM32F4xx_HAL_Driver/Src/stm32f4xx_ll_rcc.o
                0x00000000080052fc                RCC_PLL_GetFreqDomain_SYS
 .text.LL_USART_IsEnabled
                0x00000000080053a0       0x28 ./Drivers/STM32F4xx_HAL_Driver/Src/stm32f4xx_ll_usart.o
 .text.LL_USART_SetStopBitsLength
                0x00000000080053c8       0x26 ./Drivers/STM32F4xx_HAL_Driver/Src/stm32f4xx_ll_usart.o
 .text.LL_USART_SetHWFlowCtrl
                0x00000000080053ee       0x26 ./Drivers/STM32F4xx_HAL_Driver/Src/stm32f4xx_ll_usart.o
 .text.LL_USART_SetBaudRate
                0x0000000008005414      0x458 ./Drivers/STM32F4xx_HAL_Driver/Src/stm32f4xx_ll_usart.o
 .text.LL_USART_Init
                0x000000000800586c      0x100 ./Drivers/STM32F4xx_HAL_Driver/Src/stm32f4xx_ll_usart.o
                0x000000000800586c                LL_USART_Init
 .text.__libc_init_array
                0x000000000800596c       0x48 c:/st/stm32cubeide_1.7.0/stm32cubeide/plugins/com.st.stm32cube.ide.mcu.externaltools.gnu-tools-for-stm32.10.3-2021.10.win32_1.0.0.202111181127/tools/bin/../lib/gcc/arm-none-eabi/10.3.1/../../../../arm-none-eabi/lib/thumb/v7e-m+fp/hard\libc_nano.a(lib_a-init.o)
                0x000000000800596c                __libc_init_array
 .text.memset   0x00000000080059b4       0x10 c:/st/stm32cubeide_1.7.0/stm32cubeide/plugins/com.st.stm32cube.ide.mcu.externaltools.gnu-tools-for-stm32.10.3-2021.10.win32_1.0.0.202111181127/tools/bin/../lib/gcc/arm-none-eabi/10.3.1/../../../../arm-none-eabi/lib/thumb/v7e-m+fp/hard\libc_nano.a(lib_a-memset.o)
                0x00000000080059b4                memset
 *(.glue_7)
 .glue_7        0x00000000080059c4        0x0 linker stubs
 *(.glue_7t)
 .glue_7t       0x00000000080059c4        0x0 linker stubs
 *(.eh_frame)
 .eh_frame      0x00000000080059c4        0x0 c:/st/stm32cubeide_1.7.0/stm32cubeide/plugins/com.st.stm32cube.ide.mcu.externaltools.gnu-tools-for-stm32.10.3-2021.10.win32_1.0.0.202111181127/tools/bin/../lib/gcc/arm-none-eabi/10.3.1/thumb/v7e-m+fp/hard/crtbegin.o
 *(.init)
 .init          0x00000000080059c4        0x4 c:/st/stm32cubeide_1.7.0/stm32cubeide/plugins/com.st.stm32cube.ide.mcu.externaltools.gnu-tools-for-stm32.10.3-2021.10.win32_1.0.0.202111181127/tools/bin/../lib/gcc/arm-none-eabi/10.3.1/thumb/v7e-m+fp/hard/crti.o
                0x00000000080059c4                _init
 .init          0x00000000080059c8        0x8 c:/st/stm32cubeide_1.7.0/stm32cubeide/plugins/com.st.stm32cube.ide.mcu.externaltools.gnu-tools-for-stm32.10.3-2021.10.win32_1.0.0.202111181127/tools/bin/../lib/gcc/arm-none-eabi/10.3.1/thumb/v7e-m+fp/hard/crtn.o
 *(.fini)
 .fini          0x00000000080059d0        0x4 c:/st/stm32cubeide_1.7.0/stm32cubeide/plugins/com.st.stm32cube.ide.mcu.externaltools.gnu-tools-for-stm32.10.3-2021.10.win32_1.0.0.202111181127/tools/bin/../lib/gcc/arm-none-eabi/10.3.1/thumb/v7e-m+fp/hard/crti.o
                0x00000000080059d0                _fini
 .fini          0x00000000080059d4        0x8 c:/st/stm32cubeide_1.7.0/stm32cubeide/plugins/com.st.stm32cube.ide.mcu.externaltools.gnu-tools-for-stm32.10.3-2021.10.win32_1.0.0.202111181127/tools/bin/../lib/gcc/arm-none-eabi/10.3.1/thumb/v7e-m+fp/hard/crtn.o
                0x00000000080059dc                . = ALIGN (0x4)
                0x00000000080059dc                _etext = .

.vfp11_veneer   0x00000000080059dc        0x0
 .vfp11_veneer  0x00000000080059dc        0x0 linker stubs

.v4_bx          0x00000000080059dc        0x0
 .v4_bx         0x00000000080059dc        0x0 linker stubs

.iplt           0x00000000080059dc        0x0
 .iplt          0x00000000080059dc        0x0 c:/st/stm32cubeide_1.7.0/stm32cubeide/plugins/com.st.stm32cube.ide.mcu.externaltools.gnu-tools-for-stm32.10.3-2021.10.win32_1.0.0.202111181127/tools/bin/../lib/gcc/arm-none-eabi/10.3.1/thumb/v7e-m+fp/hard/crtbegin.o

.rodata         0x00000000080059dc       0x38
                0x00000000080059dc                . = ALIGN (0x4)
 *(.rodata)
 .rodata        0x00000000080059dc       0x20 ./Core/Src/result.o
 *(.rodata*)
 .rodata.AHBPrescTable
                0x00000000080059fc       0x10 ./Core/Src/system_stm32f4xx.o
                0x00000000080059fc                AHBPrescTable
 .rodata.APBPrescTable
                0x0000000008005a0c        0x8 ./Core/Src/system_stm32f4xx.o
                0x0000000008005a0c                APBPrescTable
                0x0000000008005a14                . = ALIGN (0x4)

.ARM.extab      0x0000000008005a14        0x0
                0x0000000008005a14                . = ALIGN (0x4)
 *(.ARM.extab* .gnu.linkonce.armextab.*)
                0x0000000008005a14                . = ALIGN (0x4)

.ARM            0x0000000008005a14        0x8
                0x0000000008005a14                . = ALIGN (0x4)
                0x0000000008005a14                __exidx_start = .
 *(.ARM.exidx*)
 .ARM.exidx     0x0000000008005a14        0x8 c:/st/stm32cubeide_1.7.0/stm32cubeide/plugins/com.st.stm32cube.ide.mcu.externaltools.gnu-tools-for-stm32.10.3-2021.10.win32_1.0.0.202111181127/tools/bin/../lib/gcc/arm-none-eabi/10.3.1/thumb/v7e-m+fp/hard\libgcc.a(_udivmoddi4.o)
                0x0000000008005a1c                __exidx_end = .
                0x0000000008005a1c                . = ALIGN (0x4)

.rel.dyn        0x0000000008005a1c        0x0
 .rel.iplt      0x0000000008005a1c        0x0 c:/st/stm32cubeide_1.7.0/stm32cubeide/plugins/com.st.stm32cube.ide.mcu.externaltools.gnu-tools-for-stm32.10.3-2021.10.win32_1.0.0.202111181127/tools/bin/../lib/gcc/arm-none-eabi/10.3.1/thumb/v7e-m+fp/hard/crtbegin.o

.preinit_array  0x0000000008005a1c        0x0
                0x0000000008005a1c                . = ALIGN (0x4)
                0x0000000008005a1c                PROVIDE (__preinit_array_start = .)
 *(.preinit_array*)
                0x0000000008005a1c                PROVIDE (__preinit_array_end = .)
                0x0000000008005a1c                . = ALIGN (0x4)

.init_array     0x0000000008005a1c        0x4
                0x0000000008005a1c                . = ALIGN (0x4)
                0x0000000008005a1c                PROVIDE (__init_array_start = .)
 *(SORT_BY_NAME(.init_array.*))
 *(.init_array*)
 .init_array    0x0000000008005a1c        0x4 c:/st/stm32cubeide_1.7.0/stm32cubeide/plugins/com.st.stm32cube.ide.mcu.externaltools.gnu-tools-for-stm32.10.3-2021.10.win32_1.0.0.202111181127/tools/bin/../lib/gcc/arm-none-eabi/10.3.1/thumb/v7e-m+fp/hard/crtbegin.o
                0x0000000008005a20                PROVIDE (__init_array_end = .)
                0x0000000008005a20                . = ALIGN (0x4)

.fini_array     0x0000000008005a20        0x4
                0x0000000008005a20                . = ALIGN (0x4)
                [!provide]                        PROVIDE (__fini_array_start = .)
 *(SORT_BY_NAME(.fini_array.*))
 *(.fini_array*)
 .fini_array    0x0000000008005a20        0x4 c:/st/stm32cubeide_1.7.0/stm32cubeide/plugins/com.st.stm32cube.ide.mcu.externaltools.gnu-tools-for-stm32.10.3-2021.10.win32_1.0.0.202111181127/tools/bin/../lib/gcc/arm-none-eabi/10.3.1/thumb/v7e-m+fp/hard/crtbegin.o
                [!provide]                        PROVIDE (__fini_array_end = .)
                0x0000000008005a24                . = ALIGN (0x4)
                0x0000000008005a24                _sidata = LOADADDR (.data)

.data           0x0000000020000000       0x10 load address 0x0000000008005a24
                0x0000000020000000                . = ALIGN (0x4)
                0x0000000020000000                _sdata = .
 *(.data)
 *(.data*)
 .data.divide_freq
                0x0000000020000000        0x4 ./Core/Src/result.o
                0x0000000020000000                divide_freq
 .data.SystemCoreClock
                0x0000000020000004        0x4 ./Core/Src/system_stm32f4xx.o
                0x0000000020000004                SystemCoreClock
 .data.uwTickPrio
                0x0000000020000008        0x4 ./Drivers/STM32F4xx_HAL_Driver/Src/stm32f4xx_hal.o
                0x0000000020000008                uwTickPrio
 .data.uwTickFreq
                0x000000002000000c        0x1 ./Drivers/STM32F4xx_HAL_Driver/Src/stm32f4xx_hal.o
                0x000000002000000c                uwTickFreq
 *(.RamFunc)
 *(.RamFunc*)
                0x0000000020000010                . = ALIGN (0x4)
 *fill*         0x000000002000000d        0x3 
                0x0000000020000010                _edata = .

.igot.plt       0x0000000020000010        0x0 load address 0x0000000008005a34
 .igot.plt      0x0000000020000010        0x0 c:/st/stm32cubeide_1.7.0/stm32cubeide/plugins/com.st.stm32cube.ide.mcu.externaltools.gnu-tools-for-stm32.10.3-2021.10.win32_1.0.0.202111181127/tools/bin/../lib/gcc/arm-none-eabi/10.3.1/thumb/v7e-m+fp/hard/crtbegin.o
                0x0000000020000010                . = ALIGN (0x4)

.bss            0x0000000020000010      0x104 load address 0x0000000008005a34
                0x0000000020000010                _sbss = .
                0x0000000020000010                __bss_start__ = _sbss
 *(.bss)
 .bss           0x0000000020000010       0x1c c:/st/stm32cubeide_1.7.0/stm32cubeide/plugins/com.st.stm32cube.ide.mcu.externaltools.gnu-tools-for-stm32.10.3-2021.10.win32_1.0.0.202111181127/tools/bin/../lib/gcc/arm-none-eabi/10.3.1/thumb/v7e-m+fp/hard/crtbegin.o
 *(.bss*)
 .bss.hadc1     0x000000002000002c       0x48 ./Core/Src/adc.o
                0x000000002000002c                hadc1
 .bss.g_Result  0x0000000020000074        0x1 ./Core/Src/result.o
                0x0000000020000074                g_Result
 .bss.Mode_data
                0x0000000020000075        0x1 ./Core/Src/switch.o
                0x0000000020000075                Mode_data
 *fill*         0x0000000020000076        0x2 
 .bss.htim3     0x0000000020000078       0x48 ./Core/Src/tim.o
                0x0000000020000078                htim3
 .bss.rx_data   0x00000000200000c0        0x9 ./Core/Src/usart.o
                0x00000000200000c0                rx_data
 .bss.rx_flag   0x00000000200000c9        0x1 ./Core/Src/usart.o
                0x00000000200000c9                rx_flag
 .bss.i         0x00000000200000ca        0x1 ./Core/Src/usart.o
                0x00000000200000ca                i
 *fill*         0x00000000200000cb        0x1 
 .bss.huart6    0x00000000200000cc       0x44 ./Core/Src/usart.o
                0x00000000200000cc                huart6
 .bss.uwTick    0x0000000020000110        0x4 ./Drivers/STM32F4xx_HAL_Driver/Src/stm32f4xx_hal.o
                0x0000000020000110                uwTick
 *(COMMON)
                0x0000000020000114                . = ALIGN (0x4)
                0x0000000020000114                _ebss = .
                0x0000000020000114                __bss_end__ = _ebss

._user_heap_stack
                0x0000000020000114      0x604 load address 0x0000000008005a34
                0x0000000020000118                . = ALIGN (0x8)
 *fill*         0x0000000020000114        0x4 
                [!provide]                        PROVIDE (end = .)
                0x0000000020000118                PROVIDE (_end = .)
                0x0000000020000318                . = (. + _Min_Heap_Size)
 *fill*         0x0000000020000118      0x200 
                0x0000000020000718                . = (. + _Min_Stack_Size)
 *fill*         0x0000000020000318      0x400 
                0x0000000020000718                . = ALIGN (0x8)

/DISCARD/
 libc.a(*)
 libm.a(*)
 libgcc.a(*)

.ARM.attributes
                0x0000000000000000       0x30
 *(.ARM.attributes)
 .ARM.attributes
                0x0000000000000000       0x1e c:/st/stm32cubeide_1.7.0/stm32cubeide/plugins/com.st.stm32cube.ide.mcu.externaltools.gnu-tools-for-stm32.10.3-2021.10.win32_1.0.0.202111181127/tools/bin/../lib/gcc/arm-none-eabi/10.3.1/thumb/v7e-m+fp/hard/crti.o
 .ARM.attributes
                0x000000000000001e       0x34 c:/st/stm32cubeide_1.7.0/stm32cubeide/plugins/com.st.stm32cube.ide.mcu.externaltools.gnu-tools-for-stm32.10.3-2021.10.win32_1.0.0.202111181127/tools/bin/../lib/gcc/arm-none-eabi/10.3.1/thumb/v7e-m+fp/hard/crtbegin.o
 .ARM.attributes
                0x0000000000000052       0x34 ./Core/Src/adc.o
 .ARM.attributes
                0x0000000000000086       0x34 ./Core/Src/delay.o
 .ARM.attributes
                0x00000000000000ba       0x34 ./Core/Src/gpio.o
 .ARM.attributes
                0x00000000000000ee       0x34 ./Core/Src/main.o
 .ARM.attributes
                0x0000000000000122       0x34 ./Core/Src/result.o
 .ARM.attributes
                0x0000000000000156       0x34 ./Core/Src/stm32f4xx_hal_msp.o
 .ARM.attributes
                0x000000000000018a       0x34 ./Core/Src/stm32f4xx_it.o
 .ARM.attributes
                0x00000000000001be       0x34 ./Core/Src/switch.o
 .ARM.attributes
                0x00000000000001f2       0x34 ./Core/Src/system_stm32f4xx.o
 .ARM.attributes
                0x0000000000000226       0x34 ./Core/Src/tim.o
 .ARM.attributes
                0x000000000000025a       0x34 ./Core/Src/usart.o
 .ARM.attributes
                0x000000000000028e       0x21 ./Core/Startup/startup_stm32f446retx.o
 .ARM.attributes
                0x00000000000002af       0x34 ./Drivers/STM32F4xx_HAL_Driver/Src/stm32f4xx_hal.o
 .ARM.attributes
                0x00000000000002e3       0x34 ./Drivers/STM32F4xx_HAL_Driver/Src/stm32f4xx_hal_adc.o
 .ARM.attributes
                0x0000000000000317       0x34 ./Drivers/STM32F4xx_HAL_Driver/Src/stm32f4xx_hal_cortex.o
 .ARM.attributes
                0x000000000000034b       0x34 ./Drivers/STM32F4xx_HAL_Driver/Src/stm32f4xx_hal_gpio.o
 .ARM.attributes
                0x000000000000037f       0x34 ./Drivers/STM32F4xx_HAL_Driver/Src/stm32f4xx_hal_pwr_ex.o
 .ARM.attributes
                0x00000000000003b3       0x34 ./Drivers/STM32F4xx_HAL_Driver/Src/stm32f4xx_hal_rcc.o
 .ARM.attributes
                0x00000000000003e7       0x34 ./Drivers/STM32F4xx_HAL_Driver/Src/stm32f4xx_hal_rcc_ex.o
 .ARM.attributes
                0x000000000000041b       0x34 ./Drivers/STM32F4xx_HAL_Driver/Src/stm32f4xx_hal_tim.o
 .ARM.attributes
                0x000000000000044f       0x34 ./Drivers/STM32F4xx_HAL_Driver/Src/stm32f4xx_hal_tim_ex.o
 .ARM.attributes
                0x0000000000000483       0x34 ./Drivers/STM32F4xx_HAL_Driver/Src/stm32f4xx_hal_uart.o
 .ARM.attributes
                0x00000000000004b7       0x34 ./Drivers/STM32F4xx_HAL_Driver/Src/stm32f4xx_ll_exti.o
 .ARM.attributes
                0x00000000000004eb       0x34 ./Drivers/STM32F4xx_HAL_Driver/Src/stm32f4xx_ll_gpio.o
 .ARM.attributes
                0x000000000000051f       0x34 ./Drivers/STM32F4xx_HAL_Driver/Src/stm32f4xx_ll_rcc.o
 .ARM.attributes
                0x0000000000000553       0x34 ./Drivers/STM32F4xx_HAL_Driver/Src/stm32f4xx_ll_usart.o
 .ARM.attributes
                0x0000000000000587       0x34 c:/st/stm32cubeide_1.7.0/stm32cubeide/plugins/com.st.stm32cube.ide.mcu.externaltools.gnu-tools-for-stm32.10.3-2021.10.win32_1.0.0.202111181127/tools/bin/../lib/gcc/arm-none-eabi/10.3.1/../../../../arm-none-eabi/lib/thumb/v7e-m+fp/hard\libc_nano.a(lib_a-init.o)
 .ARM.attributes
                0x00000000000005bb       0x34 c:/st/stm32cubeide_1.7.0/stm32cubeide/plugins/com.st.stm32cube.ide.mcu.externaltools.gnu-tools-for-stm32.10.3-2021.10.win32_1.0.0.202111181127/tools/bin/../lib/gcc/arm-none-eabi/10.3.1/../../../../arm-none-eabi/lib/thumb/v7e-m+fp/hard\libc_nano.a(lib_a-memset.o)
 .ARM.attributes
                0x00000000000005ef       0x1e c:/st/stm32cubeide_1.7.0/stm32cubeide/plugins/com.st.stm32cube.ide.mcu.externaltools.gnu-tools-for-stm32.10.3-2021.10.win32_1.0.0.202111181127/tools/bin/../lib/gcc/arm-none-eabi/10.3.1/thumb/v7e-m+fp/hard\libgcc.a(_aeabi_uldivmod.o)
 .ARM.attributes
                0x000000000000060d       0x34 c:/st/stm32cubeide_1.7.0/stm32cubeide/plugins/com.st.stm32cube.ide.mcu.externaltools.gnu-tools-for-stm32.10.3-2021.10.win32_1.0.0.202111181127/tools/bin/../lib/gcc/arm-none-eabi/10.3.1/thumb/v7e-m+fp/hard\libgcc.a(_udivmoddi4.o)
 .ARM.attributes
                0x0000000000000641       0x1e c:/st/stm32cubeide_1.7.0/stm32cubeide/plugins/com.st.stm32cube.ide.mcu.externaltools.gnu-tools-for-stm32.10.3-2021.10.win32_1.0.0.202111181127/tools/bin/../lib/gcc/arm-none-eabi/10.3.1/thumb/v7e-m+fp/hard\libgcc.a(_dvmd_tls.o)
 .ARM.attributes
                0x000000000000065f       0x1e c:/st/stm32cubeide_1.7.0/stm32cubeide/plugins/com.st.stm32cube.ide.mcu.externaltools.gnu-tools-for-stm32.10.3-2021.10.win32_1.0.0.202111181127/tools/bin/../lib/gcc/arm-none-eabi/10.3.1/thumb/v7e-m+fp/hard/crtn.o
OUTPUT(LiDAR Factory JIG.elf elf32-littlearm)
LOAD linker stubs
LOAD c:/st/stm32cubeide_1.7.0/stm32cubeide/plugins/com.st.stm32cube.ide.mcu.externaltools.gnu-tools-for-stm32.10.3-2021.10.win32_1.0.0.202111181127/tools/bin/../lib/gcc/arm-none-eabi/10.3.1/../../../../arm-none-eabi/lib/thumb/v7e-m+fp/hard\libc.a
LOAD c:/st/stm32cubeide_1.7.0/stm32cubeide/plugins/com.st.stm32cube.ide.mcu.externaltools.gnu-tools-for-stm32.10.3-2021.10.win32_1.0.0.202111181127/tools/bin/../lib/gcc/arm-none-eabi/10.3.1/../../../../arm-none-eabi/lib/thumb/v7e-m+fp/hard\libm.a
LOAD c:/st/stm32cubeide_1.7.0/stm32cubeide/plugins/com.st.stm32cube.ide.mcu.externaltools.gnu-tools-for-stm32.10.3-2021.10.win32_1.0.0.202111181127/tools/bin/../lib/gcc/arm-none-eabi/10.3.1/thumb/v7e-m+fp/hard\libgcc.a

.debug_info     0x0000000000000000    0x13ec3
 .debug_info    0x0000000000000000      0xaac ./Core/Src/adc.o
 .debug_info    0x0000000000000aac      0x2cc ./Core/Src/delay.o
 .debug_info    0x0000000000000d78      0xdec ./Core/Src/gpio.o
 .debug_info    0x0000000000001b64      0xb4e ./Core/Src/main.o
 .debug_info    0x00000000000026b2      0xdcc ./Core/Src/result.o
 .debug_info    0x000000000000347e      0x32b ./Core/Src/stm32f4xx_hal_msp.o
 .debug_info    0x00000000000037a9      0x3e4 ./Core/Src/stm32f4xx_it.o
 .debug_info    0x0000000000003b8d      0x27a ./Core/Src/switch.o
 .debug_info    0x0000000000003e07      0x55b ./Core/Src/system_stm32f4xx.o
 .debug_info    0x0000000000004362      0xcb2 ./Core/Src/tim.o
 .debug_info    0x0000000000005014     0x1318 ./Core/Src/usart.o
 .debug_info    0x000000000000632c       0x22 ./Core/Startup/startup_stm32f446retx.o
 .debug_info    0x000000000000634e      0x9d2 ./Drivers/STM32F4xx_HAL_Driver/Src/stm32f4xx_hal.o
 .debug_info    0x0000000000006d20      0xd70 ./Drivers/STM32F4xx_HAL_Driver/Src/stm32f4xx_hal_adc.o
 .debug_info    0x0000000000007a90      0xe39 ./Drivers/STM32F4xx_HAL_Driver/Src/stm32f4xx_hal_cortex.o
 .debug_info    0x00000000000088c9      0x7be ./Drivers/STM32F4xx_HAL_Driver/Src/stm32f4xx_hal_gpio.o
 .debug_info    0x0000000000009087      0x702 ./Drivers/STM32F4xx_HAL_Driver/Src/stm32f4xx_hal_pwr_ex.o
 .debug_info    0x0000000000009789      0x9ab ./Drivers/STM32F4xx_HAL_Driver/Src/stm32f4xx_hal_rcc.o
 .debug_info    0x000000000000a134      0x9ec ./Drivers/STM32F4xx_HAL_Driver/Src/stm32f4xx_hal_rcc_ex.o
 .debug_info    0x000000000000ab20     0x2bbe ./Drivers/STM32F4xx_HAL_Driver/Src/stm32f4xx_hal_tim.o
 .debug_info    0x000000000000d6de     0x15e0 ./Drivers/STM32F4xx_HAL_Driver/Src/stm32f4xx_hal_tim_ex.o
 .debug_info    0x000000000000ecbe     0x31bc ./Drivers/STM32F4xx_HAL_Driver/Src/stm32f4xx_hal_uart.o
 .debug_info    0x0000000000011e7a      0x366 ./Drivers/STM32F4xx_HAL_Driver/Src/stm32f4xx_ll_exti.o
 .debug_info    0x00000000000121e0      0x880 ./Drivers/STM32F4xx_HAL_Driver/Src/stm32f4xx_ll_gpio.o
 .debug_info    0x0000000000012a60      0xcda ./Drivers/STM32F4xx_HAL_Driver/Src/stm32f4xx_ll_rcc.o
 .debug_info    0x000000000001373a      0x789 ./Drivers/STM32F4xx_HAL_Driver/Src/stm32f4xx_ll_usart.o

.debug_abbrev   0x0000000000000000     0x33e9
 .debug_abbrev  0x0000000000000000      0x1e7 ./Core/Src/adc.o
 .debug_abbrev  0x00000000000001e7      0x123 ./Core/Src/delay.o
 .debug_abbrev  0x000000000000030a      0x26a ./Core/Src/gpio.o
 .debug_abbrev  0x0000000000000574      0x33e ./Core/Src/main.o
 .debug_abbrev  0x00000000000008b2      0x288 ./Core/Src/result.o
 .debug_abbrev  0x0000000000000b3a       0xdb ./Core/Src/stm32f4xx_hal_msp.o
 .debug_abbrev  0x0000000000000c15      0x1d8 ./Core/Src/stm32f4xx_it.o
 .debug_abbrev  0x0000000000000ded      0x160 ./Core/Src/switch.o
 .debug_abbrev  0x0000000000000f4d      0x116 ./Core/Src/system_stm32f4xx.o
 .debug_abbrev  0x0000000000001063      0x20b ./Core/Src/tim.o
 .debug_abbrev  0x000000000000126e      0x2c2 ./Core/Src/usart.o
 .debug_abbrev  0x0000000000001530       0x12 ./Core/Startup/startup_stm32f446retx.o
 .debug_abbrev  0x0000000000001542      0x20d ./Drivers/STM32F4xx_HAL_Driver/Src/stm32f4xx_hal.o
 .debug_abbrev  0x000000000000174f      0x244 ./Drivers/STM32F4xx_HAL_Driver/Src/stm32f4xx_hal_adc.o
 .debug_abbrev  0x0000000000001993      0x316 ./Drivers/STM32F4xx_HAL_Driver/Src/stm32f4xx_hal_cortex.o
 .debug_abbrev  0x0000000000001ca9      0x1c4 ./Drivers/STM32F4xx_HAL_Driver/Src/stm32f4xx_hal_gpio.o
 .debug_abbrev  0x0000000000001e6d      0x1c9 ./Drivers/STM32F4xx_HAL_Driver/Src/stm32f4xx_hal_pwr_ex.o
 .debug_abbrev  0x0000000000002036      0x2aa ./Drivers/STM32F4xx_HAL_Driver/Src/stm32f4xx_hal_rcc.o
 .debug_abbrev  0x00000000000022e0      0x1fb ./Drivers/STM32F4xx_HAL_Driver/Src/stm32f4xx_hal_rcc_ex.o
 .debug_abbrev  0x00000000000024db      0x25d ./Drivers/STM32F4xx_HAL_Driver/Src/stm32f4xx_hal_tim.o
 .debug_abbrev  0x0000000000002738      0x265 ./Drivers/STM32F4xx_HAL_Driver/Src/stm32f4xx_hal_tim_ex.o
 .debug_abbrev  0x000000000000299d      0x2f4 ./Drivers/STM32F4xx_HAL_Driver/Src/stm32f4xx_hal_uart.o
 .debug_abbrev  0x0000000000002c91      0x183 ./Drivers/STM32F4xx_HAL_Driver/Src/stm32f4xx_ll_exti.o
 .debug_abbrev  0x0000000000002e14      0x20e ./Drivers/STM32F4xx_HAL_Driver/Src/stm32f4xx_ll_gpio.o
 .debug_abbrev  0x0000000000003022      0x1e7 ./Drivers/STM32F4xx_HAL_Driver/Src/stm32f4xx_ll_rcc.o
 .debug_abbrev  0x0000000000003209      0x1e0 ./Drivers/STM32F4xx_HAL_Driver/Src/stm32f4xx_ll_usart.o

.debug_aranges  0x0000000000000000     0x1348
 .debug_aranges
                0x0000000000000000       0x30 ./Core/Src/adc.o
 .debug_aranges
                0x0000000000000030       0x30 ./Core/Src/delay.o
 .debug_aranges
                0x0000000000000060       0x68 ./Core/Src/gpio.o
 .debug_aranges
                0x00000000000000c8       0x70 ./Core/Src/main.o
 .debug_aranges
                0x0000000000000138       0xe0 ./Core/Src/result.o
 .debug_aranges
                0x0000000000000218       0x20 ./Core/Src/stm32f4xx_hal_msp.o
 .debug_aranges
                0x0000000000000238       0x88 ./Core/Src/stm32f4xx_it.o
 .debug_aranges
                0x00000000000002c0       0x30 ./Core/Src/switch.o
 .debug_aranges
                0x00000000000002f0       0x28 ./Core/Src/system_stm32f4xx.o
 .debug_aranges
                0x0000000000000318       0x38 ./Core/Src/tim.o
 .debug_aranges
                0x0000000000000350       0x88 ./Core/Src/usart.o
 .debug_aranges
                0x00000000000003d8       0x28 ./Core/Startup/startup_stm32f446retx.o
 .debug_aranges
                0x0000000000000400       0xf0 ./Drivers/STM32F4xx_HAL_Driver/Src/stm32f4xx_hal.o
 .debug_aranges
                0x00000000000004f0       0xe8 ./Drivers/STM32F4xx_HAL_Driver/Src/stm32f4xx_hal_adc.o
 .debug_aranges
                0x00000000000005d8      0x118 ./Drivers/STM32F4xx_HAL_Driver/Src/stm32f4xx_hal_cortex.o
 .debug_aranges
                0x00000000000006f0       0x58 ./Drivers/STM32F4xx_HAL_Driver/Src/stm32f4xx_hal_gpio.o
 .debug_aranges
                0x0000000000000748       0x60 ./Drivers/STM32F4xx_HAL_Driver/Src/stm32f4xx_hal_pwr_ex.o
 .debug_aranges
                0x00000000000007a8       0x88 ./Drivers/STM32F4xx_HAL_Driver/Src/stm32f4xx_hal_rcc.o
 .debug_aranges
                0x0000000000000830       0x78 ./Drivers/STM32F4xx_HAL_Driver/Src/stm32f4xx_hal_rcc_ex.o
 .debug_aranges
                0x00000000000008a8      0x3d0 ./Drivers/STM32F4xx_HAL_Driver/Src/stm32f4xx_hal_tim.o
 .debug_aranges
                0x0000000000000c78      0x168 ./Drivers/STM32F4xx_HAL_Driver/Src/stm32f4xx_hal_tim_ex.o
 .debug_aranges
                0x0000000000000de0      0x200 ./Drivers/STM32F4xx_HAL_Driver/Src/stm32f4xx_hal_uart.o
 .debug_aranges
                0x0000000000000fe0       0x70 ./Drivers/STM32F4xx_HAL_Driver/Src/stm32f4xx_ll_exti.o
 .debug_aranges
                0x0000000000001050       0x70 ./Drivers/STM32F4xx_HAL_Driver/Src/stm32f4xx_ll_gpio.o
 .debug_aranges
                0x00000000000010c0      0x200 ./Drivers/STM32F4xx_HAL_Driver/Src/stm32f4xx_ll_rcc.o
 .debug_aranges
                0x00000000000012c0       0x88 ./Drivers/STM32F4xx_HAL_Driver/Src/stm32f4xx_ll_usart.o

.debug_ranges   0x0000000000000000     0x11e0
 .debug_ranges  0x0000000000000000       0x20 ./Core/Src/adc.o
 .debug_ranges  0x0000000000000020       0x20 ./Core/Src/delay.o
 .debug_ranges  0x0000000000000040       0x58 ./Core/Src/gpio.o
 .debug_ranges  0x0000000000000098       0x60 ./Core/Src/main.o
 .debug_ranges  0x00000000000000f8       0xd0 ./Core/Src/result.o
 .debug_ranges  0x00000000000001c8       0x10 ./Core/Src/stm32f4xx_hal_msp.o
 .debug_ranges  0x00000000000001d8       0x78 ./Core/Src/stm32f4xx_it.o
 .debug_ranges  0x0000000000000250       0x20 ./Core/Src/switch.o
 .debug_ranges  0x0000000000000270       0x18 ./Core/Src/system_stm32f4xx.o
 .debug_ranges  0x0000000000000288       0x28 ./Core/Src/tim.o
 .debug_ranges  0x00000000000002b0       0x78 ./Core/Src/usart.o
 .debug_ranges  0x0000000000000328       0x20 ./Core/Startup/startup_stm32f446retx.o
 .debug_ranges  0x0000000000000348       0xe0 ./Drivers/STM32F4xx_HAL_Driver/Src/stm32f4xx_hal.o
 .debug_ranges  0x0000000000000428       0xd8 ./Drivers/STM32F4xx_HAL_Driver/Src/stm32f4xx_hal_adc.o
 .debug_ranges  0x0000000000000500      0x108 ./Drivers/STM32F4xx_HAL_Driver/Src/stm32f4xx_hal_cortex.o
 .debug_ranges  0x0000000000000608       0x48 ./Drivers/STM32F4xx_HAL_Driver/Src/stm32f4xx_hal_gpio.o
 .debug_ranges  0x0000000000000650       0x50 ./Drivers/STM32F4xx_HAL_Driver/Src/stm32f4xx_hal_pwr_ex.o
 .debug_ranges  0x00000000000006a0       0x78 ./Drivers/STM32F4xx_HAL_Driver/Src/stm32f4xx_hal_rcc.o
 .debug_ranges  0x0000000000000718       0x68 ./Drivers/STM32F4xx_HAL_Driver/Src/stm32f4xx_hal_rcc_ex.o
 .debug_ranges  0x0000000000000780      0x3c0 ./Drivers/STM32F4xx_HAL_Driver/Src/stm32f4xx_hal_tim.o
 .debug_ranges  0x0000000000000b40      0x158 ./Drivers/STM32F4xx_HAL_Driver/Src/stm32f4xx_hal_tim_ex.o
 .debug_ranges  0x0000000000000c98      0x220 ./Drivers/STM32F4xx_HAL_Driver/Src/stm32f4xx_hal_uart.o
 .debug_ranges  0x0000000000000eb8       0x60 ./Drivers/STM32F4xx_HAL_Driver/Src/stm32f4xx_ll_exti.o
 .debug_ranges  0x0000000000000f18       0x60 ./Drivers/STM32F4xx_HAL_Driver/Src/stm32f4xx_ll_gpio.o
 .debug_ranges  0x0000000000000f78      0x1f0 ./Drivers/STM32F4xx_HAL_Driver/Src/stm32f4xx_ll_rcc.o
 .debug_ranges  0x0000000000001168       0x78 ./Drivers/STM32F4xx_HAL_Driver/Src/stm32f4xx_ll_usart.o

.debug_macro    0x0000000000000000    0x28885
 .debug_macro   0x0000000000000000      0x437 ./Core/Src/adc.o
 .debug_macro   0x0000000000000437      0xa7e ./Core/Src/adc.o
 .debug_macro   0x0000000000000eb5      0x2a1 ./Core/Src/adc.o
 .debug_macro   0x0000000000001156       0x2e ./Core/Src/adc.o
 .debug_macro   0x0000000000001184       0x28 ./Core/Src/adc.o
 .debug_macro   0x00000000000011ac       0x22 ./Core/Src/adc.o
 .debug_macro   0x00000000000011ce       0x8e ./Core/Src/adc.o
 .debug_macro   0x000000000000125c       0x51 ./Core/Src/adc.o
 .debug_macro   0x00000000000012ad      0x103 ./Core/Src/adc.o
 .debug_macro   0x00000000000013b0       0x6a ./Core/Src/adc.o
 .debug_macro   0x000000000000141a      0x1df ./Core/Src/adc.o
 .debug_macro   0x00000000000015f9       0x1c ./Core/Src/adc.o
 .debug_macro   0x0000000000001615       0x22 ./Core/Src/adc.o
 .debug_macro   0x0000000000001637       0xd9 ./Core/Src/adc.o
 .debug_macro   0x0000000000001710     0x102d ./Core/Src/adc.o
 .debug_macro   0x000000000000273d      0x11f ./Core/Src/adc.o
 .debug_macro   0x000000000000285c    0x16749 ./Core/Src/adc.o
 .debug_macro   0x0000000000018fa5       0x6d ./Core/Src/adc.o
 .debug_macro   0x0000000000019012     0x367e ./Core/Src/adc.o
 .debug_macro   0x000000000001c690      0x174 ./Core/Src/adc.o
 .debug_macro   0x000000000001c804       0x5c ./Core/Src/adc.o
 .debug_macro   0x000000000001c860      0xc90 ./Core/Src/adc.o
 .debug_macro   0x000000000001d4f0      0x9fe ./Core/Src/adc.o
 .debug_macro   0x000000000001deee      0x115 ./Core/Src/adc.o
 .debug_macro   0x000000000001e003      0x1a0 ./Core/Src/adc.o
 .debug_macro   0x000000000001e1a3       0xa5 ./Core/Src/adc.o
 .debug_macro   0x000000000001e248      0x16d ./Core/Src/adc.o
 .debug_macro   0x000000000001e3b5      0x287 ./Core/Src/adc.o
 .debug_macro   0x000000000001e63c       0x5f ./Core/Src/adc.o
 .debug_macro   0x000000000001e69b      0x236 ./Core/Src/adc.o
 .debug_macro   0x000000000001e8d1      0xb5b ./Core/Src/adc.o
 .debug_macro   0x000000000001f42c      0x38b ./Core/Src/adc.o
 .debug_macro   0x000000000001f7b7      0x17d ./Core/Src/adc.o
 .debug_macro   0x000000000001f934       0xf9 ./Core/Src/adc.o
 .debug_macro   0x000000000001fa2d      0x132 ./Core/Src/adc.o
 .debug_macro   0x000000000001fb5f      0x29c ./Core/Src/adc.o
 .debug_macro   0x000000000001fdfb       0x2e ./Core/Src/adc.o
 .debug_macro   0x000000000001fe29      0x11a ./Core/Src/adc.o
 .debug_macro   0x000000000001ff43       0xe8 ./Core/Src/adc.o
 .debug_macro   0x000000000002002b       0x89 ./Core/Src/adc.o
 .debug_macro   0x00000000000200b4      0x8e6 ./Core/Src/adc.o
 .debug_macro   0x000000000002099a       0x4d ./Core/Src/adc.o
 .debug_macro   0x00000000000209e7      0x295 ./Core/Src/adc.o
 .debug_macro   0x0000000000020c7c      0x126 ./Core/Src/adc.o
 .debug_macro   0x0000000000020da2      0x1bb ./Core/Src/adc.o
 .debug_macro   0x0000000000020f5d      0xd69 ./Core/Src/adc.o
 .debug_macro   0x0000000000021cc6      0x21c ./Core/Src/adc.o
 .debug_macro   0x0000000000021ee2      0x149 ./Core/Src/adc.o
 .debug_macro   0x000000000002202b       0xe8 ./Core/Src/adc.o
 .debug_macro   0x0000000000022113      0x1db ./Core/Src/adc.o
 .debug_macro   0x00000000000222ee      0x1a6 ./Core/Src/adc.o
 .debug_macro   0x0000000000022494       0x61 ./Core/Src/adc.o
 .debug_macro   0x00000000000224f5       0xd5 ./Core/Src/adc.o
 .debug_macro   0x00000000000225ca      0x1e6 ./Core/Src/adc.o
 .debug_macro   0x00000000000227b0       0x52 ./Core/Src/adc.o
 .debug_macro   0x0000000000022802       0x1e ./Core/Src/adc.o
 .debug_macro   0x0000000000022820       0x3c ./Core/Src/adc.o
 .debug_macro   0x000000000002285c       0x34 ./Core/Src/adc.o
 .debug_macro   0x0000000000022890       0x16 ./Core/Src/adc.o
 .debug_macro   0x00000000000228a6       0x35 ./Core/Src/adc.o
 .debug_macro   0x00000000000228db      0x341 ./Core/Src/adc.o
 .debug_macro   0x0000000000022c1c       0x10 ./Core/Src/adc.o
 .debug_macro   0x0000000000022c2c       0x16 ./Core/Src/adc.o
 .debug_macro   0x0000000000022c42       0x43 ./Core/Src/adc.o
 .debug_macro   0x0000000000022c85       0x34 ./Core/Src/adc.o
 .debug_macro   0x0000000000022cb9       0x10 ./Core/Src/adc.o
 .debug_macro   0x0000000000022cc9       0x58 ./Core/Src/adc.o
 .debug_macro   0x0000000000022d21       0x71 ./Core/Src/adc.o
 .debug_macro   0x0000000000022d92       0x1c ./Core/Src/adc.o
 .debug_macro   0x0000000000022dae      0x12a ./Core/Src/adc.o
 .debug_macro   0x0000000000022ed8       0x10 ./Core/Src/adc.o
 .debug_macro   0x0000000000022ee8       0x1c ./Core/Src/adc.o
 .debug_macro   0x0000000000022f04       0x52 ./Core/Src/adc.o
 .debug_macro   0x0000000000022f56       0x22 ./Core/Src/adc.o
 .debug_macro   0x0000000000022f78       0x10 ./Core/Src/adc.o
 .debug_macro   0x0000000000022f88       0x52 ./Core/Src/adc.o
 .debug_macro   0x0000000000022fda       0xd5 ./Core/Src/adc.o
 .debug_macro   0x00000000000230af       0x1c ./Core/Src/adc.o
 .debug_macro   0x00000000000230cb       0x3d ./Core/Src/adc.o
 .debug_macro   0x0000000000023108       0x16 ./Core/Src/adc.o
 .debug_macro   0x000000000002311e      0x145 ./Core/Src/adc.o
 .debug_macro   0x0000000000023263       0x16 ./Core/Src/adc.o
 .debug_macro   0x0000000000023279       0x20 ./Core/Src/adc.o
 .debug_macro   0x0000000000023299       0x76 ./Core/Src/adc.o
 .debug_macro   0x000000000002330f      0x15d ./Core/Src/adc.o
 .debug_macro   0x000000000002346c      0x200 ./Core/Src/delay.o
 .debug_macro   0x000000000002366c      0x437 ./Core/Src/gpio.o
 .debug_macro   0x0000000000023aa3      0x457 ./Core/Src/main.o
 .debug_macro   0x0000000000023efa      0x431 ./Core/Src/result.o
 .debug_macro   0x000000000002432b      0x42d ./Core/Src/stm32f4xx_hal_msp.o
 .debug_macro   0x0000000000024758      0x431 ./Core/Src/stm32f4xx_it.o
 .debug_macro   0x0000000000024b89      0x431 ./Core/Src/switch.o
 .debug_macro   0x0000000000024fba      0x1f6 ./Core/Src/system_stm32f4xx.o
 .debug_macro   0x00000000000251b0      0x437 ./Core/Src/tim.o
 .debug_macro   0x00000000000255e7      0x431 ./Core/Src/usart.o
 .debug_macro   0x0000000000025a18      0x256 ./Drivers/STM32F4xx_HAL_Driver/Src/stm32f4xx_hal.o
 .debug_macro   0x0000000000025c6e      0x1f7 ./Drivers/STM32F4xx_HAL_Driver/Src/stm32f4xx_hal_adc.o
 .debug_macro   0x0000000000025e65      0x1f6 ./Drivers/STM32F4xx_HAL_Driver/Src/stm32f4xx_hal_cortex.o
 .debug_macro   0x000000000002605b      0x1fc ./Drivers/STM32F4xx_HAL_Driver/Src/stm32f4xx_hal_gpio.o
 .debug_macro   0x0000000000026257      0x20e ./Drivers/STM32F4xx_HAL_Driver/Src/stm32f4xx_hal_pwr_ex.o
 .debug_macro   0x0000000000026465      0x21a ./Drivers/STM32F4xx_HAL_Driver/Src/stm32f4xx_hal_rcc.o
 .debug_macro   0x000000000002667f      0x1f6 ./Drivers/STM32F4xx_HAL_Driver/Src/stm32f4xx_hal_rcc_ex.o
 .debug_macro   0x0000000000026875      0x1f7 ./Drivers/STM32F4xx_HAL_Driver/Src/stm32f4xx_hal_tim.o
 .debug_macro   0x0000000000026a6c      0x1f6 ./Drivers/STM32F4xx_HAL_Driver/Src/stm32f4xx_hal_tim_ex.o
 .debug_macro   0x0000000000026c62      0x1f7 ./Drivers/STM32F4xx_HAL_Driver/Src/stm32f4xx_hal_uart.o
 .debug_macro   0x0000000000026e59      0x21d ./Drivers/STM32F4xx_HAL_Driver/Src/stm32f4xx_ll_exti.o
 .debug_macro   0x0000000000027076       0xe2 ./Drivers/STM32F4xx_HAL_Driver/Src/stm32f4xx_ll_exti.o
 .debug_macro   0x0000000000027158      0x238 ./Drivers/STM32F4xx_HAL_Driver/Src/stm32f4xx_ll_gpio.o
 .debug_macro   0x0000000000027390      0x143 ./Drivers/STM32F4xx_HAL_Driver/Src/stm32f4xx_ll_gpio.o
 .debug_macro   0x00000000000274d3      0x235 ./Drivers/STM32F4xx_HAL_Driver/Src/stm32f4xx_ll_rcc.o
 .debug_macro   0x0000000000027708      0xd63 ./Drivers/STM32F4xx_HAL_Driver/Src/stm32f4xx_ll_rcc.o
 .debug_macro   0x000000000002846b      0x265 ./Drivers/STM32F4xx_HAL_Driver/Src/stm32f4xx_ll_usart.o
 .debug_macro   0x00000000000286d0      0x1b5 ./Drivers/STM32F4xx_HAL_Driver/Src/stm32f4xx_ll_usart.o

.debug_line     0x0000000000000000    0x185c2
 .debug_line    0x0000000000000000      0xabf ./Core/Src/adc.o
 .debug_line    0x0000000000000abf      0x769 ./Core/Src/delay.o
 .debug_line    0x0000000000001228      0xce1 ./Core/Src/gpio.o
 .debug_line    0x0000000000001f09      0xd59 ./Core/Src/main.o
 .debug_line    0x0000000000002c62     0x12ca ./Core/Src/result.o
 .debug_line    0x0000000000003f2c      0xa3f ./Core/Src/stm32f4xx_hal_msp.o
 .debug_line    0x000000000000496b      0xb9c ./Core/Src/stm32f4xx_it.o
 .debug_line    0x0000000000005507      0xa77 ./Core/Src/switch.o
 .debug_line    0x0000000000005f7e      0x780 ./Core/Src/system_stm32f4xx.o
 .debug_line    0x00000000000066fe      0xafb ./Core/Src/tim.o
 .debug_line    0x00000000000071f9      0xcb6 ./Core/Src/usart.o
 .debug_line    0x0000000000007eaf       0x88 ./Core/Startup/startup_stm32f446retx.o
 .debug_line    0x0000000000007f37      0x9e6 ./Drivers/STM32F4xx_HAL_Driver/Src/stm32f4xx_hal.o
 .debug_line    0x000000000000891d     0x1262 ./Drivers/STM32F4xx_HAL_Driver/Src/stm32f4xx_hal_adc.o
 .debug_line    0x0000000000009b7f      0xc95 ./Drivers/STM32F4xx_HAL_Driver/Src/stm32f4xx_hal_cortex.o
 .debug_line    0x000000000000a814      0xb46 ./Drivers/STM32F4xx_HAL_Driver/Src/stm32f4xx_hal_gpio.o
 .debug_line    0x000000000000b35a      0x915 ./Drivers/STM32F4xx_HAL_Driver/Src/stm32f4xx_hal_pwr_ex.o
 .debug_line    0x000000000000bc6f      0xd6c ./Drivers/STM32F4xx_HAL_Driver/Src/stm32f4xx_hal_rcc.o
 .debug_line    0x000000000000c9db     0x13f6 ./Drivers/STM32F4xx_HAL_Driver/Src/stm32f4xx_hal_rcc_ex.o
 .debug_line    0x000000000000ddd1     0x36da ./Drivers/STM32F4xx_HAL_Driver/Src/stm32f4xx_hal_tim.o
 .debug_line    0x00000000000114ab     0x19e3 ./Drivers/STM32F4xx_HAL_Driver/Src/stm32f4xx_hal_tim_ex.o
 .debug_line    0x0000000000012e8e     0x2a8b ./Drivers/STM32F4xx_HAL_Driver/Src/stm32f4xx_hal_uart.o
 .debug_line    0x0000000000015919      0x874 ./Drivers/STM32F4xx_HAL_Driver/Src/stm32f4xx_ll_exti.o
 .debug_line    0x000000000001618d      0x9c8 ./Drivers/STM32F4xx_HAL_Driver/Src/stm32f4xx_ll_gpio.o
 .debug_line    0x0000000000016b55     0x1110 ./Drivers/STM32F4xx_HAL_Driver/Src/stm32f4xx_ll_rcc.o
 .debug_line    0x0000000000017c65      0x95d ./Drivers/STM32F4xx_HAL_Driver/Src/stm32f4xx_ll_usart.o

.debug_str      0x0000000000000000    0xef3be
 .debug_str     0x0000000000000000    0xe966b ./Core/Src/adc.o
                                      0xe9d5c (size before relaxing)
 .debug_str     0x00000000000e966b      0x10e ./Core/Src/delay.o
                                      0xd55fd (size before relaxing)
 .debug_str     0x00000000000e9779      0x73b ./Core/Src/gpio.o
                                      0xea08d (size before relaxing)
 .debug_str     0x00000000000e9eb4      0x38f ./Core/Src/main.o
                                      0xe9c57 (size before relaxing)
 .debug_str     0x00000000000ea243      0x454 ./Core/Src/result.o
                                      0xe9e7b (size before relaxing)
 .debug_str     0x00000000000ea697       0x2c ./Core/Src/stm32f4xx_hal_msp.o
                                      0xe981f (size before relaxing)
 .debug_str     0x00000000000ea6c3      0x174 ./Core/Src/stm32f4xx_it.o
                                      0xe9947 (size before relaxing)
 .debug_str     0x00000000000ea837       0x5a ./Core/Src/switch.o
                                      0xe97b2 (size before relaxing)
 .debug_str     0x00000000000ea891       0x87 ./Core/Src/system_stm32f4xx.o
                                      0xd56bb (size before relaxing)
 .debug_str     0x00000000000ea918      0x1d5 ./Core/Src/tim.o
                                      0xe9ff8 (size before relaxing)
 .debug_str     0x00000000000eaaed      0x2c2 ./Core/Src/usart.o
                                      0xea54a (size before relaxing)
 .debug_str     0x00000000000eadaf       0x36 ./Core/Startup/startup_stm32f446retx.o
                                         0x84 (size before relaxing)
 .debug_str     0x00000000000eade5      0x627 ./Drivers/STM32F4xx_HAL_Driver/Src/stm32f4xx_hal.o
                                      0xd6280 (size before relaxing)
 .debug_str     0x00000000000eb40c      0x2d0 ./Drivers/STM32F4xx_HAL_Driver/Src/stm32f4xx_hal_adc.o
                                      0xd5c83 (size before relaxing)
 .debug_str     0x00000000000eb6dc      0x2b2 ./Drivers/STM32F4xx_HAL_Driver/Src/stm32f4xx_hal_cortex.o
                                      0xd5f8e (size before relaxing)
 .debug_str     0x00000000000eb98e       0xd7 ./Drivers/STM32F4xx_HAL_Driver/Src/stm32f4xx_hal_gpio.o
                                      0xd5836 (size before relaxing)
 .debug_str     0x00000000000eba65      0x135 ./Drivers/STM32F4xx_HAL_Driver/Src/stm32f4xx_hal_pwr_ex.o
                                      0xd5893 (size before relaxing)
 .debug_str     0x00000000000ebb9a      0x21f ./Drivers/STM32F4xx_HAL_Driver/Src/stm32f4xx_hal_rcc.o
                                      0xd5af4 (size before relaxing)
 .debug_str     0x00000000000ebdb9      0x312 ./Drivers/STM32F4xx_HAL_Driver/Src/stm32f4xx_hal_rcc_ex.o
                                      0xd5b27 (size before relaxing)
 .debug_str     0x00000000000ec0cb      0xd54 ./Drivers/STM32F4xx_HAL_Driver/Src/stm32f4xx_hal_tim.o
                                      0xd6a10 (size before relaxing)
 .debug_str     0x00000000000ece1f      0x493 ./Drivers/STM32F4xx_HAL_Driver/Src/stm32f4xx_hal_tim_ex.o
                                      0xd622c (size before relaxing)
 .debug_str     0x00000000000ed2b2      0x5f6 ./Drivers/STM32F4xx_HAL_Driver/Src/stm32f4xx_hal_uart.o
                                      0xd6069 (size before relaxing)
 .debug_str     0x00000000000ed8a8      0x2ed ./Drivers/STM32F4xx_HAL_Driver/Src/stm32f4xx_ll_exti.o
                                      0xd5d1e (size before relaxing)
 .debug_str     0x00000000000edb95      0x62a ./Drivers/STM32F4xx_HAL_Driver/Src/stm32f4xx_ll_gpio.o
                                      0xd709b (size before relaxing)
 .debug_str     0x00000000000ee1bf      0x9e3 ./Drivers/STM32F4xx_HAL_Driver/Src/stm32f4xx_ll_rcc.o
                                      0xdfbaa (size before relaxing)
 .debug_str     0x00000000000eeba2      0x81c ./Drivers/STM32F4xx_HAL_Driver/Src/stm32f4xx_ll_usart.o
                                      0xe1541 (size before relaxing)

.comment        0x0000000000000000       0x50
 .comment       0x0000000000000000       0x50 ./Core/Src/adc.o
                                         0x51 (size before relaxing)
 .comment       0x0000000000000050       0x51 ./Core/Src/delay.o
 .comment       0x0000000000000050       0x51 ./Core/Src/gpio.o
 .comment       0x0000000000000050       0x51 ./Core/Src/main.o
 .comment       0x0000000000000050       0x51 ./Core/Src/result.o
 .comment       0x0000000000000050       0x51 ./Core/Src/stm32f4xx_hal_msp.o
 .comment       0x0000000000000050       0x51 ./Core/Src/stm32f4xx_it.o
 .comment       0x0000000000000050       0x51 ./Core/Src/switch.o
 .comment       0x0000000000000050       0x51 ./Core/Src/system_stm32f4xx.o
 .comment       0x0000000000000050       0x51 ./Core/Src/tim.o
 .comment       0x0000000000000050       0x51 ./Core/Src/usart.o
 .comment       0x0000000000000050       0x51 ./Drivers/STM32F4xx_HAL_Driver/Src/stm32f4xx_hal.o
 .comment       0x0000000000000050       0x51 ./Drivers/STM32F4xx_HAL_Driver/Src/stm32f4xx_hal_adc.o
 .comment       0x0000000000000050       0x51 ./Drivers/STM32F4xx_HAL_Driver/Src/stm32f4xx_hal_cortex.o
 .comment       0x0000000000000050       0x51 ./Drivers/STM32F4xx_HAL_Driver/Src/stm32f4xx_hal_gpio.o
 .comment       0x0000000000000050       0x51 ./Drivers/STM32F4xx_HAL_Driver/Src/stm32f4xx_hal_pwr_ex.o
 .comment       0x0000000000000050       0x51 ./Drivers/STM32F4xx_HAL_Driver/Src/stm32f4xx_hal_rcc.o
 .comment       0x0000000000000050       0x51 ./Drivers/STM32F4xx_HAL_Driver/Src/stm32f4xx_hal_rcc_ex.o
 .comment       0x0000000000000050       0x51 ./Drivers/STM32F4xx_HAL_Driver/Src/stm32f4xx_hal_tim.o
 .comment       0x0000000000000050       0x51 ./Drivers/STM32F4xx_HAL_Driver/Src/stm32f4xx_hal_tim_ex.o
 .comment       0x0000000000000050       0x51 ./Drivers/STM32F4xx_HAL_Driver/Src/stm32f4xx_hal_uart.o
 .comment       0x0000000000000050       0x51 ./Drivers/STM32F4xx_HAL_Driver/Src/stm32f4xx_ll_exti.o
 .comment       0x0000000000000050       0x51 ./Drivers/STM32F4xx_HAL_Driver/Src/stm32f4xx_ll_gpio.o
 .comment       0x0000000000000050       0x51 ./Drivers/STM32F4xx_HAL_Driver/Src/stm32f4xx_ll_rcc.o
 .comment       0x0000000000000050       0x51 ./Drivers/STM32F4xx_HAL_Driver/Src/stm32f4xx_ll_usart.o

.debug_frame    0x0000000000000000     0x4f2c
 .debug_frame   0x0000000000000000       0x7c ./Core/Src/adc.o
 .debug_frame   0x000000000000007c       0x78 ./Core/Src/delay.o
 .debug_frame   0x00000000000000f4      0x198 ./Core/Src/gpio.o
 .debug_frame   0x000000000000028c      0x190 ./Core/Src/main.o
 .debug_frame   0x000000000000041c      0x30c ./Core/Src/result.o
 .debug_frame   0x0000000000000728       0x38 ./Core/Src/stm32f4xx_hal_msp.o
 .debug_frame   0x0000000000000760      0x1a8 ./Core/Src/stm32f4xx_it.o
 .debug_frame   0x0000000000000908       0x7c ./Core/Src/switch.o
 .debug_frame   0x0000000000000984       0x58 ./Core/Src/system_stm32f4xx.o
 .debug_frame   0x00000000000009dc       0xa8 ./Core/Src/tim.o
 .debug_frame   0x0000000000000a84      0x220 ./Core/Src/usart.o
 .debug_frame   0x0000000000000ca4      0x374 ./Drivers/STM32F4xx_HAL_Driver/Src/stm32f4xx_hal.o
 .debug_frame   0x0000000000001018      0x3fc ./Drivers/STM32F4xx_HAL_Driver/Src/stm32f4xx_hal_adc.o
 .debug_frame   0x0000000000001414      0x498 ./Drivers/STM32F4xx_HAL_Driver/Src/stm32f4xx_hal_cortex.o
 .debug_frame   0x00000000000018ac      0x14c ./Drivers/STM32F4xx_HAL_Driver/Src/stm32f4xx_hal_gpio.o
 .debug_frame   0x00000000000019f8      0x14c ./Drivers/STM32F4xx_HAL_Driver/Src/stm32f4xx_hal_pwr_ex.o
 .debug_frame   0x0000000000001b44      0x1f4 ./Drivers/STM32F4xx_HAL_Driver/Src/stm32f4xx_hal_rcc.o
 .debug_frame   0x0000000000001d38      0x1e8 ./Drivers/STM32F4xx_HAL_Driver/Src/stm32f4xx_hal_rcc_ex.o
 .debug_frame   0x0000000000001f20     0x11c4 ./Drivers/STM32F4xx_HAL_Driver/Src/stm32f4xx_hal_tim.o
 .debug_frame   0x00000000000030e4      0x638 ./Drivers/STM32F4xx_HAL_Driver/Src/stm32f4xx_hal_tim_ex.o
 .debug_frame   0x000000000000371c      0x92c ./Drivers/STM32F4xx_HAL_Driver/Src/stm32f4xx_hal_uart.o
 .debug_frame   0x0000000000004048      0x1bc ./Drivers/STM32F4xx_HAL_Driver/Src/stm32f4xx_ll_exti.o
 .debug_frame   0x0000000000004204      0x1c0 ./Drivers/STM32F4xx_HAL_Driver/Src/stm32f4xx_ll_gpio.o
 .debug_frame   0x00000000000043c4      0x87c ./Drivers/STM32F4xx_HAL_Driver/Src/stm32f4xx_ll_rcc.o
 .debug_frame   0x0000000000004c40      0x240 ./Drivers/STM32F4xx_HAL_Driver/Src/stm32f4xx_ll_usart.o
 .debug_frame   0x0000000000004e80       0x2c c:/st/stm32cubeide_1.7.0/stm32cubeide/plugins/com.st.stm32cube.ide.mcu.externaltools.gnu-tools-for-stm32.10.3-2021.10.win32_1.0.0.202111181127/tools/bin/../lib/gcc/arm-none-eabi/10.3.1/../../../../arm-none-eabi/lib/thumb/v7e-m+fp/hard\libc_nano.a(lib_a-init.o)
 .debug_frame   0x0000000000004eac       0x20 c:/st/stm32cubeide_1.7.0/stm32cubeide/plugins/com.st.stm32cube.ide.mcu.externaltools.gnu-tools-for-stm32.10.3-2021.10.win32_1.0.0.202111181127/tools/bin/../lib/gcc/arm-none-eabi/10.3.1/../../../../arm-none-eabi/lib/thumb/v7e-m+fp/hard\libc_nano.a(lib_a-memset.o)
 .debug_frame   0x0000000000004ecc       0x2c c:/st/stm32cubeide_1.7.0/stm32cubeide/plugins/com.st.stm32cube.ide.mcu.externaltools.gnu-tools-for-stm32.10.3-2021.10.win32_1.0.0.202111181127/tools/bin/../lib/gcc/arm-none-eabi/10.3.1/thumb/v7e-m+fp/hard\libgcc.a(_aeabi_uldivmod.o)
 .debug_frame   0x0000000000004ef8       0x34 c:/st/stm32cubeide_1.7.0/stm32cubeide/plugins/com.st.stm32cube.ide.mcu.externaltools.gnu-tools-for-stm32.10.3-2021.10.win32_1.0.0.202111181127/tools/bin/../lib/gcc/arm-none-eabi/10.3.1/thumb/v7e-m+fp/hard\libgcc.a(_udivmoddi4.o)
