../Drivers/STM32F4xx_HAL_Driver/Inc/stm32f4xx_ll_gpio.h:881:22:LL_GPIO_SetOutputPin	16	static
../Drivers/STM32F4xx_HAL_Driver/Inc/stm32f4xx_ll_gpio.h:910:22:LL_GPIO_ResetOutputPin	16	static
../Core/Src/result.c:23:6:fail_sound	32	static
../Core/Src/result.c:38:6:pass_sound	32	static
../Core/Src/result.c:46:6:result	40	static
../Core/Src/result.c:342:6:FND_1	8	static
../Core/Src/result.c:349:6:FND_2	8	static
../Core/Src/result.c:356:6:FND_3	8	static
../Core/Src/result.c:363:6:FND_4	8	static
../Core/Src/result.c:371:6:FND_P	8	static
../Core/Src/result.c:382:6:FND_A	8	static
../Core/Src/result.c:393:6:FND_S	8	static
../Core/Src/result.c:404:6:FND_E	8	static
../Core/Src/result.c:415:6:FND_r	8	static
../Core/Src/result.c:426:6:FND_zero	8	static
../Core/Src/result.c:437:6:FND_one	8	static
../Core/Src/result.c:448:6:FND_two	8	static
../Core/Src/result.c:458:6:FND_three	8	static
../Core/Src/result.c:469:6:FND_four	8	static
../Core/Src/result.c:480:6:FND_five	8	static
../Core/Src/result.c:491:6:FND_six	8	static
../Core/Src/result.c:502:6:FND_seven	8	static
../Core/Src/result.c:513:6:FND_eight	8	static
../Core/Src/result.c:523:6:FND_nine	8	static
../Core/Src/result.c:534:6:turn_off	8	static
