../Drivers/STM32F4xx_HAL_Driver/Inc/stm32f4xx_ll_gpio.h:881:22:LL_GPIO_SetOutputPin	16	static
../Drivers/STM32F4xx_HAL_Driver/Inc/stm32f4xx_ll_gpio.h:910:22:LL_GPIO_ResetOutputPin	16	static
../Core/Src/result.c:18:6:fail_sound	32	static
../Core/Src/result.c:33:6:pass_sound	32	static
../Core/Src/result.c:41:6:result	40	static
../Core/Src/result.c:337:6:FND_1	8	static
../Core/Src/result.c:344:6:FND_2	8	static
../Core/Src/result.c:351:6:FND_3	8	static
../Core/Src/result.c:358:6:FND_4	8	static
../Core/Src/result.c:366:6:FND_P	8	static
../Core/Src/result.c:377:6:FND_A	8	static
../Core/Src/result.c:388:6:FND_S	8	static
../Core/Src/result.c:399:6:FND_E	8	static
../Core/Src/result.c:410:6:FND_r	8	static
../Core/Src/result.c:421:6:FND_zero	8	static
../Core/Src/result.c:432:6:FND_one	8	static
../Core/Src/result.c:443:6:FND_two	8	static
../Core/Src/result.c:453:6:FND_three	8	static
../Core/Src/result.c:464:6:FND_four	8	static
../Core/Src/result.c:475:6:FND_five	8	static
../Core/Src/result.c:486:6:FND_six	8	static
../Core/Src/result.c:497:6:FND_seven	8	static
../Core/Src/result.c:508:6:FND_eight	8	static
../Core/Src/result.c:518:6:FND_nine	8	static
../Core/Src/result.c:529:6:turn_off	8	static
