../Drivers/STM32F4xx_HAL_Driver/Inc/stm32f4xx_ll_exti.h:834:26:LL_EXTI_IsActiveFlag_0_31	16	static
../Drivers/STM32F4xx_HAL_Driver/Inc/stm32f4xx_ll_exti.h:910:22:LL_EXTI_ClearFlag_0_31	16	static
../Core/Src/stm32f4xx_it.c:72:6:NMI_Handler	4	static
../Core/Src/stm32f4xx_it.c:87:6:HardFault_Handler	4	static
../Core/Src/stm32f4xx_it.c:102:6:MemManage_Handler	4	static
../Core/Src/stm32f4xx_it.c:117:6:BusFault_Handler	4	static
../Core/Src/stm32f4xx_it.c:132:6:UsageFault_Handler	4	static
../Core/Src/stm32f4xx_it.c:147:6:SVC_Handler	4	static
../Core/Src/stm32f4xx_it.c:160:6:DebugMon_Handler	4	static
../Core/Src/stm32f4xx_it.c:173:6:PendSV_Handler	4	static
../Core/Src/stm32f4xx_it.c:186:6:SysTick_Handler	8	static
../Core/Src/stm32f4xx_it.c:207:6:EXTI0_IRQHandler	8	static
../Core/Src/stm32f4xx_it.c:227:6:EXTI15_10_IRQHandler	8	static
../Core/Src/stm32f4xx_it.c:274:6:UART5_IRQHandler	8	static
