../Drivers/STM32F4xx_HAL_Driver/Inc/stm32f4xx_ll_exti.h:834:26:LL_EXTI_IsActiveFlag_0_31	16	static
../Drivers/STM32F4xx_HAL_Driver/Inc/stm32f4xx_ll_exti.h:910:22:LL_EXTI_ClearFlag_0_31	16	static
../Core/Src/stm32f4xx_it.c:76:6:NMI_Handler	4	static
../Core/Src/stm32f4xx_it.c:91:6:HardFault_Handler	4	static
../Core/Src/stm32f4xx_it.c:106:6:MemManage_Handler	4	static
../Core/Src/stm32f4xx_it.c:121:6:BusFault_Handler	4	static
../Core/Src/stm32f4xx_it.c:136:6:UsageFault_Handler	4	static
../Core/Src/stm32f4xx_it.c:151:6:SVC_Handler	4	static
../Core/Src/stm32f4xx_it.c:164:6:DebugMon_Handler	4	static
../Core/Src/stm32f4xx_it.c:177:6:PendSV_Handler	4	static
../Core/Src/stm32f4xx_it.c:190:6:SysTick_Handler	8	static
../Core/Src/stm32f4xx_it.c:211:6:EXTI0_IRQHandler	8	static
../Core/Src/stm32f4xx_it.c:231:6:TIM2_IRQHandler	8	static
../Core/Src/stm32f4xx_it.c:245:6:EXTI15_10_IRQHandler	8	static
../Core/Src/stm32f4xx_it.c:284:6:UART5_IRQHandler	16	static
../Core/Src/stm32f4xx_it.c:306:6:USART6_IRQHandler	16	static
